Archive member included to satisfy reference by file (symbol)

c:/st/stm32cubeide_1.9.0/stm32cubeide/plugins/com.st.stm32cube.ide.mcu.externaltools.gnu-tools-for-stm32.10.3-2021.10.win32_1.0.0.202111181127/tools/bin/../lib/gcc/arm-none-eabi/10.3.1/../../../../arm-none-eabi/lib/thumb/v7e-m+fp/hard\libc_nano.a(lib_a-errno.o)
                              ./Core/Src/syscalls.o (__errno)
c:/st/stm32cubeide_1.9.0/stm32cubeide/plugins/com.st.stm32cube.ide.mcu.externaltools.gnu-tools-for-stm32.10.3-2021.10.win32_1.0.0.202111181127/tools/bin/../lib/gcc/arm-none-eabi/10.3.1/../../../../arm-none-eabi/lib/thumb/v7e-m+fp/hard\libc_nano.a(lib_a-exit.o)
                              c:/st/stm32cubeide_1.9.0/stm32cubeide/plugins/com.st.stm32cube.ide.mcu.externaltools.gnu-tools-for-stm32.10.3-2021.10.win32_1.0.0.202111181127/tools/bin/../lib/gcc/arm-none-eabi/10.3.1/../../../../arm-none-eabi/lib/thumb/v7e-m+fp/hard/crt0.o (exit)
c:/st/stm32cubeide_1.9.0/stm32cubeide/plugins/com.st.stm32cube.ide.mcu.externaltools.gnu-tools-for-stm32.10.3-2021.10.win32_1.0.0.202111181127/tools/bin/../lib/gcc/arm-none-eabi/10.3.1/../../../../arm-none-eabi/lib/thumb/v7e-m+fp/hard\libc_nano.a(lib_a-impure.o)
                              c:/st/stm32cubeide_1.9.0/stm32cubeide/plugins/com.st.stm32cube.ide.mcu.externaltools.gnu-tools-for-stm32.10.3-2021.10.win32_1.0.0.202111181127/tools/bin/../lib/gcc/arm-none-eabi/10.3.1/../../../../arm-none-eabi/lib/thumb/v7e-m+fp/hard\libc_nano.a(lib_a-exit.o) (_global_impure_ptr)
c:/st/stm32cubeide_1.9.0/stm32cubeide/plugins/com.st.stm32cube.ide.mcu.externaltools.gnu-tools-for-stm32.10.3-2021.10.win32_1.0.0.202111181127/tools/bin/../lib/gcc/arm-none-eabi/10.3.1/../../../../arm-none-eabi/lib/thumb/v7e-m+fp/hard\libc_nano.a(lib_a-init.o)
                              c:/st/stm32cubeide_1.9.0/stm32cubeide/plugins/com.st.stm32cube.ide.mcu.externaltools.gnu-tools-for-stm32.10.3-2021.10.win32_1.0.0.202111181127/tools/bin/../lib/gcc/arm-none-eabi/10.3.1/../../../../arm-none-eabi/lib/thumb/v7e-m+fp/hard/crt0.o (__libc_init_array)
c:/st/stm32cubeide_1.9.0/stm32cubeide/plugins/com.st.stm32cube.ide.mcu.externaltools.gnu-tools-for-stm32.10.3-2021.10.win32_1.0.0.202111181127/tools/bin/../lib/gcc/arm-none-eabi/10.3.1/../../../../arm-none-eabi/lib/thumb/v7e-m+fp/hard\libc_nano.a(lib_a-memset.o)
                              c:/st/stm32cubeide_1.9.0/stm32cubeide/plugins/com.st.stm32cube.ide.mcu.externaltools.gnu-tools-for-stm32.10.3-2021.10.win32_1.0.0.202111181127/tools/bin/../lib/gcc/arm-none-eabi/10.3.1/../../../../arm-none-eabi/lib/thumb/v7e-m+fp/hard/crt0.o (memset)
c:/st/stm32cubeide_1.9.0/stm32cubeide/plugins/com.st.stm32cube.ide.mcu.externaltools.gnu-tools-for-stm32.10.3-2021.10.win32_1.0.0.202111181127/tools/bin/../lib/gcc/arm-none-eabi/10.3.1/thumb/v7e-m+fp/hard\libgcc.a(_aeabi_uldivmod.o)
                              ./Drivers/STM32F4xx_HAL_Driver/Src/stm32f4xx_hal_rcc.o (__aeabi_uldivmod)
c:/st/stm32cubeide_1.9.0/stm32cubeide/plugins/com.st.stm32cube.ide.mcu.externaltools.gnu-tools-for-stm32.10.3-2021.10.win32_1.0.0.202111181127/tools/bin/../lib/gcc/arm-none-eabi/10.3.1/thumb/v7e-m+fp/hard\libgcc.a(_udivmoddi4.o)
                              c:/st/stm32cubeide_1.9.0/stm32cubeide/plugins/com.st.stm32cube.ide.mcu.externaltools.gnu-tools-for-stm32.10.3-2021.10.win32_1.0.0.202111181127/tools/bin/../lib/gcc/arm-none-eabi/10.3.1/thumb/v7e-m+fp/hard\libgcc.a(_aeabi_uldivmod.o) (__udivmoddi4)
c:/st/stm32cubeide_1.9.0/stm32cubeide/plugins/com.st.stm32cube.ide.mcu.externaltools.gnu-tools-for-stm32.10.3-2021.10.win32_1.0.0.202111181127/tools/bin/../lib/gcc/arm-none-eabi/10.3.1/thumb/v7e-m+fp/hard\libgcc.a(_dvmd_tls.o)
                              c:/st/stm32cubeide_1.9.0/stm32cubeide/plugins/com.st.stm32cube.ide.mcu.externaltools.gnu-tools-for-stm32.10.3-2021.10.win32_1.0.0.202111181127/tools/bin/../lib/gcc/arm-none-eabi/10.3.1/thumb/v7e-m+fp/hard\libgcc.a(_aeabi_uldivmod.o) (__aeabi_ldiv0)

Discarded input sections

 .text          0x0000000000000000        0x0 c:/st/stm32cubeide_1.9.0/stm32cubeide/plugins/com.st.stm32cube.ide.mcu.externaltools.gnu-tools-for-stm32.10.3-2021.10.win32_1.0.0.202111181127/tools/bin/../lib/gcc/arm-none-eabi/10.3.1/thumb/v7e-m+fp/hard/crti.o
 .data          0x0000000000000000        0x0 c:/st/stm32cubeide_1.9.0/stm32cubeide/plugins/com.st.stm32cube.ide.mcu.externaltools.gnu-tools-for-stm32.10.3-2021.10.win32_1.0.0.202111181127/tools/bin/../lib/gcc/arm-none-eabi/10.3.1/thumb/v7e-m+fp/hard/crti.o
 .bss           0x0000000000000000        0x0 c:/st/stm32cubeide_1.9.0/stm32cubeide/plugins/com.st.stm32cube.ide.mcu.externaltools.gnu-tools-for-stm32.10.3-2021.10.win32_1.0.0.202111181127/tools/bin/../lib/gcc/arm-none-eabi/10.3.1/thumb/v7e-m+fp/hard/crti.o
[...]
Memory Configuration

Name             Origin             Length             Attributes
RAM              0x0000000020000000 0x0000000000010000 xrw
FLASH            0x0000000008000000 0x0000000000040000 xr
*default*        0x0000000000000000 0xffffffffffffffff

Linker script and memory map

LOAD c:/st/stm32cubeide_1.9.0/stm32cubeide/plugins/com.st.stm32cube.ide.mcu.externaltools.gnu-tools-for-stm32.10.3-2021.10.win32_1.0.0.202111181127/tools/bin/../lib/gcc/arm-none-eabi/10.3.1/thumb/v7e-m+fp/hard/crti.o
LOAD c:/st/stm32cubeide_1.9.0/stm32cubeide/plugins/com.st.stm32cube.ide.mcu.externaltools.gnu-tools-for-stm32.10.3-2021.10.win32_1.0.0.202111181127/tools/bin/../lib/gcc/arm-none-eabi/10.3.1/thumb/v7e-m+fp/hard/crtbegin.o
LOAD c:/st/stm32cubeide_1.9.0/stm32cubeide/plugins/com.st.stm32cube.ide.mcu.externaltools.gnu-tools-for-stm32.10.3-2021.10.win32_1.0.0.202111181127/tools/bin/../lib/gcc/arm-none-eabi/10.3.1/../../../../arm-none-eabi/lib/thumb/v7e-m+fp/hard/crt0.o
LOAD ./Core/Src/keyb_util.o
LOAD ./Core/Src/keymap.o
LOAD ./Core/Src/main.o
LOAD ./Core/Src/stm32f4xx_hal_msp.o
LOAD ./Core/Src/stm32f4xx_it.o
LOAD ./Core/Src/syscalls.o
LOAD ./Core/Src/sysmem.o
LOAD ./Core/Src/system_stm32f4xx.o
LOAD ./Core/Startup/startup_stm32f401ccux.o
LOAD ./Drivers/STM32F4xx_HAL_Driver/Src/stm32f4xx_hal.o
LOAD ./Drivers/STM32F4xx_HAL_Driver/Src/stm32f4xx_hal_adc.o
LOAD ./Drivers/STM32F4xx_HAL_Driver/Src/stm32f4xx_hal_adc_ex.o
LOAD ./Drivers/STM32F4xx_HAL_Driver/Src/stm32f4xx_hal_cortex.o
LOAD ./Drivers/STM32F4xx_HAL_Driver/Src/stm32f4xx_hal_dma.o
LOAD ./Drivers/STM32F4xx_HAL_Driver/Src/stm32f4xx_hal_dma_ex.o
LOAD ./Drivers/STM32F4xx_HAL_Driver/Src/stm32f4xx_hal_exti.o
LOAD ./Drivers/STM32F4xx_HAL_Driver/Src/stm32f4xx_hal_flash.o
LOAD ./Drivers/STM32F4xx_HAL_Driver/Src/stm32f4xx_hal_flash_ex.o
LOAD ./Drivers/STM32F4xx_HAL_Driver/Src/stm32f4xx_hal_flash_ramfunc.o
LOAD ./Drivers/STM32F4xx_HAL_Driver/Src/stm32f4xx_hal_gpio.o
LOAD ./Drivers/STM32F4xx_HAL_Driver/Src/stm32f4xx_hal_pcd.o
LOAD ./Drivers/STM32F4xx_HAL_Driver/Src/stm32f4xx_hal_pcd_ex.o
LOAD ./Drivers/STM32F4xx_HAL_Driver/Src/stm32f4xx_hal_pwr.o
LOAD ./Drivers/STM32F4xx_HAL_Driver/Src/stm32f4xx_hal_pwr_ex.o
LOAD ./Drivers/STM32F4xx_HAL_Driver/Src/stm32f4xx_hal_rcc.o
LOAD ./Drivers/STM32F4xx_HAL_Driver/Src/stm32f4xx_hal_rcc_ex.o
LOAD ./Drivers/STM32F4xx_HAL_Driver/Src/stm32f4xx_hal_tim.o
LOAD ./Drivers/STM32F4xx_HAL_Driver/Src/stm32f4xx_hal_tim_ex.o
LOAD ./Drivers/STM32F4xx_HAL_Driver/Src/stm32f4xx_ll_adc.o
LOAD ./Drivers/STM32F4xx_HAL_Driver/Src/stm32f4xx_ll_usb.o
LOAD ./Middlewares/ST/STM32_USB_Device_Library/Class/HID/Src/usbd_hid.o
LOAD ./Middlewares/ST/STM32_USB_Device_Library/Core/Src/usbd_core.o
LOAD ./Middlewares/ST/STM32_USB_Device_Library/Core/Src/usbd_ctlreq.o
LOAD ./Middlewares/ST/STM32_USB_Device_Library/Core/Src/usbd_ioreq.o
LOAD ./USB_DEVICE/App/usb_device.o
LOAD ./USB_DEVICE/App/usbd_desc.o
LOAD ./USB_DEVICE/Target/usbd_conf.o
START GROUP
LOAD c:/st/stm32cubeide_1.9.0/stm32cubeide/plugins/com.st.stm32cube.ide.mcu.externaltools.gnu-tools-for-stm32.10.3-2021.10.win32_1.0.0.202111181127/tools/bin/../lib/gcc/arm-none-eabi/10.3.1/../../../../arm-none-eabi/lib/thumb/v7e-m+fp/hard\libc_nano.a
LOAD c:/st/stm32cubeide_1.9.0/stm32cubeide/plugins/com.st.stm32cube.ide.mcu.externaltools.gnu-tools-for-stm32.10.3-2021.10.win32_1.0.0.202111181127/tools/bin/../lib/gcc/arm-none-eabi/10.3.1/../../../../arm-none-eabi/lib/thumb/v7e-m+fp/hard\libm.a
END GROUP
START GROUP
LOAD c:/st/stm32cubeide_1.9.0/stm32cubeide/plugins/com.st.stm32cube.ide.mcu.externaltools.gnu-tools-for-stm32.10.3-2021.10.win32_1.0.0.202111181127/tools/bin/../lib/gcc/arm-none-eabi/10.3.1/thumb/v7e-m+fp/hard\libgcc.a
LOAD c:/st/stm32cubeide_1.9.0/stm32cubeide/plugins/com.st.stm32cube.ide.mcu.externaltools.gnu-tools-for-stm32.10.3-2021.10.win32_1.0.0.202111181127/tools/bin/../lib/gcc/arm-none-eabi/10.3.1/../../../../arm-none-eabi/lib/thumb/v7e-m+fp/hard\libc_nano.a
END GROUP
START GROUP
LOAD c:/st/stm32cubeide_1.9.0/stm32cubeide/plugins/com.st.stm32cube.ide.mcu.externaltools.gnu-tools-for-stm32.10.3-2021.10.win32_1.0.0.202111181127/tools/bin/../lib/gcc/arm-none-eabi/10.3.1/thumb/v7e-m+fp/hard\libgcc.a
LOAD c:/st/stm32cubeide_1.9.0/stm32cubeide/plugins/com.st.stm32cube.ide.mcu.externaltools.gnu-tools-for-stm32.10.3-2021.10.win32_1.0.0.202111181127/tools/bin/../lib/gcc/arm-none-eabi/10.3.1/../../../../arm-none-eabi/lib/thumb/v7e-m+fp/hard\libc_nano.a
LOAD c:/st/stm32cubeide_1.9.0/stm32cubeide/plugins/com.st.stm32cube.ide.mcu.externaltools.gnu-tools-for-stm32.10.3-2021.10.win32_1.0.0.202111181127/tools/bin/../lib/gcc/arm-none-eabi/10.3.1/../../../../arm-none-eabi/lib/thumb/v7e-m+fp/hard\libnosys.a
END GROUP
START GROUP
LOAD c:/st/stm32cubeide_1.9.0/stm32cubeide/plugins/com.st.stm32cube.ide.mcu.externaltools.gnu-tools-for-stm32.10.3-2021.10.win32_1.0.0.202111181127/tools/bin/../lib/gcc/arm-none-eabi/10.3.1/thumb/v7e-m+fp/hard\libgcc.a
LOAD c:/st/stm32cubeide_1.9.0/stm32cubeide/plugins/com.st.stm32cube.ide.mcu.externaltools.gnu-tools-for-stm32.10.3-2021.10.win32_1.0.0.202111181127/tools/bin/../lib/gcc/arm-none-eabi/10.3.1/../../../../arm-none-eabi/lib/thumb/v7e-m+fp/hard\libc_nano.a
LOAD c:/st/stm32cubeide_1.9.0/stm32cubeide/plugins/com.st.stm32cube.ide.mcu.externaltools.gnu-tools-for-stm32.10.3-2021.10.win32_1.0.0.202111181127/tools/bin/../lib/gcc/arm-none-eabi/10.3.1/../../../../arm-none-eabi/lib/thumb/v7e-m+fp/hard\libnosys.a
END GROUP
LOAD c:/st/stm32cubeide_1.9.0/stm32cubeide/plugins/com.st.stm32cube.ide.mcu.externaltools.gnu-tools-for-stm32.10.3-2021.10.win32_1.0.0.202111181127/tools/bin/../lib/gcc/arm-none-eabi/10.3.1/thumb/v7e-m+fp/hard/crtend.o
LOAD c:/st/stm32cubeide_1.9.0/stm32cubeide/plugins/com.st.stm32cube.ide.mcu.externaltools.gnu-tools-for-stm32.10.3-2021.10.win32_1.0.0.202111181127/tools/bin/../lib/gcc/arm-none-eabi/10.3.1/thumb/v7e-m+fp/hard/crtn.o
                0x0000000020010000                _estack = (ORIGIN (RAM) + LENGTH (RAM))
                0x0000000000000200                _Min_Heap_Size = 0x200
                0x0000000000000400                _Min_Stack_Size = 0x400

.isr_vector     0x0000000008000000      0x194
                0x0000000008000000                . = ALIGN (0x4)
 *(.isr_vector)
 .isr_vector    0x0000000008000000      0x194 ./Core/Startup/startup_stm32f401ccux.o
                0x0000000008000000                g_pfnVectors
                0x0000000008000194                . = ALIGN (0x4)

.text           0x0000000008000194     0x7f3c
                0x0000000008000194                . = ALIGN (0x4)
 *(.text)
 .text          0x0000000008000194       0x40 c:/st/stm32cubeide_1.9.0/stm32cubeide/plugins/com.st.stm32cube.ide.mcu.externaltools.gnu-tools-for-stm32.10.3-2021.10.win32_1.0.0.202111181127/tools/bin/../lib/gcc/arm-none-eabi/10.3.1/thumb/v7e-m+fp/hard/crtbegin.o
 .text          0x00000000080001d4       0x30 c:/st/stm32cubeide_1.9.0/stm32cubeide/plugins/com.st.stm32cube.ide.mcu.externaltools.gnu-tools-for-stm32.10.3-2021.10.win32_1.0.0.202111181127/tools/bin/../lib/gcc/arm-none-eabi/10.3.1/thumb/v7e-m+fp/hard\libgcc.a(_aeabi_uldivmod.o)
                0x00000000080001d4                __aeabi_uldivmod
 .text          0x0000000008000204      0x2d0 c:/st/stm32cubeide_1.9.0/stm32cubeide/plugins/com.st.stm32cube.ide.mcu.externaltools.gnu-tools-for-stm32.10.3-2021.10.win32_1.0.0.202111181127/tools/bin/../lib/gcc/arm-none-eabi/10.3.1/thumb/v7e-m+fp/hard\libgcc.a(_udivmoddi4.o)
                0x0000000008000204                __udivmoddi4
 .text          0x00000000080004d4        0x4 c:/st/stm32cubeide_1.9.0/stm32cubeide/plugins/com.st.stm32cube.ide.mcu.externaltools.gnu-tools-for-stm32.10.3-2021.10.win32_1.0.0.202111181127/tools/bin/../lib/gcc/arm-none-eabi/10.3.1/thumb/v7e-m+fp/hard\libgcc.a(_dvmd_tls.o)
                0x00000000080004d4                __aeabi_idiv0
                0x00000000080004d4                __aeabi_ldiv0
 *(.text*)
 .text.checkKeyPins
                0x00000000080004d8       0x9c ./Core/Src/keyb_util.o
                0x00000000080004d8                checkKeyPins
 .text.setModByte
                0x0000000008000574       0x26 ./Core/Src/keyb_util.o
                0x0000000008000574                setModByte
 .text.setKeyBytes
                0x000000000800059a       0x80 ./Core/Src/keyb_util.o
                0x000000000800059a                setKeyBytes
 .text.setReport
                0x000000000800061a       0x38 ./Core/Src/keyb_util.o
                0x000000000800061a                setReport
 .text.setImpReport
                0x0000000008000652       0x2e ./Core/Src/keyb_util.o
                0x0000000008000652                setImpReport
 .text.setHeld  0x0000000008000680       0x24 ./Core/Src/keyb_util.o
                0x0000000008000680                setHeld
 .text.setHeldReport
                0x00000000080006a4       0x34 ./Core/Src/keyb_util.o
                0x00000000080006a4                setHeldReport
 .text.scanKeys
                0x00000000080006d8       0x8e ./Core/Src/keyb_util.o
                0x00000000080006d8                scanKeys
 .text.clearReport
                0x0000000008000766       0x3e ./Core/Src/keyb_util.o
                0x0000000008000766                clearReport
 .text.categorizeJoy
                0x00000000080007a4       0xae ./Core/Src/main.o
                0x00000000080007a4                categorizeJoy
 *fill*         0x0000000008000852        0x2 
 .text.bitmaskToLayer
                0x0000000008000854      0x2b0 ./Core/Src/main.o
                0x0000000008000854                bitmaskToLayer
 .text.layerNumToRef
                0x0000000008000b04       0x20 ./Core/Src/main.o
                0x0000000008000b04                layerNumToRef
 .text.setByteID
                0x0000000008000b24      0x118 ./Core/Src/main.o
                0x0000000008000b24                setByteID
 .text.main     0x0000000008000c3c      0x158 ./Core/Src/main.o
                0x0000000008000c3c                main
 .text.SystemClock_Config
                0x0000000008000d94       0xd4 ./Core/Src/main.o
                0x0000000008000d94                SystemClock_Config
 .text.MX_ADC1_Init
                0x0000000008000e68       0xf8 ./Core/Src/main.o
 .text.MX_DMA_Init
                0x0000000008000f60       0x40 ./Core/Src/main.o
 .text.MX_GPIO_Init
                0x0000000008000fa0       0xb0 ./Core/Src/main.o
 .text.Error_Handler
                0x0000000008001050        0xa ./Core/Src/main.o
                0x0000000008001050                Error_Handler
 *fill*         0x000000000800105a        0x2 
 .text.HAL_MspInit
                0x000000000800105c       0x50 ./Core/Src/stm32f4xx_hal_msp.o
                0x000000000800105c                HAL_MspInit
 .text.HAL_ADC_MspInit
                0x00000000080010ac       0xf0 ./Core/Src/stm32f4xx_hal_msp.o
                0x00000000080010ac                HAL_ADC_MspInit
 .text.NMI_Handler
                0x000000000800119c        0x6 ./Core/Src/stm32f4xx_it.o
                0x000000000800119c                NMI_Handler
 .text.HardFault_Handler
                0x00000000080011a2        0x6 ./Core/Src/stm32f4xx_it.o
                0x00000000080011a2                HardFault_Handler
 .text.MemManage_Handler
                0x00000000080011a8        0x6 ./Core/Src/stm32f4xx_it.o
                0x00000000080011a8                MemManage_Handler
 .text.BusFault_Handler
                0x00000000080011ae        0x6 ./Core/Src/stm32f4xx_it.o
                0x00000000080011ae                BusFault_Handler
 .text.UsageFault_Handler
                0x00000000080011b4        0x6 ./Core/Src/stm32f4xx_it.o
                0x00000000080011b4                UsageFault_Handler
 .text.SVC_Handler
                0x00000000080011ba        0xe ./Core/Src/stm32f4xx_it.o
                0x00000000080011ba                SVC_Handler
 .text.DebugMon_Handler
                0x00000000080011c8        0xe ./Core/Src/stm32f4xx_it.o
                0x00000000080011c8                DebugMon_Handler
 .text.PendSV_Handler
                0x00000000080011d6        0xe ./Core/Src/stm32f4xx_it.o
                0x00000000080011d6                PendSV_Handler
 .text.SysTick_Handler
                0x00000000080011e4        0xc ./Core/Src/stm32f4xx_it.o
                0x00000000080011e4                SysTick_Handler
 .text.DMA2_Stream0_IRQHandler
                0x00000000080011f0       0x14 ./Core/Src/stm32f4xx_it.o
                0x00000000080011f0                DMA2_Stream0_IRQHandler
 .text.OTG_FS_IRQHandler
                0x0000000008001204       0x14 ./Core/Src/stm32f4xx_it.o
                0x0000000008001204                OTG_FS_IRQHandler
 .text.SystemInit
                0x0000000008001218       0x24 ./Core/Src/system_stm32f4xx.o
                0x0000000008001218                SystemInit
 .text.Reset_Handler
                0x000000000800123c       0x50 ./Core/Startup/startup_stm32f401ccux.o
                0x000000000800123c                Reset_Handler
 .text.Default_Handler
                0x000000000800128c        0x2 ./Core/Startup/startup_stm32f401ccux.o
                0x000000000800128c                RTC_Alarm_IRQHandler
                0x000000000800128c                EXTI2_IRQHandler
                0x000000000800128c                SPI4_IRQHandler
                0x000000000800128c                TIM1_CC_IRQHandler
                0x000000000800128c                DMA2_Stream5_IRQHandler
                0x000000000800128c                DMA1_Stream5_IRQHandler
                0x000000000800128c                PVD_IRQHandler
                0x000000000800128c                SDIO_IRQHandler
                0x000000000800128c                TAMP_STAMP_IRQHandler
                0x000000000800128c                EXTI3_IRQHandler
                0x000000000800128c                TIM1_UP_TIM10_IRQHandler
                0x000000000800128c                I2C3_ER_IRQHandler
                0x000000000800128c                EXTI0_IRQHandler
                0x000000000800128c                I2C2_EV_IRQHandler
                0x000000000800128c                DMA1_Stream2_IRQHandler
                0x000000000800128c                FPU_IRQHandler
                0x000000000800128c                DMA2_Stream2_IRQHandler
                0x000000000800128c                SPI1_IRQHandler
                0x000000000800128c                TIM1_BRK_TIM9_IRQHandler
                0x000000000800128c                DMA2_Stream3_IRQHandler
                0x000000000800128c                USART6_IRQHandler
                0x000000000800128c                TIM4_IRQHandler
                0x000000000800128c                I2C1_EV_IRQHandler
                0x000000000800128c                DMA1_Stream6_IRQHandler
                0x000000000800128c                DMA1_Stream1_IRQHandler
                0x000000000800128c                TIM3_IRQHandler
                0x000000000800128c                RCC_IRQHandler
                0x000000000800128c                Default_Handler
                0x000000000800128c                EXTI15_10_IRQHandler
                0x000000000800128c                ADC_IRQHandler
                0x000000000800128c                DMA1_Stream7_IRQHandler
                0x000000000800128c                TIM5_IRQHandler
                0x000000000800128c                DMA2_Stream7_IRQHandler
                0x000000000800128c                I2C3_EV_IRQHandler
                0x000000000800128c                EXTI9_5_IRQHandler
                0x000000000800128c                RTC_WKUP_IRQHandler
                0x000000000800128c                SPI2_IRQHandler
                0x000000000800128c                DMA1_Stream0_IRQHandler
                0x000000000800128c                EXTI4_IRQHandler
                0x000000000800128c                WWDG_IRQHandler
                0x000000000800128c                TIM2_IRQHandler
                0x000000000800128c                OTG_FS_WKUP_IRQHandler
                0x000000000800128c                TIM1_TRG_COM_TIM11_IRQHandler
                0x000000000800128c                EXTI1_IRQHandler
                0x000000000800128c                USART2_IRQHandler
                0x000000000800128c                I2C2_ER_IRQHandler
                0x000000000800128c                DMA2_Stream1_IRQHandler
                0x000000000800128c                FLASH_IRQHandler
                0x000000000800128c                DMA2_Stream4_IRQHandler
                0x000000000800128c                USART1_IRQHandler
                0x000000000800128c                SPI3_IRQHandler
                0x000000000800128c                DMA1_Stream4_IRQHandler
                0x000000000800128c                I2C1_ER_IRQHandler
                0x000000000800128c                DMA2_Stream6_IRQHandler
                0x000000000800128c                DMA1_Stream3_IRQHandler
 *fill*         0x000000000800128e        0x2 
 .text.HAL_Init
                0x0000000008001290       0x44 ./Drivers/STM32F4xx_HAL_Driver/Src/stm32f4xx_hal.o
                0x0000000008001290                HAL_Init
 .text.HAL_InitTick
                0x00000000080012d4       0x60 ./Drivers/STM32F4xx_HAL_Driver/Src/stm32f4xx_hal.o
                0x00000000080012d4                HAL_InitTick
 .text.HAL_IncTick
                0x0000000008001334       0x28 ./Drivers/STM32F4xx_HAL_Driver/Src/stm32f4xx_hal.o
                0x0000000008001334                HAL_IncTick
 .text.HAL_GetTick
                0x000000000800135c       0x18 ./Drivers/STM32F4xx_HAL_Driver/Src/stm32f4xx_hal.o
                0x000000000800135c                HAL_GetTick
 .text.HAL_Delay
                0x0000000008001374       0x48 ./Drivers/STM32F4xx_HAL_Driver/Src/stm32f4xx_hal.o
                0x0000000008001374                HAL_Delay
 .text.HAL_ADC_Init
                0x00000000080013bc       0x86 ./Drivers/STM32F4xx_HAL_Driver/Src/stm32f4xx_hal_adc.o
                0x00000000080013bc                HAL_ADC_Init
 *fill*         0x0000000008001442        0x2 
 .text.HAL_ADC_Start_DMA
                0x0000000008001444      0x1e0 ./Drivers/STM32F4xx_HAL_Driver/Src/stm32f4xx_hal_adc.o
                0x0000000008001444                HAL_ADC_Start_DMA
 .text.HAL_ADC_ConvCpltCallback
                0x0000000008001624       0x14 ./Drivers/STM32F4xx_HAL_Driver/Src/stm32f4xx_hal_adc.o
                0x0000000008001624                HAL_ADC_ConvCpltCallback
 .text.HAL_ADC_ConvHalfCpltCallback
                0x0000000008001638       0x14 ./Drivers/STM32F4xx_HAL_Driver/Src/stm32f4xx_hal_adc.o
                0x0000000008001638                HAL_ADC_ConvHalfCpltCallback
 .text.HAL_ADC_ErrorCallback
                0x000000000800164c       0x14 ./Drivers/STM32F4xx_HAL_Driver/Src/stm32f4xx_hal_adc.o
                0x000000000800164c                HAL_ADC_ErrorCallback
 .text.HAL_ADC_ConfigChannel
                0x0000000008001660      0x244 ./Drivers/STM32F4xx_HAL_Driver/Src/stm32f4xx_hal_adc.o
                0x0000000008001660                HAL_ADC_ConfigChannel
 .text.ADC_Init
                0x00000000080018a4      0x1f8 ./Drivers/STM32F4xx_HAL_Driver/Src/stm32f4xx_hal_adc.o
 .text.ADC_DMAConvCplt
                0x0000000008001a9c       0xba ./Drivers/STM32F4xx_HAL_Driver/Src/stm32f4xx_hal_adc.o
 .text.ADC_DMAHalfConvCplt
                0x0000000008001b56       0x1c ./Drivers/STM32F4xx_HAL_Driver/Src/stm32f4xx_hal_adc.o
 .text.ADC_DMAError
                0x0000000008001b72       0x2e ./Drivers/STM32F4xx_HAL_Driver/Src/stm32f4xx_hal_adc.o
 .text.__NVIC_SetPriorityGrouping
                0x0000000008001ba0       0x48 ./Drivers/STM32F4xx_HAL_Driver/Src/stm32f4xx_hal_cortex.o
 .text.__NVIC_GetPriorityGrouping
                0x0000000008001be8       0x1c ./Drivers/STM32F4xx_HAL_Driver/Src/stm32f4xx_hal_cortex.o
 .text.__NVIC_EnableIRQ
                0x0000000008001c04       0x3c ./Drivers/STM32F4xx_HAL_Driver/Src/stm32f4xx_hal_cortex.o
 .text.__NVIC_SetPriority
                0x0000000008001c40       0x54 ./Drivers/STM32F4xx_HAL_Driver/Src/stm32f4xx_hal_cortex.o
 .text.NVIC_EncodePriority
                0x0000000008001c94       0x66 ./Drivers/STM32F4xx_HAL_Driver/Src/stm32f4xx_hal_cortex.o
 *fill*         0x0000000008001cfa        0x2 
 .text.SysTick_Config
                0x0000000008001cfc       0x44 ./Drivers/STM32F4xx_HAL_Driver/Src/stm32f4xx_hal_cortex.o
 .text.HAL_NVIC_SetPriorityGrouping
                0x0000000008001d40       0x16 ./Drivers/STM32F4xx_HAL_Driver/Src/stm32f4xx_hal_cortex.o
                0x0000000008001d40                HAL_NVIC_SetPriorityGrouping
 .text.HAL_NVIC_SetPriority
                0x0000000008001d56       0x38 ./Drivers/STM32F4xx_HAL_Driver/Src/stm32f4xx_hal_cortex.o
                0x0000000008001d56                HAL_NVIC_SetPriority
 .text.HAL_NVIC_EnableIRQ
                0x0000000008001d8e       0x1c ./Drivers/STM32F4xx_HAL_Driver/Src/stm32f4xx_hal_cortex.o
                0x0000000008001d8e                HAL_NVIC_EnableIRQ
 .text.HAL_SYSTICK_Config
                0x0000000008001daa       0x18 ./Drivers/STM32F4xx_HAL_Driver/Src/stm32f4xx_hal_cortex.o
                0x0000000008001daa                HAL_SYSTICK_Config
 *fill*         0x0000000008001dc2        0x2 
 .text.HAL_DMA_Init
                0x0000000008001dc4      0x15c ./Drivers/STM32F4xx_HAL_Driver/Src/stm32f4xx_hal_dma.o
                0x0000000008001dc4                HAL_DMA_Init
 .text.HAL_DMA_Start_IT
                0x0000000008001f20       0xb0 ./Drivers/STM32F4xx_HAL_Driver/Src/stm32f4xx_hal_dma.o
                0x0000000008001f20                HAL_DMA_Start_IT
 .text.HAL_DMA_IRQHandler
                0x0000000008001fd0      0x314 ./Drivers/STM32F4xx_HAL_Driver/Src/stm32f4xx_hal_dma.o
                0x0000000008001fd0                HAL_DMA_IRQHandler
 .text.DMA_SetConfig
                0x00000000080022e4       0x5c ./Drivers/STM32F4xx_HAL_Driver/Src/stm32f4xx_hal_dma.o
 .text.DMA_CalcBaseAndBitshift
                0x0000000008002340       0x6c ./Drivers/STM32F4xx_HAL_Driver/Src/stm32f4xx_hal_dma.o
 .text.DMA_CheckFifoParam
                0x00000000080023ac       0xf8 ./Drivers/STM32F4xx_HAL_Driver/Src/stm32f4xx_hal_dma.o
 .text.HAL_GPIO_Init
                0x00000000080024a4      0x308 ./Drivers/STM32F4xx_HAL_Driver/Src/stm32f4xx_hal_gpio.o
                0x00000000080024a4                HAL_GPIO_Init
 .text.HAL_GPIO_ReadPin
                0x00000000080027ac       0x30 ./Drivers/STM32F4xx_HAL_Driver/Src/stm32f4xx_hal_gpio.o
                0x00000000080027ac                HAL_GPIO_ReadPin
 .text.HAL_PCD_Init
                0x00000000080027dc      0x23a ./Drivers/STM32F4xx_HAL_Driver/Src/stm32f4xx_hal_pcd.o
                0x00000000080027dc                HAL_PCD_Init
 .text.HAL_PCD_Start
                0x0000000008002a16       0x66 ./Drivers/STM32F4xx_HAL_Driver/Src/stm32f4xx_hal_pcd.o
                0x0000000008002a16                HAL_PCD_Start
 .text.HAL_PCD_IRQHandler
                0x0000000008002a7c      0x93e ./Drivers/STM32F4xx_HAL_Driver/Src/stm32f4xx_hal_pcd.o
                0x0000000008002a7c                HAL_PCD_IRQHandler
 .text.HAL_PCD_SetAddress
                0x00000000080033ba       0x4a ./Drivers/STM32F4xx_HAL_Driver/Src/stm32f4xx_hal_pcd.o
                0x00000000080033ba                HAL_PCD_SetAddress
 .text.HAL_PCD_EP_Open
                0x0000000008003404       0xd0 ./Drivers/STM32F4xx_HAL_Driver/Src/stm32f4xx_hal_pcd.o
                0x0000000008003404                HAL_PCD_EP_Open
 .text.HAL_PCD_EP_Close
                0x00000000080034d4       0x94 ./Drivers/STM32F4xx_HAL_Driver/Src/stm32f4xx_hal_pcd.o
                0x00000000080034d4                HAL_PCD_EP_Close
 .text.HAL_PCD_EP_Receive
                0x0000000008003568       0x96 ./Drivers/STM32F4xx_HAL_Driver/Src/stm32f4xx_hal_pcd.o
                0x0000000008003568                HAL_PCD_EP_Receive
 .text.HAL_PCD_EP_Transmit
                0x00000000080035fe       0x94 ./Drivers/STM32F4xx_HAL_Driver/Src/stm32f4xx_hal_pcd.o
                0x00000000080035fe                HAL_PCD_EP_Transmit
 .text.HAL_PCD_EP_SetStall
                0x0000000008003692       0xc8 ./Drivers/STM32F4xx_HAL_Driver/Src/stm32f4xx_hal_pcd.o
                0x0000000008003692                HAL_PCD_EP_SetStall
 .text.HAL_PCD_EP_ClrStall
                0x000000000800375a       0xac ./Drivers/STM32F4xx_HAL_Driver/Src/stm32f4xx_hal_pcd.o
                0x000000000800375a                HAL_PCD_EP_ClrStall
 .text.HAL_PCD_EP_Abort
                0x0000000008003806       0x62 ./Drivers/STM32F4xx_HAL_Driver/Src/stm32f4xx_hal_pcd.o
                0x0000000008003806                HAL_PCD_EP_Abort
 .text.PCD_WriteEmptyTxFifo
                0x0000000008003868      0x11a ./Drivers/STM32F4xx_HAL_Driver/Src/stm32f4xx_hal_pcd.o
 *fill*         0x0000000008003982        0x2 
 .text.PCD_EP_OutXfrComplete_int
                0x0000000008003984      0x1d0 ./Drivers/STM32F4xx_HAL_Driver/Src/stm32f4xx_hal_pcd.o
 .text.PCD_EP_OutSetupPacket_int
                0x0000000008003b54       0x8c ./Drivers/STM32F4xx_HAL_Driver/Src/stm32f4xx_hal_pcd.o
 .text.HAL_PCDEx_SetTxFiFo
                0x0000000008003be0       0x8e ./Drivers/STM32F4xx_HAL_Driver/Src/stm32f4xx_hal_pcd_ex.o
                0x0000000008003be0                HAL_PCDEx_SetTxFiFo
 .text.HAL_PCDEx_SetRxFiFo
                0x0000000008003c6e       0x22 ./Drivers/STM32F4xx_HAL_Driver/Src/stm32f4xx_hal_pcd_ex.o
                0x0000000008003c6e                HAL_PCDEx_SetRxFiFo
 .text.HAL_PCDEx_LPM_Callback
                0x0000000008003c90       0x18 ./Drivers/STM32F4xx_HAL_Driver/Src/stm32f4xx_hal_pcd_ex.o
                0x0000000008003c90                HAL_PCDEx_LPM_Callback
 .text.HAL_RCC_OscConfig
                0x0000000008003ca8      0x4f0 ./Drivers/STM32F4xx_HAL_Driver/Src/stm32f4xx_hal_rcc.o
                0x0000000008003ca8                HAL_RCC_OscConfig
 .text.HAL_RCC_ClockConfig
                0x0000000008004198      0x1cc ./Drivers/STM32F4xx_HAL_Driver/Src/stm32f4xx_hal_rcc.o
                0x0000000008004198                HAL_RCC_ClockConfig
 .text.HAL_RCC_GetSysClockFreq
                0x0000000008004364      0x18c ./Drivers/STM32F4xx_HAL_Driver/Src/stm32f4xx_hal_rcc.o
                0x0000000008004364                HAL_RCC_GetSysClockFreq
 .text.HAL_RCC_GetHCLKFreq
                0x00000000080044f0       0x18 ./Drivers/STM32F4xx_HAL_Driver/Src/stm32f4xx_hal_rcc.o
                0x00000000080044f0                HAL_RCC_GetHCLKFreq
 .text.USB_CoreInit
                0x0000000008004508       0xc2 ./Drivers/STM32F4xx_HAL_Driver/Src/stm32f4xx_ll_usb.o
                0x0000000008004508                USB_CoreInit
 *fill*         0x00000000080045ca        0x2 
 .text.USB_SetTurnaroundTime
                0x00000000080045cc      0x144 ./Drivers/STM32F4xx_HAL_Driver/Src/stm32f4xx_ll_usb.o
                0x00000000080045cc                USB_SetTurnaroundTime
 .text.USB_EnableGlobalInt
                0x0000000008004710       0x22 ./Drivers/STM32F4xx_HAL_Driver/Src/stm32f4xx_ll_usb.o
                0x0000000008004710                USB_EnableGlobalInt
 .text.USB_DisableGlobalInt
                0x0000000008004732       0x22 ./Drivers/STM32F4xx_HAL_Driver/Src/stm32f4xx_ll_usb.o
                0x0000000008004732                USB_DisableGlobalInt
 .text.USB_SetCurrentMode
                0x0000000008004754       0x98 ./Drivers/STM32F4xx_HAL_Driver/Src/stm32f4xx_ll_usb.o
                0x0000000008004754                USB_SetCurrentMode
 .text.USB_DevInit
                0x00000000080047ec      0x2c8 ./Drivers/STM32F4xx_HAL_Driver/Src/stm32f4xx_ll_usb.o
                0x00000000080047ec                USB_DevInit
 .text.USB_FlushTxFifo
                0x0000000008004ab4       0x68 ./Drivers/STM32F4xx_HAL_Driver/Src/stm32f4xx_ll_usb.o
                0x0000000008004ab4                USB_FlushTxFifo
 .text.USB_FlushRxFifo
                0x0000000008004b1c       0x60 ./Drivers/STM32F4xx_HAL_Driver/Src/stm32f4xx_ll_usb.o
                0x0000000008004b1c                USB_FlushRxFifo
 .text.USB_SetDevSpeed
                0x0000000008004b7c       0x32 ./Drivers/STM32F4xx_HAL_Driver/Src/stm32f4xx_ll_usb.o
                0x0000000008004b7c                USB_SetDevSpeed
 .text.USB_GetDevSpeed
                0x0000000008004bae       0x4a ./Drivers/STM32F4xx_HAL_Driver/Src/stm32f4xx_ll_usb.o
                0x0000000008004bae                USB_GetDevSpeed
 .text.USB_ActivateEndpoint
                0x0000000008004bf8      0x10e ./Drivers/STM32F4xx_HAL_Driver/Src/stm32f4xx_ll_usb.o
                0x0000000008004bf8                USB_ActivateEndpoint
 *fill*         0x0000000008004d06        0x2 
 .text.USB_DeactivateEndpoint
                0x0000000008004d08      0x1b8 ./Drivers/STM32F4xx_HAL_Driver/Src/stm32f4xx_ll_usb.o
                0x0000000008004d08                USB_DeactivateEndpoint
 .text.USB_EPStartXfer
                0x0000000008004ec0      0x490 ./Drivers/STM32F4xx_HAL_Driver/Src/stm32f4xx_ll_usb.o
                0x0000000008004ec0                USB_EPStartXfer
 .text.USB_EP0StartXfer
                0x0000000008005350      0x2b0 ./Drivers/STM32F4xx_HAL_Driver/Src/stm32f4xx_ll_usb.o
                0x0000000008005350                USB_EP0StartXfer
 .text.USB_EPStopXfer
                0x0000000008005600      0x154 ./Drivers/STM32F4xx_HAL_Driver/Src/stm32f4xx_ll_usb.o
                0x0000000008005600                USB_EPStopXfer
 .text.USB_WritePacket
                0x0000000008005754       0x7c ./Drivers/STM32F4xx_HAL_Driver/Src/stm32f4xx_ll_usb.o
                0x0000000008005754                USB_WritePacket
 .text.USB_ReadPacket
                0x00000000080057d0       0xb0 ./Drivers/STM32F4xx_HAL_Driver/Src/stm32f4xx_ll_usb.o
                0x00000000080057d0                USB_ReadPacket
 .text.USB_EPSetStall
                0x0000000008005880       0xdc ./Drivers/STM32F4xx_HAL_Driver/Src/stm32f4xx_ll_usb.o
                0x0000000008005880                USB_EPSetStall
 .text.USB_EPClearStall
                0x000000000800595c       0xcc ./Drivers/STM32F4xx_HAL_Driver/Src/stm32f4xx_ll_usb.o
                0x000000000800595c                USB_EPClearStall
 .text.USB_SetDevAddress
                0x0000000008005a28       0x4c ./Drivers/STM32F4xx_HAL_Driver/Src/stm32f4xx_ll_usb.o
                0x0000000008005a28                USB_SetDevAddress
 .text.USB_DevConnect
                0x0000000008005a74       0x42 ./Drivers/STM32F4xx_HAL_Driver/Src/stm32f4xx_ll_usb.o
                0x0000000008005a74                USB_DevConnect
 .text.USB_DevDisconnect
                0x0000000008005ab6       0x42 ./Drivers/STM32F4xx_HAL_Driver/Src/stm32f4xx_ll_usb.o
                0x0000000008005ab6                USB_DevDisconnect
 .text.USB_ReadInterrupts
                0x0000000008005af8       0x26 ./Drivers/STM32F4xx_HAL_Driver/Src/stm32f4xx_ll_usb.o
                0x0000000008005af8                USB_ReadInterrupts
 .text.USB_ReadDevAllOutEpInterrupt
                0x0000000008005b1e       0x34 ./Drivers/STM32F4xx_HAL_Driver/Src/stm32f4xx_ll_usb.o
                0x0000000008005b1e                USB_ReadDevAllOutEpInterrupt
 .text.USB_ReadDevAllInEpInterrupt
                0x0000000008005b52       0x34 ./Drivers/STM32F4xx_HAL_Driver/Src/stm32f4xx_ll_usb.o
                0x0000000008005b52                USB_ReadDevAllInEpInterrupt
 .text.USB_ReadDevOutEPInterrupt
                0x0000000008005b86       0x3c ./Drivers/STM32F4xx_HAL_Driver/Src/stm32f4xx_ll_usb.o
                0x0000000008005b86                USB_ReadDevOutEPInterrupt
 .text.USB_ReadDevInEPInterrupt
                0x0000000008005bc2       0x5c ./Drivers/STM32F4xx_HAL_Driver/Src/stm32f4xx_ll_usb.o
                0x0000000008005bc2                USB_ReadDevInEPInterrupt
 .text.USB_GetMode
                0x0000000008005c1e       0x1c ./Drivers/STM32F4xx_HAL_Driver/Src/stm32f4xx_ll_usb.o
                0x0000000008005c1e                USB_GetMode
 .text.USB_ActivateSetup
                0x0000000008005c3a       0x46 ./Drivers/STM32F4xx_HAL_Driver/Src/stm32f4xx_ll_usb.o
                0x0000000008005c3a                USB_ActivateSetup
 .text.USB_EP0_OutStart
                0x0000000008005c80       0xbc ./Drivers/STM32F4xx_HAL_Driver/Src/stm32f4xx_ll_usb.o
                0x0000000008005c80                USB_EP0_OutStart
 .text.USB_CoreReset
                0x0000000008005d3c       0x68 ./Drivers/STM32F4xx_HAL_Driver/Src/stm32f4xx_ll_usb.o
 .text.USBD_HID_Init
                0x0000000008005da4       0xcc ./Middlewares/ST/STM32_USB_Device_Library/Class/HID/Src/usbd_hid.o
 .text.USBD_HID_DeInit
                0x0000000008005e70       0x90 ./Middlewares/ST/STM32_USB_Device_Library/Class/HID/Src/usbd_hid.o
 .text.USBD_HID_Setup
                0x0000000008005f00      0x210 ./Middlewares/ST/STM32_USB_Device_Library/Class/HID/Src/usbd_hid.o
 .text.USBD_HID_SendReport
                0x0000000008006110       0x60 ./Middlewares/ST/STM32_USB_Device_Library/Class/HID/Src/usbd_hid.o
                0x0000000008006110                USBD_HID_SendReport
 .text.USBD_HID_GetFSCfgDesc
                0x0000000008006170       0x34 ./Middlewares/ST/STM32_USB_Device_Library/Class/HID/Src/usbd_hid.o
 .text.USBD_HID_GetHSCfgDesc
                0x00000000080061a4       0x34 ./Middlewares/ST/STM32_USB_Device_Library/Class/HID/Src/usbd_hid.o
 .text.USBD_HID_GetOtherSpeedCfgDesc
                0x00000000080061d8       0x34 ./Middlewares/ST/STM32_USB_Device_Library/Class/HID/Src/usbd_hid.o
 .text.USBD_HID_DataIn
                0x000000000800620c       0x2c ./Middlewares/ST/STM32_USB_Device_Library/Class/HID/Src/usbd_hid.o
 .text.USBD_HID_GetDeviceQualifierDesc
                0x0000000008006238       0x20 ./Middlewares/ST/STM32_USB_Device_Library/Class/HID/Src/usbd_hid.o
 .text.USBD_Init
                0x0000000008006258       0x60 ./Middlewares/ST/STM32_USB_Device_Library/Core/Src/usbd_core.o
                0x0000000008006258                USBD_Init
 .text.USBD_RegisterClass
                0x00000000080062b8       0x6c ./Middlewares/ST/STM32_USB_Device_Library/Core/Src/usbd_core.o
                0x00000000080062b8                USBD_RegisterClass
 .text.USBD_Start
                0x0000000008006324       0x18 ./Middlewares/ST/STM32_USB_Device_Library/Core/Src/usbd_core.o
                0x0000000008006324                USBD_Start
 .text.USBD_RunTestMode
                0x000000000800633c       0x16 ./Middlewares/ST/STM32_USB_Device_Library/Core/Src/usbd_core.o
                0x000000000800633c                USBD_RunTestMode
 .text.USBD_SetClassConfig
                0x0000000008006352       0x38 ./Middlewares/ST/STM32_USB_Device_Library/Core/Src/usbd_core.o
                0x0000000008006352                USBD_SetClassConfig
 .text.USBD_ClrClassConfig
                0x000000000800638a       0x34 ./Middlewares/ST/STM32_USB_Device_Library/Core/Src/usbd_core.o
                0x000000000800638a                USBD_ClrClassConfig
 .text.USBD_LL_SetupStage
                0x00000000080063be       0xaa ./Middlewares/ST/STM32_USB_Device_Library/Core/Src/usbd_core.o
                0x00000000080063be                USBD_LL_SetupStage
 .text.USBD_LL_DataOutStage
                0x0000000008006468      0x166 ./Middlewares/ST/STM32_USB_Device_Library/Core/Src/usbd_core.o
                0x0000000008006468                USBD_LL_DataOutStage
 .text.USBD_LL_DataInStage
                0x00000000080065ce      0x164 ./Middlewares/ST/STM32_USB_Device_Library/Core/Src/usbd_core.o
                0x00000000080065ce                USBD_LL_DataInStage
 .text.USBD_LL_Reset
                0x0000000008006732       0xa4 ./Middlewares/ST/STM32_USB_Device_Library/Core/Src/usbd_core.o
                0x0000000008006732                USBD_LL_Reset
 .text.USBD_LL_SetSpeed
                0x00000000080067d6       0x20 ./Middlewares/ST/STM32_USB_Device_Library/Core/Src/usbd_core.o
                0x00000000080067d6                USBD_LL_SetSpeed
 .text.USBD_LL_Suspend
                0x00000000080067f6       0x2c ./Middlewares/ST/STM32_USB_Device_Library/Core/Src/usbd_core.o
                0x00000000080067f6                USBD_LL_Suspend
 .text.USBD_LL_Resume
                0x0000000008006822       0x30 ./Middlewares/ST/STM32_USB_Device_Library/Core/Src/usbd_core.o
                0x0000000008006822                USBD_LL_Resume
 .text.USBD_LL_SOF
                0x0000000008006852       0x40 ./Middlewares/ST/STM32_USB_Device_Library/Core/Src/usbd_core.o
                0x0000000008006852                USBD_LL_SOF
 .text.USBD_LL_IsoINIncomplete
                0x0000000008006892       0x64 ./Middlewares/ST/STM32_USB_Device_Library/Core/Src/usbd_core.o
                0x0000000008006892                USBD_LL_IsoINIncomplete
 .text.USBD_LL_IsoOUTIncomplete
                0x00000000080068f6       0x64 ./Middlewares/ST/STM32_USB_Device_Library/Core/Src/usbd_core.o
                0x00000000080068f6                USBD_LL_IsoOUTIncomplete
 .text.USBD_LL_DevConnected
                0x000000000800695a       0x16 ./Middlewares/ST/STM32_USB_Device_Library/Core/Src/usbd_core.o
                0x000000000800695a                USBD_LL_DevConnected
 .text.USBD_LL_DevDisconnected
                0x0000000008006970       0x46 ./Middlewares/ST/STM32_USB_Device_Library/Core/Src/usbd_core.o
                0x0000000008006970                USBD_LL_DevDisconnected
 .text.USBD_CoreFindIF
                0x00000000080069b6       0x1a ./Middlewares/ST/STM32_USB_Device_Library/Core/Src/usbd_core.o
                0x00000000080069b6                USBD_CoreFindIF
 .text.USBD_CoreFindEP
                0x00000000080069d0       0x1a ./Middlewares/ST/STM32_USB_Device_Library/Core/Src/usbd_core.o
                0x00000000080069d0                USBD_CoreFindEP
 .text.USBD_GetEpDesc
                0x00000000080069ea       0x74 ./Middlewares/ST/STM32_USB_Device_Library/Core/Src/usbd_core.o
                0x00000000080069ea                USBD_GetEpDesc
 .text.USBD_GetNextDesc
                0x0000000008006a5e       0x3a ./Middlewares/ST/STM32_USB_Device_Library/Core/Src/usbd_core.o
                0x0000000008006a5e                USBD_GetNextDesc
 .text.SWAPBYTE
                0x0000000008006a98       0x3c ./Middlewares/ST/STM32_USB_Device_Library/Core/Src/usbd_ctlreq.o
 .text.USBD_StdDevReq
                0x0000000008006ad4       0xe4 ./Middlewares/ST/STM32_USB_Device_Library/Core/Src/usbd_ctlreq.o
                0x0000000008006ad4                USBD_StdDevReq
 .text.USBD_StdItfReq
                0x0000000008006bb8       0xd8 ./Middlewares/ST/STM32_USB_Device_Library/Core/Src/usbd_ctlreq.o
                0x0000000008006bb8                USBD_StdItfReq
 .text.USBD_StdEPReq
                0x0000000008006c90      0x33a ./Middlewares/ST/STM32_USB_Device_Library/Core/Src/usbd_ctlreq.o
                0x0000000008006c90                USBD_StdEPReq
 *fill*         0x0000000008006fca        0x2 
 .text.USBD_GetDescriptor
                0x0000000008006fcc      0x2d4 ./Middlewares/ST/STM32_USB_Device_Library/Core/Src/usbd_ctlreq.o
 .text.USBD_SetAddress
                0x00000000080072a0       0x88 ./Middlewares/ST/STM32_USB_Device_Library/Core/Src/usbd_ctlreq.o
 .text.USBD_SetConfig
                0x0000000008007328      0x154 ./Middlewares/ST/STM32_USB_Device_Library/Core/Src/usbd_ctlreq.o
 .text.USBD_GetConfig
                0x000000000800747c       0x6c ./Middlewares/ST/STM32_USB_Device_Library/Core/Src/usbd_ctlreq.o
 .text.USBD_GetStatus
                0x00000000080074e8       0x68 ./Middlewares/ST/STM32_USB_Device_Library/Core/Src/usbd_ctlreq.o
 .text.USBD_SetFeature
                0x0000000008007550       0x52 ./Middlewares/ST/STM32_USB_Device_Library/Core/Src/usbd_ctlreq.o
 .text.USBD_ClrFeature
                0x00000000080075a2       0x44 ./Middlewares/ST/STM32_USB_Device_Library/Core/Src/usbd_ctlreq.o
 .text.USBD_ParseSetupRequest
                0x00000000080075e6       0x74 ./Middlewares/ST/STM32_USB_Device_Library/Core/Src/usbd_ctlreq.o
                0x00000000080075e6                USBD_ParseSetupRequest
 .text.USBD_CtlError
                0x000000000800765a       0x22 ./Middlewares/ST/STM32_USB_Device_Library/Core/Src/usbd_ctlreq.o
                0x000000000800765a                USBD_CtlError
 .text.USBD_GetString
                0x000000000800767c       0x8c ./Middlewares/ST/STM32_USB_Device_Library/Core/Src/usbd_ctlreq.o
                0x000000000800767c                USBD_GetString
 .text.USBD_GetLen
                0x0000000008007708       0x34 ./Middlewares/ST/STM32_USB_Device_Library/Core/Src/usbd_ctlreq.o
 .text.USBD_CtlSendData
                0x000000000800773c       0x36 ./Middlewares/ST/STM32_USB_Device_Library/Core/Src/usbd_ioreq.o
                0x000000000800773c                USBD_CtlSendData
 .text.USBD_CtlContinueSendData
                0x0000000008007772       0x22 ./Middlewares/ST/STM32_USB_Device_Library/Core/Src/usbd_ioreq.o
                0x0000000008007772                USBD_CtlContinueSendData
 .text.USBD_CtlContinueRx
                0x0000000008007794       0x22 ./Middlewares/ST/STM32_USB_Device_Library/Core/Src/usbd_ioreq.o
                0x0000000008007794                USBD_CtlContinueRx
 .text.USBD_CtlSendStatus
                0x00000000080077b6       0x26 ./Middlewares/ST/STM32_USB_Device_Library/Core/Src/usbd_ioreq.o
                0x00000000080077b6                USBD_CtlSendStatus
 .text.USBD_CtlReceiveStatus
                0x00000000080077dc       0x26 ./Middlewares/ST/STM32_USB_Device_Library/Core/Src/usbd_ioreq.o
                0x00000000080077dc                USBD_CtlReceiveStatus
 *fill*         0x0000000008007802        0x2 
 .text.MX_USB_DEVICE_Init
                0x0000000008007804       0x4c ./USB_DEVICE/App/usb_device.o
                0x0000000008007804                MX_USB_DEVICE_Init
 .text.USBD_FS_DeviceDescriptor
                0x0000000008007850       0x24 ./USB_DEVICE/App/usbd_desc.o
                0x0000000008007850                USBD_FS_DeviceDescriptor
 .text.USBD_FS_LangIDStrDescriptor
                0x0000000008007874       0x24 ./USB_DEVICE/App/usbd_desc.o
                0x0000000008007874                USBD_FS_LangIDStrDescriptor
 .text.USBD_FS_ProductStrDescriptor
                0x0000000008007898       0x3c ./USB_DEVICE/App/usbd_desc.o
                0x0000000008007898                USBD_FS_ProductStrDescriptor
 .text.USBD_FS_ManufacturerStrDescriptor
                0x00000000080078d4       0x28 ./USB_DEVICE/App/usbd_desc.o
                0x00000000080078d4                USBD_FS_ManufacturerStrDescriptor
 .text.USBD_FS_SerialStrDescriptor
                0x00000000080078fc       0x24 ./USB_DEVICE/App/usbd_desc.o
                0x00000000080078fc                USBD_FS_SerialStrDescriptor
 .text.USBD_FS_ConfigStrDescriptor
                0x0000000008007920       0x3c ./USB_DEVICE/App/usbd_desc.o
                0x0000000008007920                USBD_FS_ConfigStrDescriptor
 .text.USBD_FS_InterfaceStrDescriptor
                0x000000000800795c       0x3c ./USB_DEVICE/App/usbd_desc.o
                0x000000000800795c                USBD_FS_InterfaceStrDescriptor
 .text.Get_SerialNum
                0x0000000008007998       0x58 ./USB_DEVICE/App/usbd_desc.o
 .text.IntToUnicode
                0x00000000080079f0       0x7e ./USB_DEVICE/App/usbd_desc.o
 *fill*         0x0000000008007a6e        0x2 
 .text.HAL_PCD_MspInit
                0x0000000008007a70       0xa8 ./USB_DEVICE/Target/usbd_conf.o
                0x0000000008007a70                HAL_PCD_MspInit
 .text.HAL_PCD_SetupStageCallback
                0x0000000008007b18       0x24 ./USB_DEVICE/Target/usbd_conf.o
                0x0000000008007b18                HAL_PCD_SetupStageCallback
 .text.HAL_PCD_DataOutStageCallback
                0x0000000008007b3c       0x36 ./USB_DEVICE/Target/usbd_conf.o
                0x0000000008007b3c                HAL_PCD_DataOutStageCallback
 .text.HAL_PCD_DataInStageCallback
                0x0000000008007b72       0x34 ./USB_DEVICE/Target/usbd_conf.o
                0x0000000008007b72                HAL_PCD_DataInStageCallback
 .text.HAL_PCD_SOFCallback
                0x0000000008007ba6       0x1c ./USB_DEVICE/Target/usbd_conf.o
                0x0000000008007ba6                HAL_PCD_SOFCallback
 .text.HAL_PCD_ResetCallback
                0x0000000008007bc2       0x3c ./USB_DEVICE/Target/usbd_conf.o
                0x0000000008007bc2                HAL_PCD_ResetCallback
 *fill*         0x0000000008007bfe        0x2 
 .text.HAL_PCD_SuspendCallback
                0x0000000008007c00       0x4c ./USB_DEVICE/Target/usbd_conf.o
                0x0000000008007c00                HAL_PCD_SuspendCallback
 .text.HAL_PCD_ResumeCallback
                0x0000000008007c4c       0x1c ./USB_DEVICE/Target/usbd_conf.o
                0x0000000008007c4c                HAL_PCD_ResumeCallback
 .text.HAL_PCD_ISOOUTIncompleteCallback
                0x0000000008007c68       0x24 ./USB_DEVICE/Target/usbd_conf.o
                0x0000000008007c68                HAL_PCD_ISOOUTIncompleteCallback
 .text.HAL_PCD_ISOINIncompleteCallback
                0x0000000008007c8c       0x24 ./USB_DEVICE/Target/usbd_conf.o
                0x0000000008007c8c                HAL_PCD_ISOINIncompleteCallback
 .text.HAL_PCD_ConnectCallback
                0x0000000008007cb0       0x1c ./USB_DEVICE/Target/usbd_conf.o
                0x0000000008007cb0                HAL_PCD_ConnectCallback
 .text.HAL_PCD_DisconnectCallback
                0x0000000008007ccc       0x1c ./USB_DEVICE/Target/usbd_conf.o
                0x0000000008007ccc                HAL_PCD_DisconnectCallback
 .text.USBD_LL_Init
                0x0000000008007ce8       0x98 ./USB_DEVICE/Target/usbd_conf.o
                0x0000000008007ce8                USBD_LL_Init
 .text.USBD_LL_Start
                0x0000000008007d80       0x36 ./USB_DEVICE/Target/usbd_conf.o
                0x0000000008007d80                USBD_LL_Start
 .text.USBD_LL_OpenEP
                0x0000000008007db6       0x4c ./USB_DEVICE/Target/usbd_conf.o
                0x0000000008007db6                USBD_LL_OpenEP
 .text.USBD_LL_CloseEP
                0x0000000008007e02       0x3e ./USB_DEVICE/Target/usbd_conf.o
                0x0000000008007e02                USBD_LL_CloseEP
 .text.USBD_LL_StallEP
                0x0000000008007e40       0x3e ./USB_DEVICE/Target/usbd_conf.o
                0x0000000008007e40                USBD_LL_StallEP
 .text.USBD_LL_ClearStallEP
                0x0000000008007e7e       0x3e ./USB_DEVICE/Target/usbd_conf.o
                0x0000000008007e7e                USBD_LL_ClearStallEP
 .text.USBD_LL_IsStallEP
                0x0000000008007ebc       0x58 ./USB_DEVICE/Target/usbd_conf.o
                0x0000000008007ebc                USBD_LL_IsStallEP
 .text.USBD_LL_SetUSBAddress
                0x0000000008007f14       0x3e ./USB_DEVICE/Target/usbd_conf.o
                0x0000000008007f14                USBD_LL_SetUSBAddress
 .text.USBD_LL_Transmit
                0x0000000008007f52       0x42 ./USB_DEVICE/Target/usbd_conf.o
                0x0000000008007f52                USBD_LL_Transmit
 .text.USBD_LL_PrepareReceive
                0x0000000008007f94       0x42 ./USB_DEVICE/Target/usbd_conf.o
                0x0000000008007f94                USBD_LL_PrepareReceive
 *fill*         0x0000000008007fd6        0x2 
 .text.USBD_static_malloc
                0x0000000008007fd8       0x1c ./USB_DEVICE/Target/usbd_conf.o
                0x0000000008007fd8                USBD_static_malloc
 .text.USBD_static_free
                0x0000000008007ff4       0x14 ./USB_DEVICE/Target/usbd_conf.o
                0x0000000008007ff4                USBD_static_free
 .text.USBD_Get_USB_Status
                0x0000000008008008       0x58 ./USB_DEVICE/Target/usbd_conf.o
                0x0000000008008008                USBD_Get_USB_Status
 .text.__libc_init_array
                0x0000000008008060       0x48 c:/st/stm32cubeide_1.9.0/stm32cubeide/plugins/com.st.stm32cube.ide.mcu.externaltools.gnu-tools-for-stm32.10.3-2021.10.win32_1.0.0.202111181127/tools/bin/../lib/gcc/arm-none-eabi/10.3.1/../../../../arm-none-eabi/lib/thumb/v7e-m+fp/hard\libc_nano.a(lib_a-init.o)
                0x0000000008008060                __libc_init_array
 .text.memset   0x00000000080080a8       0x10 c:/st/stm32cubeide_1.9.0/stm32cubeide/plugins/com.st.stm32cube.ide.mcu.externaltools.gnu-tools-for-stm32.10.3-2021.10.win32_1.0.0.202111181127/tools/bin/../lib/gcc/arm-none-eabi/10.3.1/../../../../arm-none-eabi/lib/thumb/v7e-m+fp/hard\libc_nano.a(lib_a-memset.o)
                0x00000000080080a8                memset
 *(.glue_7)
 .glue_7        0x00000000080080b8        0x0 linker stubs
 *(.glue_7t)
 .glue_7t       0x00000000080080b8        0x0 linker stubs
 *(.eh_frame)
 .eh_frame      0x00000000080080b8        0x0 c:/st/stm32cubeide_1.9.0/stm32cubeide/plugins/com.st.stm32cube.ide.mcu.externaltools.gnu-tools-for-stm32.10.3-2021.10.win32_1.0.0.202111181127/tools/bin/../lib/gcc/arm-none-eabi/10.3.1/thumb/v7e-m+fp/hard/crtbegin.o
 *(.init)
 .init          0x00000000080080b8        0x4 c:/st/stm32cubeide_1.9.0/stm32cubeide/plugins/com.st.stm32cube.ide.mcu.externaltools.gnu-tools-for-stm32.10.3-2021.10.win32_1.0.0.202111181127/tools/bin/../lib/gcc/arm-none-eabi/10.3.1/thumb/v7e-m+fp/hard/crti.o
                0x00000000080080b8                _init
 .init          0x00000000080080bc        0x8 c:/st/stm32cubeide_1.9.0/stm32cubeide/plugins/com.st.stm32cube.ide.mcu.externaltools.gnu-tools-for-stm32.10.3-2021.10.win32_1.0.0.202111181127/tools/bin/../lib/gcc/arm-none-eabi/10.3.1/thumb/v7e-m+fp/hard/crtn.o
 *(.fini)
 .fini          0x00000000080080c4        0x4 c:/st/stm32cubeide_1.9.0/stm32cubeide/plugins/com.st.stm32cube.ide.mcu.externaltools.gnu-tools-for-stm32.10.3-2021.10.win32_1.0.0.202111181127/tools/bin/../lib/gcc/arm-none-eabi/10.3.1/thumb/v7e-m+fp/hard/crti.o
                0x00000000080080c4                _fini
 .fini          0x00000000080080c8        0x8 c:/st/stm32cubeide_1.9.0/stm32cubeide/plugins/com.st.stm32cube.ide.mcu.externaltools.gnu-tools-for-stm32.10.3-2021.10.win32_1.0.0.202111181127/tools/bin/../lib/gcc/arm-none-eabi/10.3.1/thumb/v7e-m+fp/hard/crtn.o
                0x00000000080080d0                . = ALIGN (0x4)
                0x00000000080080d0                _etext = .

.vfp11_veneer   0x00000000080080d0        0x0
 .vfp11_veneer  0x00000000080080d0        0x0 linker stubs

.v4_bx          0x00000000080080d0        0x0
 .v4_bx         0x00000000080080d0        0x0 linker stubs

.iplt           0x00000000080080d0        0x0
 .iplt          0x00000000080080d0        0x0 c:/st/stm32cubeide_1.9.0/stm32cubeide/plugins/com.st.stm32cube.ide.mcu.externaltools.gnu-tools-for-stm32.10.3-2021.10.win32_1.0.0.202111181127/tools/bin/../lib/gcc/arm-none-eabi/10.3.1/thumb/v7e-m+fp/hard/crtbegin.o

.rodata         0x00000000080080d0       0x70
                0x00000000080080d0                . = ALIGN (0x4)
 *(.rodata)
 .rodata        0x00000000080080d0       0x10 ./Core/Src/main.o
 .rodata        0x00000000080080e0       0x46 ./USB_DEVICE/App/usbd_desc.o
 *(.rodata*)
 *fill*         0x0000000008008126        0x2 
 .rodata.AHBPrescTable
                0x0000000008008128       0x10 ./Core/Src/system_stm32f4xx.o
                0x0000000008008128                AHBPrescTable
 .rodata.flagBitshiftOffset.0
                0x0000000008008138        0x8 ./Drivers/STM32F4xx_HAL_Driver/Src/stm32f4xx_hal_dma.o
                0x0000000008008140                . = ALIGN (0x4)

.ARM.extab      0x0000000008008140        0x0
                0x0000000008008140                . = ALIGN (0x4)
 *(.ARM.extab* .gnu.linkonce.armextab.*)
                0x0000000008008140                . = ALIGN (0x4)

.ARM            0x0000000008008140        0x8
                0x0000000008008140                . = ALIGN (0x4)
                0x0000000008008140                __exidx_start = .
 *(.ARM.exidx*)
 .ARM.exidx     0x0000000008008140        0x8 c:/st/stm32cubeide_1.9.0/stm32cubeide/plugins/com.st.stm32cube.ide.mcu.externaltools.gnu-tools-for-stm32.10.3-2021.10.win32_1.0.0.202111181127/tools/bin/../lib/gcc/arm-none-eabi/10.3.1/thumb/v7e-m+fp/hard\libgcc.a(_udivmoddi4.o)
                0x0000000008008148                __exidx_end = .
                0x0000000008008148                . = ALIGN (0x4)

.rel.dyn        0x0000000008008148        0x0
 .rel.iplt      0x0000000008008148        0x0 c:/st/stm32cubeide_1.9.0/stm32cubeide/plugins/com.st.stm32cube.ide.mcu.externaltools.gnu-tools-for-stm32.10.3-2021.10.win32_1.0.0.202111181127/tools/bin/../lib/gcc/arm-none-eabi/10.3.1/thumb/v7e-m+fp/hard/crtbegin.o

.preinit_array  0x0000000008008148        0x0
                0x0000000008008148                . = ALIGN (0x4)
                0x0000000008008148                PROVIDE (__preinit_array_start = .)
 *(.preinit_array*)
                0x0000000008008148                PROVIDE (__preinit_array_end = .)
                0x0000000008008148                . = ALIGN (0x4)

.init_array     0x0000000008008148        0x4
                0x0000000008008148                . = ALIGN (0x4)
                0x0000000008008148                PROVIDE (__init_array_start = .)
 *(SORT_BY_NAME(.init_array.*))
 *(.init_array*)
 .init_array    0x0000000008008148        0x4 c:/st/stm32cubeide_1.9.0/stm32cubeide/plugins/com.st.stm32cube.ide.mcu.externaltools.gnu-tools-for-stm32.10.3-2021.10.win32_1.0.0.202111181127/tools/bin/../lib/gcc/arm-none-eabi/10.3.1/thumb/v7e-m+fp/hard/crtbegin.o
                0x000000000800814c                PROVIDE (__init_array_end = .)
                0x000000000800814c                . = ALIGN (0x4)

.fini_array     0x000000000800814c        0x4
                0x000000000800814c                . = ALIGN (0x4)
                [!provide]                        PROVIDE (__fini_array_start = .)
 *(SORT_BY_NAME(.fini_array.*))
 *(.fini_array*)
 .fini_array    0x000000000800814c        0x4 c:/st/stm32cubeide_1.9.0/stm32cubeide/plugins/com.st.stm32cube.ide.mcu.externaltools.gnu-tools-for-stm32.10.3-2021.10.win32_1.0.0.202111181127/tools/bin/../lib/gcc/arm-none-eabi/10.3.1/thumb/v7e-m+fp/hard/crtbegin.o
                [!provide]                        PROVIDE (__fini_array_end = .)
                0x0000000008008150                . = ALIGN (0x4)
                0x0000000008008150                _sidata = LOADADDR (.data)

.data           0x0000000020000000      0x4e0 load address 0x0000000008008150
                0x0000000020000000                . = ALIGN (0x4)
                0x0000000020000000                _sdata = .
 *(.data)
 *(.data*)
 .data.keyLayer1
                0x0000000020000000       0x10 ./Core/Src/keymap.o
                0x0000000020000000                keyLayer1
 .data.modKeyLayer3
                0x0000000020000010       0x10 ./Core/Src/keymap.o
                0x0000000020000010                modKeyLayer3
 .data.keyLayer3
                0x0000000020000020       0x10 ./Core/Src/keymap.o
                0x0000000020000020                keyLayer3
 .data.modKeyLayer4
                0x0000000020000030       0x10 ./Core/Src/keymap.o
                0x0000000020000030                modKeyLayer4
 .data.keyLayer4
                0x0000000020000040       0x10 ./Core/Src/keymap.o
                0x0000000020000040                keyLayer4
 .data.impKey5  0x0000000020000050        0x1 ./Core/Src/keymap.o
                0x0000000020000050                impKey5
 *fill*         0x0000000020000051        0x3 
 .data.keyLayer6
                0x0000000020000054       0x10 ./Core/Src/keymap.o
                0x0000000020000054                keyLayer6
 .data.modKeyLayer7
                0x0000000020000064       0x10 ./Core/Src/keymap.o
                0x0000000020000064                modKeyLayer7
 .data.modKeyLayer8
                0x0000000020000074       0x10 ./Core/Src/keymap.o
                0x0000000020000074                modKeyLayer8
 .data.keyLayer8
                0x0000000020000084       0x10 ./Core/Src/keymap.o
                0x0000000020000084                keyLayer8
 .data.keyLayer9
                0x0000000020000094       0x10 ./Core/Src/keymap.o
                0x0000000020000094                keyLayer9
 .data.keyLayer11
                0x00000000200000a4       0x10 ./Core/Src/keymap.o
                0x00000000200000a4                keyLayer11
 .data.modKeyLayer13
                0x00000000200000b4       0x10 ./Core/Src/keymap.o
                0x00000000200000b4                modKeyLayer13
 .data.keyLayer13
                0x00000000200000c4       0x10 ./Core/Src/keymap.o
                0x00000000200000c4                keyLayer13
 .data.impMod14
                0x00000000200000d4        0x1 ./Core/Src/keymap.o
                0x00000000200000d4                impMod14
 *fill*         0x00000000200000d5        0x3 
 .data.modKeyLayer14
                0x00000000200000d8       0x10 ./Core/Src/keymap.o
                0x00000000200000d8                modKeyLayer14
 .data.keyLayer14
                0x00000000200000e8       0x10 ./Core/Src/keymap.o
                0x00000000200000e8                keyLayer14
 .data.modKeyLayer16
                0x00000000200000f8       0x10 ./Core/Src/keymap.o
                0x00000000200000f8                modKeyLayer16
 .data.keyLayer16
                0x0000000020000108       0x10 ./Core/Src/keymap.o
                0x0000000020000108                keyLayer16
 .data.modKeyLayer19
                0x0000000020000118       0x10 ./Core/Src/keymap.o
                0x0000000020000118                modKeyLayer19
 .data.keyLayer19
                0x0000000020000128       0x10 ./Core/Src/keymap.o
                0x0000000020000128                keyLayer19
 .data.keyLayer21
                0x0000000020000138       0x10 ./Core/Src/keymap.o
                0x0000000020000138                keyLayer21
 .data.modKeyLayer23
                0x0000000020000148       0x10 ./Core/Src/keymap.o
                0x0000000020000148                modKeyLayer23
 .data.keyLayer23
                0x0000000020000158       0x10 ./Core/Src/keymap.o
                0x0000000020000158                keyLayer23
 .data.modKeyLayer24
                0x0000000020000168       0x10 ./Core/Src/keymap.o
                0x0000000020000168                modKeyLayer24
 .data.keyLayer24
                0x0000000020000178       0x10 ./Core/Src/keymap.o
                0x0000000020000178                keyLayer24
 .data.layer1   0x0000000020000188       0x14 ./Core/Src/keymap.o
                0x0000000020000188                layer1
 .data.layer2   0x000000002000019c       0x14 ./Core/Src/keymap.o
                0x000000002000019c                layer2
 .data.layer3   0x00000000200001b0       0x14 ./Core/Src/keymap.o
                0x00000000200001b0                layer3
 .data.layer4   0x00000000200001c4       0x14 ./Core/Src/keymap.o
                0x00000000200001c4                layer4
 .data.layer5   0x00000000200001d8       0x14 ./Core/Src/keymap.o
                0x00000000200001d8                layer5
 .data.layer6   0x00000000200001ec       0x14 ./Core/Src/keymap.o
                0x00000000200001ec                layer6
 .data.layer7   0x0000000020000200       0x14 ./Core/Src/keymap.o
                0x0000000020000200                layer7
 .data.layer8   0x0000000020000214       0x14 ./Core/Src/keymap.o
                0x0000000020000214                layer8
 .data.layer9   0x0000000020000228       0x14 ./Core/Src/keymap.o
                0x0000000020000228                layer9
 .data.layer11  0x000000002000023c       0x14 ./Core/Src/keymap.o
                0x000000002000023c                layer11
 .data.layer12  0x0000000020000250       0x14 ./Core/Src/keymap.o
                0x0000000020000250                layer12
 .data.layer13  0x0000000020000264       0x14 ./Core/Src/keymap.o
                0x0000000020000264                layer13
 .data.layer14  0x0000000020000278       0x14 ./Core/Src/keymap.o
                0x0000000020000278                layer14
 .data.layer15  0x000000002000028c       0x14 ./Core/Src/keymap.o
                0x000000002000028c                layer15
 .data.layer16  0x00000000200002a0       0x14 ./Core/Src/keymap.o
                0x00000000200002a0                layer16
 .data.layer17  0x00000000200002b4       0x14 ./Core/Src/keymap.o
                0x00000000200002b4                layer17
 .data.layer18  0x00000000200002c8       0x14 ./Core/Src/keymap.o
                0x00000000200002c8                layer18
 .data.layer19  0x00000000200002dc       0x14 ./Core/Src/keymap.o
                0x00000000200002dc                layer19
 .data.layer20  0x00000000200002f0       0x14 ./Core/Src/keymap.o
                0x00000000200002f0                layer20
 .data.layer21  0x0000000020000304       0x14 ./Core/Src/keymap.o
                0x0000000020000304                layer21
 .data.layer22  0x0000000020000318       0x14 ./Core/Src/keymap.o
                0x0000000020000318                layer22
 .data.layer23  0x000000002000032c       0x14 ./Core/Src/keymap.o
                0x000000002000032c                layer23
 .data.layer24  0x0000000020000340       0x14 ./Core/Src/keymap.o
                0x0000000020000340                layer24
 .data.layer25  0x0000000020000354       0x14 ./Core/Src/keymap.o
                0x0000000020000354                layer25
 .data.keymap   0x0000000020000368       0x68 ./Core/Src/keymap.o
                0x0000000020000368                keymap
 .data.SystemCoreClock
                0x00000000200003d0        0x4 ./Core/Src/system_stm32f4xx.o
                0x00000000200003d0                SystemCoreClock
 .data.uwTickPrio
                0x00000000200003d4        0x4 ./Drivers/STM32F4xx_HAL_Driver/Src/stm32f4xx_hal.o
                0x00000000200003d4                uwTickPrio
 .data.uwTickFreq
                0x00000000200003d8        0x1 ./Drivers/STM32F4xx_HAL_Driver/Src/stm32f4xx_hal.o
                0x00000000200003d8                uwTickFreq
 *fill*         0x00000000200003d9        0x3 
 .data.USBD_HID
                0x00000000200003dc       0x38 ./Middlewares/ST/STM32_USB_Device_Library/Class/HID/Src/usbd_hid.o
                0x00000000200003dc                USBD_HID
 .data.USBD_HID_CfgDesc
                0x0000000020000414       0x22 ./Middlewares/ST/STM32_USB_Device_Library/Class/HID/Src/usbd_hid.o
 *fill*         0x0000000020000436        0x2 
 .data.USBD_HID_Desc
                0x0000000020000438        0x9 ./Middlewares/ST/STM32_USB_Device_Library/Class/HID/Src/usbd_hid.o
 *fill*         0x0000000020000441        0x3 
 .data.USBD_HID_DeviceQualifierDesc
                0x0000000020000444        0xa ./Middlewares/ST/STM32_USB_Device_Library/Class/HID/Src/usbd_hid.o
 *fill*         0x000000002000044e        0x2 
 .data.HID_MOUSE_ReportDesc
                0x0000000020000450       0x3f ./Middlewares/ST/STM32_USB_Device_Library/Class/HID/Src/usbd_hid.o
 .data.HIDInEpAdd
                0x000000002000048f        0x1 ./Middlewares/ST/STM32_USB_Device_Library/Class/HID/Src/usbd_hid.o
 .data.FS_Desc  0x0000000020000490       0x1c ./USB_DEVICE/App/usbd_desc.o
                0x0000000020000490                FS_Desc
 .data.USBD_FS_DeviceDesc
                0x00000000200004ac       0x12 ./USB_DEVICE/App/usbd_desc.o
                0x00000000200004ac                USBD_FS_DeviceDesc
 *fill*         0x00000000200004be        0x2 
 .data.USBD_LangIDDesc
                0x00000000200004c0        0x4 ./USB_DEVICE/App/usbd_desc.o
                0x00000000200004c0                USBD_LangIDDesc
 .data.USBD_StringSerial
                0x00000000200004c4       0x1a ./USB_DEVICE/App/usbd_desc.o
                0x00000000200004c4                USBD_StringSerial
 *(.RamFunc)
 *(.RamFunc*)
                0x00000000200004e0                . = ALIGN (0x4)
 *fill*         0x00000000200004de        0x2 
                0x00000000200004e0                _edata = .

.igot.plt       0x00000000200004e0        0x0 load address 0x0000000008008630
 .igot.plt      0x00000000200004e0        0x0 c:/st/stm32cubeide_1.9.0/stm32cubeide/plugins/com.st.stm32cube.ide.mcu.externaltools.gnu-tools-for-stm32.10.3-2021.10.win32_1.0.0.202111181127/tools/bin/../lib/gcc/arm-none-eabi/10.3.1/thumb/v7e-m+fp/hard/crtbegin.o
                0x00000000200004e0                . = ALIGN (0x4)

.bss            0x00000000200004e0      0xca4 load address 0x0000000008008630
                0x00000000200004e0                _sbss = .
                0x00000000200004e0                __bss_start__ = _sbss
 *(.bss)
 .bss           0x00000000200004e0       0x1c c:/st/stm32cubeide_1.9.0/stm32cubeide/plugins/com.st.stm32cube.ide.mcu.externaltools.gnu-tools-for-stm32.10.3-2021.10.win32_1.0.0.202111181127/tools/bin/../lib/gcc/arm-none-eabi/10.3.1/thumb/v7e-m+fp/hard/crtbegin.o
 *(.bss*)
 .bss.impMod1   0x00000000200004fc        0x1 ./Core/Src/keymap.o
                0x00000000200004fc                impMod1
 .bss.impKey1   0x00000000200004fd        0x1 ./Core/Src/keymap.o
                0x00000000200004fd                impKey1
 *fill*         0x00000000200004fe        0x2 
 .bss.modKeyLayer1
                0x0000000020000500       0x10 ./Core/Src/keymap.o
                0x0000000020000500                modKeyLayer1
 .bss.impMod2   0x0000000020000510        0x1 ./Core/Src/keymap.o
                0x0000000020000510                impMod2
 .bss.impKey2   0x0000000020000511        0x1 ./Core/Src/keymap.o
                0x0000000020000511                impKey2
 *fill*         0x0000000020000512        0x2 
 .bss.modKeyLayer2
                0x0000000020000514       0x10 ./Core/Src/keymap.o
                0x0000000020000514                modKeyLayer2
 .bss.keyLayer2
                0x0000000020000524       0x10 ./Core/Src/keymap.o
                0x0000000020000524                keyLayer2
 .bss.impMod3   0x0000000020000534        0x1 ./Core/Src/keymap.o
                0x0000000020000534                impMod3
 .bss.impKey3   0x0000000020000535        0x1 ./Core/Src/keymap.o
                0x0000000020000535                impKey3
 .bss.impMod4   0x0000000020000536        0x1 ./Core/Src/keymap.o
                0x0000000020000536                impMod4
 .bss.impKey4   0x0000000020000537        0x1 ./Core/Src/keymap.o
                0x0000000020000537                impKey4
 .bss.impMod5   0x0000000020000538        0x1 ./Core/Src/keymap.o
                0x0000000020000538                impMod5
 *fill*         0x0000000020000539        0x3 
 .bss.modKeyLayer5
                0x000000002000053c       0x10 ./Core/Src/keymap.o
                0x000000002000053c                modKeyLayer5
 .bss.keyLayer5
                0x000000002000054c       0x10 ./Core/Src/keymap.o
                0x000000002000054c                keyLayer5
 .bss.impMod6   0x000000002000055c        0x1 ./Core/Src/keymap.o
                0x000000002000055c                impMod6
 .bss.impKey6   0x000000002000055d        0x1 ./Core/Src/keymap.o
                0x000000002000055d                impKey6
 *fill*         0x000000002000055e        0x2 
 .bss.modKeyLayer6
                0x0000000020000560       0x10 ./Core/Src/keymap.o
                0x0000000020000560                modKeyLayer6
 .bss.impMod7   0x0000000020000570        0x1 ./Core/Src/keymap.o
                0x0000000020000570                impMod7
 .bss.impKey7   0x0000000020000571        0x1 ./Core/Src/keymap.o
                0x0000000020000571                impKey7
 *fill*         0x0000000020000572        0x2 
 .bss.keyLayer7
                0x0000000020000574       0x10 ./Core/Src/keymap.o
                0x0000000020000574                keyLayer7
 .bss.impMod8   0x0000000020000584        0x1 ./Core/Src/keymap.o
                0x0000000020000584                impMod8
 .bss.impKey8   0x0000000020000585        0x1 ./Core/Src/keymap.o
                0x0000000020000585                impKey8
 .bss.impMod9   0x0000000020000586        0x1 ./Core/Src/keymap.o
                0x0000000020000586                impMod9
 .bss.impKey9   0x0000000020000587        0x1 ./Core/Src/keymap.o
                0x0000000020000587                impKey9
 .bss.modKeyLayer9
                0x0000000020000588       0x10 ./Core/Src/keymap.o
                0x0000000020000588                modKeyLayer9
 .bss.impMod11  0x0000000020000598        0x1 ./Core/Src/keymap.o
                0x0000000020000598                impMod11
 .bss.impKey11  0x0000000020000599        0x1 ./Core/Src/keymap.o
                0x0000000020000599                impKey11
 *fill*         0x000000002000059a        0x2 
 .bss.modKeyLayer11
                0x000000002000059c       0x10 ./Core/Src/keymap.o
                0x000000002000059c                modKeyLayer11
 .bss.impMod12  0x00000000200005ac        0x1 ./Core/Src/keymap.o
                0x00000000200005ac                impMod12
 .bss.impKey12  0x00000000200005ad        0x1 ./Core/Src/keymap.o
                0x00000000200005ad                impKey12
 *fill*         0x00000000200005ae        0x2 
 .bss.modKeyLayer12
                0x00000000200005b0       0x10 ./Core/Src/keymap.o
                0x00000000200005b0                modKeyLayer12
 .bss.keyLayer12
                0x00000000200005c0       0x10 ./Core/Src/keymap.o
                0x00000000200005c0                keyLayer12
 .bss.impMod13  0x00000000200005d0        0x1 ./Core/Src/keymap.o
                0x00000000200005d0                impMod13
 .bss.impKey13  0x00000000200005d1        0x1 ./Core/Src/keymap.o
                0x00000000200005d1                impKey13
 .bss.impKey14  0x00000000200005d2        0x1 ./Core/Src/keymap.o
                0x00000000200005d2                impKey14
 .bss.impMod15  0x00000000200005d3        0x1 ./Core/Src/keymap.o
                0x00000000200005d3                impMod15
 .bss.impKey15  0x00000000200005d4        0x1 ./Core/Src/keymap.o
                0x00000000200005d4                impKey15
 *fill*         0x00000000200005d5        0x3 
 .bss.modKeyLayer15
                0x00000000200005d8       0x10 ./Core/Src/keymap.o
                0x00000000200005d8                modKeyLayer15
 .bss.keyLayer15
                0x00000000200005e8       0x10 ./Core/Src/keymap.o
                0x00000000200005e8                keyLayer15
 .bss.impMod16  0x00000000200005f8        0x1 ./Core/Src/keymap.o
                0x00000000200005f8                impMod16
 .bss.impKey16  0x00000000200005f9        0x1 ./Core/Src/keymap.o
                0x00000000200005f9                impKey16
 .bss.impMod17  0x00000000200005fa        0x1 ./Core/Src/keymap.o
                0x00000000200005fa                impMod17
 .bss.impKey17  0x00000000200005fb        0x1 ./Core/Src/keymap.o
                0x00000000200005fb                impKey17
 .bss.modKeyLayer17
                0x00000000200005fc       0x10 ./Core/Src/keymap.o
                0x00000000200005fc                modKeyLayer17
 .bss.keyLayer17
                0x000000002000060c       0x10 ./Core/Src/keymap.o
                0x000000002000060c                keyLayer17
 .bss.impMod18  0x000000002000061c        0x1 ./Core/Src/keymap.o
                0x000000002000061c                impMod18
 .bss.impKey18  0x000000002000061d        0x1 ./Core/Src/keymap.o
                0x000000002000061d                impKey18
 *fill*         0x000000002000061e        0x2 
 .bss.modKeyLayer18
                0x0000000020000620       0x10 ./Core/Src/keymap.o
                0x0000000020000620                modKeyLayer18
 .bss.keyLayer18
                0x0000000020000630       0x10 ./Core/Src/keymap.o
                0x0000000020000630                keyLayer18
 .bss.impMod19  0x0000000020000640        0x1 ./Core/Src/keymap.o
                0x0000000020000640                impMod19
 .bss.impKey19  0x0000000020000641        0x1 ./Core/Src/keymap.o
                0x0000000020000641                impKey19
 .bss.impMod20  0x0000000020000642        0x1 ./Core/Src/keymap.o
                0x0000000020000642                impMod20
 .bss.impKey20  0x0000000020000643        0x1 ./Core/Src/keymap.o
                0x0000000020000643                impKey20
 .bss.modKeyLayer20
                0x0000000020000644       0x10 ./Core/Src/keymap.o
                0x0000000020000644                modKeyLayer20
 .bss.keyLayer20
                0x0000000020000654       0x10 ./Core/Src/keymap.o
                0x0000000020000654                keyLayer20
 .bss.impMod21  0x0000000020000664        0x1 ./Core/Src/keymap.o
                0x0000000020000664                impMod21
 .bss.impKey21  0x0000000020000665        0x1 ./Core/Src/keymap.o
                0x0000000020000665                impKey21
 *fill*         0x0000000020000666        0x2 
 .bss.modKeyLayer21
                0x0000000020000668       0x10 ./Core/Src/keymap.o
                0x0000000020000668                modKeyLayer21
 .bss.impMod22  0x0000000020000678        0x1 ./Core/Src/keymap.o
                0x0000000020000678                impMod22
 .bss.impKey22  0x0000000020000679        0x1 ./Core/Src/keymap.o
                0x0000000020000679                impKey22
 *fill*         0x000000002000067a        0x2 
 .bss.modKeyLayer22
                0x000000002000067c       0x10 ./Core/Src/keymap.o
                0x000000002000067c                modKeyLayer22
 .bss.keyLayer22
                0x000000002000068c       0x10 ./Core/Src/keymap.o
                0x000000002000068c                keyLayer22
 .bss.impMod23  0x000000002000069c        0x1 ./Core/Src/keymap.o
                0x000000002000069c                impMod23
 .bss.impKey23  0x000000002000069d        0x1 ./Core/Src/keymap.o
                0x000000002000069d                impKey23
 .bss.impMod24  0x000000002000069e        0x1 ./Core/Src/keymap.o
                0x000000002000069e                impMod24
 .bss.impKey24  0x000000002000069f        0x1 ./Core/Src/keymap.o
                0x000000002000069f                impKey24
 .bss.impMod25  0x00000000200006a0        0x1 ./Core/Src/keymap.o
                0x00000000200006a0                impMod25
 .bss.impKey25  0x00000000200006a1        0x1 ./Core/Src/keymap.o
                0x00000000200006a1                impKey25
 *fill*         0x00000000200006a2        0x2 
 .bss.modKeyLayer25
                0x00000000200006a4       0x10 ./Core/Src/keymap.o
                0x00000000200006a4                modKeyLayer25
 .bss.keyLayer25
                0x00000000200006b4       0x10 ./Core/Src/keymap.o
                0x00000000200006b4                keyLayer25
 .bss.BuffLayer
                0x00000000200006c4       0x14 ./Core/Src/keymap.o
                0x00000000200006c4                BuffLayer
 .bss.hadc1     0x00000000200006d8       0x48 ./Core/Src/main.o
                0x00000000200006d8                hadc1
 .bss.hdma_adc1
                0x0000000020000720       0x60 ./Core/Src/main.o
                0x0000000020000720                hdma_adc1
 .bss.uwTick    0x0000000020000780        0x4 ./Drivers/STM32F4xx_HAL_Driver/Src/stm32f4xx_hal.o
                0x0000000020000780                uwTick
 .bss.cfgidx.0  0x0000000020000784        0x1 ./Middlewares/ST/STM32_USB_Device_Library/Core/Src/usbd_ctlreq.o
 *fill*         0x0000000020000785        0x3 
 .bss.hUsbDeviceFS
                0x0000000020000788      0x2dc ./USB_DEVICE/App/usb_device.o
                0x0000000020000788                hUsbDeviceFS
 .bss.USBD_StrDesc
                0x0000000020000a64      0x200 ./USB_DEVICE/App/usbd_desc.o
                0x0000000020000a64                USBD_StrDesc
 .bss.hpcd_USB_OTG_FS
                0x0000000020000c64      0x50c ./USB_DEVICE/Target/usbd_conf.o
                0x0000000020000c64                hpcd_USB_OTG_FS
 .bss.mem.0     0x0000000020001170       0x14 ./USB_DEVICE/Target/usbd_conf.o
 *(COMMON)
                0x0000000020001184                . = ALIGN (0x4)
                0x0000000020001184                _ebss = .
                0x0000000020001184                __bss_end__ = _ebss

._user_heap_stack
                0x0000000020001184      0x604 load address 0x0000000008008630
                0x0000000020001188                . = ALIGN (0x8)
 *fill*         0x0000000020001184        0x4 
                [!provide]                        PROVIDE (end = .)
                0x0000000020001188                PROVIDE (_end = .)
                0x0000000020001388                . = (. + _Min_Heap_Size)
 *fill*         0x0000000020001188      0x200 
                0x0000000020001788                . = (. + _Min_Stack_Size)
 *fill*         0x0000000020001388      0x400 
                0x0000000020001788                . = ALIGN (0x8)

/DISCARD/
 libc.a(*)
 libm.a(*)
 libgcc.a(*)

.ARM.attributes
                0x0000000000000000       0x30
 *(.ARM.attributes)
 .ARM.attributes
                0x0000000000000000       0x1e c:/st/stm32cubeide_1.9.0/stm32cubeide/plugins/com.st.stm32cube.ide.mcu.externaltools.gnu-tools-for-stm32.10.3-2021.10.win32_1.0.0.202111181127/tools/bin/../lib/gcc/arm-none-eabi/10.3.1/thumb/v7e-m+fp/hard/crti.o
 .ARM.attributes
                0x000000000000001e       0x34 c:/st/stm32cubeide_1.9.0/stm32cubeide/plugins/com.st.stm32cube.ide.mcu.externaltools.gnu-tools-for-stm32.10.3-2021.10.win32_1.0.0.202111181127/tools/bin/../lib/gcc/arm-none-eabi/10.3.1/thumb/v7e-m+fp/hard/crtbegin.o
 .ARM.attributes
                0x0000000000000052       0x34 ./Core/Src/keyb_util.o
 .ARM.attributes
                0x0000000000000086       0x34 ./Core/Src/keymap.o
 .ARM.attributes
                0x00000000000000ba       0x34 ./Core/Src/main.o
 .ARM.attributes
                0x00000000000000ee       0x34 ./Core/Src/stm32f4xx_hal_msp.o
 .ARM.attributes
                0x0000000000000122       0x34 ./Core/Src/stm32f4xx_it.o
 .ARM.attributes
                0x0000000000000156       0x34 ./Core/Src/system_stm32f4xx.o
 .ARM.attributes
                0x000000000000018a       0x21 ./Core/Startup/startup_stm32f401ccux.o
 .ARM.attributes
                0x00000000000001ab       0x34 ./Drivers/STM32F4xx_HAL_Driver/Src/stm32f4xx_hal.o
 .ARM.attributes
                0x00000000000001df       0x34 ./Drivers/STM32F4xx_HAL_Driver/Src/stm32f4xx_hal_adc.o
 .ARM.attributes
                0x0000000000000213       0x34 ./Drivers/STM32F4xx_HAL_Driver/Src/stm32f4xx_hal_cortex.o
 .ARM.attributes
                0x0000000000000247       0x34 ./Drivers/STM32F4xx_HAL_Driver/Src/stm32f4xx_hal_dma.o
 .ARM.attributes
                0x000000000000027b       0x34 ./Drivers/STM32F4xx_HAL_Driver/Src/stm32f4xx_hal_gpio.o
 .ARM.attributes
                0x00000000000002af       0x34 ./Drivers/STM32F4xx_HAL_Driver/Src/stm32f4xx_hal_pcd.o
 .ARM.attributes
                0x00000000000002e3       0x34 ./Drivers/STM32F4xx_HAL_Driver/Src/stm32f4xx_hal_pcd_ex.o
 .ARM.attributes
                0x0000000000000317       0x34 ./Drivers/STM32F4xx_HAL_Driver/Src/stm32f4xx_hal_rcc.o
 .ARM.attributes
                0x000000000000034b       0x34 ./Drivers/STM32F4xx_HAL_Driver/Src/stm32f4xx_ll_usb.o
 .ARM.attributes
                0x000000000000037f       0x34 ./Middlewares/ST/STM32_USB_Device_Library/Class/HID/Src/usbd_hid.o
 .ARM.attributes
                0x00000000000003b3       0x34 ./Middlewares/ST/STM32_USB_Device_Library/Core/Src/usbd_core.o
 .ARM.attributes
                0x00000000000003e7       0x34 ./Middlewares/ST/STM32_USB_Device_Library/Core/Src/usbd_ctlreq.o
 .ARM.attributes
                0x000000000000041b       0x34 ./Middlewares/ST/STM32_USB_Device_Library/Core/Src/usbd_ioreq.o
 .ARM.attributes
                0x000000000000044f       0x34 ./USB_DEVICE/App/usb_device.o
 .ARM.attributes
                0x0000000000000483       0x34 ./USB_DEVICE/App/usbd_desc.o
 .ARM.attributes
                0x00000000000004b7       0x34 ./USB_DEVICE/Target/usbd_conf.o
 .ARM.attributes
                0x00000000000004eb       0x34 c:/st/stm32cubeide_1.9.0/stm32cubeide/plugins/com.st.stm32cube.ide.mcu.externaltools.gnu-tools-for-stm32.10.3-2021.10.win32_1.0.0.202111181127/tools/bin/../lib/gcc/arm-none-eabi/10.3.1/../../../../arm-none-eabi/lib/thumb/v7e-m+fp/hard\libc_nano.a(lib_a-init.o)
 .ARM.attributes
                0x000000000000051f       0x34 c:/st/stm32cubeide_1.9.0/stm32cubeide/plugins/com.st.stm32cube.ide.mcu.externaltools.gnu-tools-for-stm32.10.3-2021.10.win32_1.0.0.202111181127/tools/bin/../lib/gcc/arm-none-eabi/10.3.1/../../../../arm-none-eabi/lib/thumb/v7e-m+fp/hard\libc_nano.a(lib_a-memset.o)
 .ARM.attributes
                0x0000000000000553       0x1e c:/st/stm32cubeide_1.9.0/stm32cubeide/plugins/com.st.stm32cube.ide.mcu.externaltools.gnu-tools-for-stm32.10.3-2021.10.win32_1.0.0.202111181127/tools/bin/../lib/gcc/arm-none-eabi/10.3.1/thumb/v7e-m+fp/hard\libgcc.a(_aeabi_uldivmod.o)
 .ARM.attributes
                0x0000000000000571       0x34 c:/st/stm32cubeide_1.9.0/stm32cubeide/plugins/com.st.stm32cube.ide.mcu.externaltools.gnu-tools-for-stm32.10.3-2021.10.win32_1.0.0.202111181127/tools/bin/../lib/gcc/arm-none-eabi/10.3.1/thumb/v7e-m+fp/hard\libgcc.a(_udivmoddi4.o)
 .ARM.attributes
                0x00000000000005a5       0x1e c:/st/stm32cubeide_1.9.0/stm32cubeide/plugins/com.st.stm32cube.ide.mcu.externaltools.gnu-tools-for-stm32.10.3-2021.10.win32_1.0.0.202111181127/tools/bin/../lib/gcc/arm-none-eabi/10.3.1/thumb/v7e-m+fp/hard\libgcc.a(_dvmd_tls.o)
 .ARM.attributes
                0x00000000000005c3       0x1e c:/st/stm32cubeide_1.9.0/stm32cubeide/plugins/com.st.stm32cube.ide.mcu.externaltools.gnu-tools-for-stm32.10.3-2021.10.win32_1.0.0.202111181127/tools/bin/../lib/gcc/arm-none-eabi/10.3.1/thumb/v7e-m+fp/hard/crtn.o
OUTPUT(chorduroi.elf elf32-littlearm)
LOAD linker stubs
LOAD c:/st/stm32cubeide_1.9.0/stm32cubeide/plugins/com.st.stm32cube.ide.mcu.externaltools.gnu-tools-for-stm32.10.3-2021.10.win32_1.0.0.202111181127/tools/bin/../lib/gcc/arm-none-eabi/10.3.1/../../../../arm-none-eabi/lib/thumb/v7e-m+fp/hard\libc.a
LOAD c:/st/stm32cubeide_1.9.0/stm32cubeide/plugins/com.st.stm32cube.ide.mcu.externaltools.gnu-tools-for-stm32.10.3-2021.10.win32_1.0.0.202111181127/tools/bin/../lib/gcc/arm-none-eabi/10.3.1/../../../../arm-none-eabi/lib/thumb/v7e-m+fp/hard\libm.a
LOAD c:/st/stm32cubeide_1.9.0/stm32cubeide/plugins/com.st.stm32cube.ide.mcu.externaltools.gnu-tools-for-stm32.10.3-2021.10.win32_1.0.0.202111181127/tools/bin/../lib/gcc/arm-none-eabi/10.3.1/thumb/v7e-m+fp/hard\libgcc.a

.debug_info     0x0000000000000000    0x10c25
 .debug_info    0x0000000000000000      0x550 ./Core/Src/keyb_util.o
 .debug_info    0x0000000000000550      0xa7f ./Core/Src/keymap.o
 .debug_info    0x0000000000000fcf     0x188f ./Core/Src/main.o
 .debug_info    0x000000000000285e      0xa11 ./Core/Src/stm32f4xx_hal_msp.o
 .debug_info    0x000000000000326f      0x8cd ./Core/Src/stm32f4xx_it.o
 .debug_info    0x0000000000003b3c      0x54f ./Core/Src/system_stm32f4xx.o
 .debug_info    0x000000000000408b       0x22 ./Core/Startup/startup_stm32f401ccux.o
 .debug_info    0x00000000000040ad      0x906 ./Drivers/STM32F4xx_HAL_Driver/Src/stm32f4xx_hal.o
 .debug_info    0x00000000000049b3      0xd68 ./Drivers/STM32F4xx_HAL_Driver/Src/stm32f4xx_hal_adc.o
 .debug_info    0x000000000000571b      0xd85 ./Drivers/STM32F4xx_HAL_Driver/Src/stm32f4xx_hal_cortex.o
 .debug_info    0x00000000000064a0      0x947 ./Drivers/STM32F4xx_HAL_Driver/Src/stm32f4xx_hal_dma.o
 .debug_info    0x0000000000006de7      0x78e ./Drivers/STM32F4xx_HAL_Driver/Src/stm32f4xx_hal_gpio.o
 .debug_info    0x0000000000007575     0x168d ./Drivers/STM32F4xx_HAL_Driver/Src/stm32f4xx_hal_pcd.o
 .debug_info    0x0000000000008c02      0x717 ./Drivers/STM32F4xx_HAL_Driver/Src/stm32f4xx_hal_pcd_ex.o
 .debug_info    0x0000000000009319      0x98c ./Drivers/STM32F4xx_HAL_Driver/Src/stm32f4xx_hal_rcc.o
 .debug_info    0x0000000000009ca5     0x1a97 ./Drivers/STM32F4xx_HAL_Driver/Src/stm32f4xx_ll_usb.o
 .debug_info    0x000000000000b73c      0xb0b ./Middlewares/ST/STM32_USB_Device_Library/Class/HID/Src/usbd_hid.o
 .debug_info    0x000000000000c247      0xee7 ./Middlewares/ST/STM32_USB_Device_Library/Core/Src/usbd_core.o
 .debug_info    0x000000000000d12e      0xb7f ./Middlewares/ST/STM32_USB_Device_Library/Core/Src/usbd_ctlreq.o
 .debug_info    0x000000000000dcad      0x7da ./Middlewares/ST/STM32_USB_Device_Library/Core/Src/usbd_ioreq.o
 .debug_info    0x000000000000e487      0x661 ./USB_DEVICE/App/usb_device.o
 .debug_info    0x000000000000eae8      0x498 ./USB_DEVICE/App/usbd_desc.o
 .debug_info    0x000000000000ef80     0x1ca5 ./USB_DEVICE/Target/usbd_conf.o

.debug_abbrev   0x0000000000000000     0x2f1b
 .debug_abbrev  0x0000000000000000      0x1af ./Core/Src/keyb_util.o
 .debug_abbrev  0x00000000000001af       0xc4 ./Core/Src/keymap.o
 .debug_abbrev  0x0000000000000273      0x39c ./Core/Src/main.o
 .debug_abbrev  0x000000000000060f      0x1d1 ./Core/Src/stm32f4xx_hal_msp.o
 .debug_abbrev  0x00000000000007e0      0x1b3 ./Core/Src/stm32f4xx_it.o
 .debug_abbrev  0x0000000000000993      0x116 ./Core/Src/system_stm32f4xx.o
 .debug_abbrev  0x0000000000000aa9       0x12 ./Core/Startup/startup_stm32f401ccux.o
 .debug_abbrev  0x0000000000000abb      0x23e ./Drivers/STM32F4xx_HAL_Driver/Src/stm32f4xx_hal.o
 .debug_abbrev  0x0000000000000cf9      0x204 ./Drivers/STM32F4xx_HAL_Driver/Src/stm32f4xx_hal_adc.o
 .debug_abbrev  0x0000000000000efd      0x316 ./Drivers/STM32F4xx_HAL_Driver/Src/stm32f4xx_hal_cortex.o
 .debug_abbrev  0x0000000000001213      0x21b ./Drivers/STM32F4xx_HAL_Driver/Src/stm32f4xx_hal_dma.o
 .debug_abbrev  0x000000000000142e      0x1c4 ./Drivers/STM32F4xx_HAL_Driver/Src/stm32f4xx_hal_gpio.o
 .debug_abbrev  0x00000000000015f2      0x2bb ./Drivers/STM32F4xx_HAL_Driver/Src/stm32f4xx_hal_pcd.o
 .debug_abbrev  0x00000000000018ad      0x1ce ./Drivers/STM32F4xx_HAL_Driver/Src/stm32f4xx_hal_pcd_ex.o
 .debug_abbrev  0x0000000000001a7b      0x2aa ./Drivers/STM32F4xx_HAL_Driver/Src/stm32f4xx_hal_rcc.o
 .debug_abbrev  0x0000000000001d25      0x296 ./Drivers/STM32F4xx_HAL_Driver/Src/stm32f4xx_ll_usb.o
 .debug_abbrev  0x0000000000001fbb      0x291 ./Middlewares/ST/STM32_USB_Device_Library/Class/HID/Src/usbd_hid.o
 .debug_abbrev  0x000000000000224c      0x263 ./Middlewares/ST/STM32_USB_Device_Library/Core/Src/usbd_core.o
 .debug_abbrev  0x00000000000024af      0x25c ./Middlewares/ST/STM32_USB_Device_Library/Core/Src/usbd_ctlreq.o
 .debug_abbrev  0x000000000000270b      0x18a ./Middlewares/ST/STM32_USB_Device_Library/Core/Src/usbd_ioreq.o
 .debug_abbrev  0x0000000000002895      0x181 ./USB_DEVICE/App/usb_device.o
 .debug_abbrev  0x0000000000002a16      0x1da ./USB_DEVICE/App/usbd_desc.o
 .debug_abbrev  0x0000000000002bf0      0x32b ./USB_DEVICE/Target/usbd_conf.o

.debug_aranges  0x0000000000000000      0xd00
 .debug_aranges
                0x0000000000000000       0x60 ./Core/Src/keyb_util.o
 .debug_aranges
                0x0000000000000060       0x18 ./Core/Src/keymap.o
 .debug_aranges
                0x0000000000000078       0x68 ./Core/Src/main.o
 .debug_aranges
                0x00000000000000e0       0x30 ./Core/Src/stm32f4xx_hal_msp.o
 .debug_aranges
                0x0000000000000110       0x70 ./Core/Src/stm32f4xx_it.o
 .debug_aranges
                0x0000000000000180       0x28 ./Core/Src/system_stm32f4xx.o
 .debug_aranges
                0x00000000000001a8       0x28 ./Core/Startup/startup_stm32f401ccux.o
 .debug_aranges
                0x00000000000001d0       0xf0 ./Drivers/STM32F4xx_HAL_Driver/Src/stm32f4xx_hal.o
 .debug_aranges
                0x00000000000002c0       0xe8 ./Drivers/STM32F4xx_HAL_Driver/Src/stm32f4xx_hal_adc.o
 .debug_aranges
                0x00000000000003a8      0x118 ./Drivers/STM32F4xx_HAL_Driver/Src/stm32f4xx_hal_cortex.o
 .debug_aranges
                0x00000000000004c0       0x90 ./Drivers/STM32F4xx_HAL_Driver/Src/stm32f4xx_hal_dma.o
 .debug_aranges
                0x0000000000000550       0x58 ./Drivers/STM32F4xx_HAL_Driver/Src/stm32f4xx_hal_gpio.o
 .debug_aranges
                0x00000000000005a8      0x148 ./Drivers/STM32F4xx_HAL_Driver/Src/stm32f4xx_hal_pcd.o
 .debug_aranges
                0x00000000000006f0       0x38 ./Drivers/STM32F4xx_HAL_Driver/Src/stm32f4xx_hal_pcd_ex.o
 .debug_aranges
                0x0000000000000728       0x88 ./Drivers/STM32F4xx_HAL_Driver/Src/stm32f4xx_hal_rcc.o
 .debug_aranges
                0x00000000000007b0      0x1a0 ./Drivers/STM32F4xx_HAL_Driver/Src/stm32f4xx_ll_usb.o
 .debug_aranges
                0x0000000000000950       0x68 ./Middlewares/ST/STM32_USB_Device_Library/Class/HID/Src/usbd_hid.o
 .debug_aranges
                0x00000000000009b8       0xd8 ./Middlewares/ST/STM32_USB_Device_Library/Core/Src/usbd_core.o
 .debug_aranges
                0x0000000000000a90       0x90 ./Middlewares/ST/STM32_USB_Device_Library/Core/Src/usbd_ctlreq.o
 .debug_aranges
                0x0000000000000b20       0x50 ./Middlewares/ST/STM32_USB_Device_Library/Core/Src/usbd_ioreq.o
 .debug_aranges
                0x0000000000000b70       0x20 ./USB_DEVICE/App/usb_device.o
 .debug_aranges
                0x0000000000000b90       0x60 ./USB_DEVICE/App/usbd_desc.o
 .debug_aranges
                0x0000000000000bf0      0x110 ./USB_DEVICE/Target/usbd_conf.o

.debug_ranges   0x0000000000000000      0xb90
 .debug_ranges  0x0000000000000000       0x50 ./Core/Src/keyb_util.o
 .debug_ranges  0x0000000000000050       0x58 ./Core/Src/main.o
 .debug_ranges  0x00000000000000a8       0x20 ./Core/Src/stm32f4xx_hal_msp.o
 .debug_ranges  0x00000000000000c8       0x60 ./Core/Src/stm32f4xx_it.o
 .debug_ranges  0x0000000000000128       0x18 ./Core/Src/system_stm32f4xx.o
 .debug_ranges  0x0000000000000140       0x20 ./Core/Startup/startup_stm32f401ccux.o
 .debug_ranges  0x0000000000000160       0xe0 ./Drivers/STM32F4xx_HAL_Driver/Src/stm32f4xx_hal.o
 .debug_ranges  0x0000000000000240       0xd8 ./Drivers/STM32F4xx_HAL_Driver/Src/stm32f4xx_hal_adc.o
 .debug_ranges  0x0000000000000318      0x108 ./Drivers/STM32F4xx_HAL_Driver/Src/stm32f4xx_hal_cortex.o
 .debug_ranges  0x0000000000000420       0x80 ./Drivers/STM32F4xx_HAL_Driver/Src/stm32f4xx_hal_dma.o
 .debug_ranges  0x00000000000004a0       0x48 ./Drivers/STM32F4xx_HAL_Driver/Src/stm32f4xx_hal_gpio.o
 .debug_ranges  0x00000000000004e8      0x138 ./Drivers/STM32F4xx_HAL_Driver/Src/stm32f4xx_hal_pcd.o
 .debug_ranges  0x0000000000000620       0x28 ./Drivers/STM32F4xx_HAL_Driver/Src/stm32f4xx_hal_pcd_ex.o
 .debug_ranges  0x0000000000000648       0x78 ./Drivers/STM32F4xx_HAL_Driver/Src/stm32f4xx_hal_rcc.o
 .debug_ranges  0x00000000000006c0      0x190 ./Drivers/STM32F4xx_HAL_Driver/Src/stm32f4xx_ll_usb.o
 .debug_ranges  0x0000000000000850       0x58 ./Middlewares/ST/STM32_USB_Device_Library/Class/HID/Src/usbd_hid.o
 .debug_ranges  0x00000000000008a8       0xc8 ./Middlewares/ST/STM32_USB_Device_Library/Core/Src/usbd_core.o
 .debug_ranges  0x0000000000000970       0x80 ./Middlewares/ST/STM32_USB_Device_Library/Core/Src/usbd_ctlreq.o
 .debug_ranges  0x00000000000009f0       0x40 ./Middlewares/ST/STM32_USB_Device_Library/Core/Src/usbd_ioreq.o
 .debug_ranges  0x0000000000000a30       0x10 ./USB_DEVICE/App/usb_device.o
 .debug_ranges  0x0000000000000a40       0x50 ./USB_DEVICE/App/usbd_desc.o
 .debug_ranges  0x0000000000000a90      0x100 ./USB_DEVICE/Target/usbd_conf.o

.debug_macro    0x0000000000000000    0x19cc3
 .debug_macro   0x0000000000000000      0x40c ./Core/Src/keyb_util.o
 .debug_macro   0x000000000000040c      0xa78 ./Core/Src/keyb_util.o
 .debug_macro   0x0000000000000e84       0x10 ./Core/Src/keyb_util.o
 .debug_macro   0x0000000000000e94       0x22 ./Core/Src/keyb_util.o
 .debug_macro   0x0000000000000eb6       0x8e ./Core/Src/keyb_util.o
 .debug_macro   0x0000000000000f44       0x51 ./Core/Src/keyb_util.o
 .debug_macro   0x0000000000000f95      0x103 ./Core/Src/keyb_util.o
 .debug_macro   0x0000000000001098       0x6a ./Core/Src/keyb_util.o
 .debug_macro   0x0000000000001102      0x1df ./Core/Src/keyb_util.o
 .debug_macro   0x00000000000012e1       0x2e ./Core/Src/keyb_util.o
 .debug_macro   0x000000000000130f       0x28 ./Core/Src/keyb_util.o
 .debug_macro   0x0000000000001337       0x1c ./Core/Src/keyb_util.o
 .debug_macro   0x0000000000001353       0x22 ./Core/Src/keyb_util.o
 .debug_macro   0x0000000000001375       0xd9 ./Core/Src/keyb_util.o
 .debug_macro   0x000000000000144e     0x102d ./Core/Src/keyb_util.o
 .debug_macro   0x000000000000247b      0x11f ./Core/Src/keyb_util.o
 .debug_macro   0x000000000000259a     0xb86c ./Core/Src/keyb_util.o
 .debug_macro   0x000000000000de06       0x6d ./Core/Src/keyb_util.o
 .debug_macro   0x000000000000de73      0x29b ./Core/Src/keyb_util.o
 .debug_macro   0x000000000000e10e     0x367e ./Core/Src/keyb_util.o
 .debug_macro   0x000000000001178c      0x174 ./Core/Src/keyb_util.o
 .debug_macro   0x0000000000011900       0x5c ./Core/Src/keyb_util.o
 .debug_macro   0x000000000001195c      0x416 ./Core/Src/keyb_util.o
 .debug_macro   0x0000000000011d72      0x9fe ./Core/Src/keyb_util.o
 .debug_macro   0x0000000000012770      0x115 ./Core/Src/keyb_util.o
 .debug_macro   0x0000000000012885       0xf8 ./Core/Src/keyb_util.o
 .debug_macro   0x000000000001297d       0xa5 ./Core/Src/keyb_util.o
 .debug_macro   0x0000000000012a22      0x15f ./Core/Src/keyb_util.o
 .debug_macro   0x0000000000012b81      0x287 ./Core/Src/keyb_util.o
 .debug_macro   0x0000000000012e08       0x5f ./Core/Src/keyb_util.o
 .debug_macro   0x0000000000012e67      0x236 ./Core/Src/keyb_util.o
 .debug_macro   0x000000000001309d      0x9e1 ./Core/Src/keyb_util.o
 .debug_macro   0x0000000000013a7e      0x38b ./Core/Src/keyb_util.o
 .debug_macro   0x0000000000013e09      0x176 ./Core/Src/keyb_util.o
 .debug_macro   0x0000000000013f7f       0xf9 ./Core/Src/keyb_util.o
 .debug_macro   0x0000000000014078      0x132 ./Core/Src/keyb_util.o
 .debug_macro   0x00000000000141aa      0x23a ./Core/Src/keyb_util.o
 .debug_macro   0x00000000000143e4       0x2e ./Core/Src/keyb_util.o
 .debug_macro   0x0000000000014412      0x11a ./Core/Src/keyb_util.o
 .debug_macro   0x000000000001452c       0x85 ./Core/Src/keyb_util.o
 .debug_macro   0x00000000000145b1       0x89 ./Core/Src/keyb_util.o
 .debug_macro   0x000000000001463a      0x248 ./Core/Src/keyb_util.o
 .debug_macro   0x0000000000014882       0xba ./Core/Src/keyb_util.o