Archive member included to satisfy reference by file (symbol)

c:/st/stm32cubeide_1.9.0/stm32cubeide/plugins/com.st.stm32cube.ide.mcu.externaltools.gnu-tools-for-stm32.10.3-2021.10.win32_1.0.0.202111181127/tools/bin/../lib/gcc/arm-none-eabi/10.3.1/../../../../arm-none-eabi/lib/thumb/v7e-m+fp/hard\libc_nano.a(lib_a-errno.o)
                              ./Core/Src/syscalls.o (__errno)
c:/st/stm32cubeide_1.9.0/stm32cubeide/plugins/com.st.stm32cube.ide.mcu.externaltools.gnu-tools-for-stm32.10.3-2021.10.win32_1.0.0.202111181127/tools/bin/../lib/gcc/arm-none-eabi/10.3.1/../../../../arm-none-eabi/lib/thumb/v7e-m+fp/hard\libc_nano.a(lib_a-exit.o)
                              c:/st/stm32cubeide_1.9.0/stm32cubeide/plugins/com.st.stm32cube.ide.mcu.externaltools.gnu-tools-for-stm32.10.3-2021.10.win32_1.0.0.202111181127/tools/bin/../lib/gcc/arm-none-eabi/10.3.1/../../../../arm-none-eabi/lib/thumb/v7e-m+fp/hard/crt0.o (exit)
c:/st/stm32cubeide_1.9.0/stm32cubeide/plugins/com.st.stm32cube.ide.mcu.externaltools.gnu-tools-for-stm32.10.3-2021.10.win32_1.0.0.202111181127/tools/bin/../lib/gcc/arm-none-eabi/10.3.1/../../../../arm-none-eabi/lib/thumb/v7e-m+fp/hard\libc_nano.a(lib_a-impure.o)
                              c:/st/stm32cubeide_1.9.0/stm32cubeide/plugins/com.st.stm32cube.ide.mcu.externaltools.gnu-tools-for-stm32.10.3-2021.10.win32_1.0.0.202111181127/tools/bin/../lib/gcc/arm-none-eabi/10.3.1/../../../../arm-none-eabi/lib/thumb/v7e-m+fp/hard\libc_nano.a(lib_a-exit.o) (_global_impure_ptr)
c:/st/stm32cubeide_1.9.0/stm32cubeide/plugins/com.st.stm32cube.ide.mcu.externaltools.gnu-tools-for-stm32.10.3-2021.10.win32_1.0.0.202111181127/tools/bin/../lib/gcc/arm-none-eabi/10.3.1/../../../../arm-none-eabi/lib/thumb/v7e-m+fp/hard\libc_nano.a(lib_a-init.o)
                              c:/st/stm32cubeide_1.9.0/stm32cubeide/plugins/com.st.stm32cube.ide.mcu.externaltools.gnu-tools-for-stm32.10.3-2021.10.win32_1.0.0.202111181127/tools/bin/../lib/gcc/arm-none-eabi/10.3.1/../../../../arm-none-eabi/lib/thumb/v7e-m+fp/hard/crt0.o (__libc_init_array)
c:/st/stm32cubeide_1.9.0/stm32cubeide/plugins/com.st.stm32cube.ide.mcu.externaltools.gnu-tools-for-stm32.10.3-2021.10.win32_1.0.0.202111181127/tools/bin/../lib/gcc/arm-none-eabi/10.3.1/../../../../arm-none-eabi/lib/thumb/v7e-m+fp/hard\libc_nano.a(lib_a-memset.o)
                              c:/st/stm32cubeide_1.9.0/stm32cubeide/plugins/com.st.stm32cube.ide.mcu.externaltools.gnu-tools-for-stm32.10.3-2021.10.win32_1.0.0.202111181127/tools/bin/../lib/gcc/arm-none-eabi/10.3.1/../../../../arm-none-eabi/lib/thumb/v7e-m+fp/hard/crt0.o (memset)
c:/st/stm32cubeide_1.9.0/stm32cubeide/plugins/com.st.stm32cube.ide.mcu.externaltools.gnu-tools-for-stm32.10.3-2021.10.win32_1.0.0.202111181127/tools/bin/../lib/gcc/arm-none-eabi/10.3.1/thumb/v7e-m+fp/hard\libgcc.a(_aeabi_uldivmod.o)
                              ./Drivers/STM32F4xx_HAL_Driver/Src/stm32f4xx_hal_rcc.o (__aeabi_uldivmod)
c:/st/stm32cubeide_1.9.0/stm32cubeide/plugins/com.st.stm32cube.ide.mcu.externaltools.gnu-tools-for-stm32.10.3-2021.10.win32_1.0.0.202111181127/tools/bin/../lib/gcc/arm-none-eabi/10.3.1/thumb/v7e-m+fp/hard\libgcc.a(_udivmoddi4.o)
                              c:/st/stm32cubeide_1.9.0/stm32cubeide/plugins/com.st.stm32cube.ide.mcu.externaltools.gnu-tools-for-stm32.10.3-2021.10.win32_1.0.0.202111181127/tools/bin/../lib/gcc/arm-none-eabi/10.3.1/thumb/v7e-m+fp/hard\libgcc.a(_aeabi_uldivmod.o) (__udivmoddi4)
c:/st/stm32cubeide_1.9.0/stm32cubeide/plugins/com.st.stm32cube.ide.mcu.externaltools.gnu-tools-for-stm32.10.3-2021.10.win32_1.0.0.202111181127/tools/bin/../lib/gcc/arm-none-eabi/10.3.1/thumb/v7e-m+fp/hard\libgcc.a(_dvmd_tls.o)
                              c:/st/stm32cubeide_1.9.0/stm32cubeide/plugins/com.st.stm32cube.ide.mcu.externaltools.gnu-tools-for-stm32.10.3-2021.10.win32_1.0.0.202111181127/tools/bin/../lib/gcc/arm-none-eabi/10.3.1/thumb/v7e-m+fp/hard\libgcc.a(_aeabi_uldivmod.o) (__aeabi_ldiv0)

Discarded input sections

 .text          0x0000000000000000        0x0 c:/st/stm32cubeide_1.9.0/stm32cubeide/plugins/com.st.stm32cube.ide.mcu.externaltools.gnu-tools-for-stm32.10.3-2021.10.win32_1.0.0.202111181127/tools/bin/../lib/gcc/arm-none-eabi/10.3.1/thumb/v7e-m+fp/hard/crti.o
 .data          0x0000000000000000        0x0 c:/st/stm32cubeide_1.9.0/stm32cubeide/plugins/com.st.stm32cube.ide.mcu.externaltools.gnu-tools-for-stm32.10.3-2021.10.win32_1.0.0.202111181127/tools/bin/../lib/gcc/arm-none-eabi/10.3.1/thumb/v7e-m+fp/hard/crti.o
 .bss           0x0000000000000000        0x0 c:/st/stm32cubeide_1.9.0/stm32cubeide/plugins/com.st.stm32cube.ide.mcu.externaltools.gnu-tools-for-stm32.10.3-2021.10.win32_1.0.0.202111181127/tools/bin/../lib/gcc/arm-none-eabi/10.3.1/thumb/v7e-m+fp/hard/crti.o
[...]
Memory Configuration

Name             Origin             Length             Attributes
RAM              0x0000000020000000 0x0000000000010000 xrw
FLASH            0x0000000008000000 0x0000000000040000 xr
*default*        0x0000000000000000 0xffffffffffffffff

Linker script and memory map

LOAD c:/st/stm32cubeide_1.9.0/stm32cubeide/plugins/com.st.stm32cube.ide.mcu.externaltools.gnu-tools-for-stm32.10.3-2021.10.win32_1.0.0.202111181127/tools/bin/../lib/gcc/arm-none-eabi/10.3.1/thumb/v7e-m+fp/hard/crti.o
LOAD c:/st/stm32cubeide_1.9.0/stm32cubeide/plugins/com.st.stm32cube.ide.mcu.externaltools.gnu-tools-for-stm32.10.3-2021.10.win32_1.0.0.202111181127/tools/bin/../lib/gcc/arm-none-eabi/10.3.1/thumb/v7e-m+fp/hard/crtbegin.o
LOAD c:/st/stm32cubeide_1.9.0/stm32cubeide/plugins/com.st.stm32cube.ide.mcu.externaltools.gnu-tools-for-stm32.10.3-2021.10.win32_1.0.0.202111181127/tools/bin/../lib/gcc/arm-none-eabi/10.3.1/../../../../arm-none-eabi/lib/thumb/v7e-m+fp/hard/crt0.o
LOAD ./Core/Src/keyb_util.o
LOAD ./Core/Src/keymap.o
LOAD ./Core/Src/main.o
LOAD ./Core/Src/stm32f4xx_hal_msp.o
LOAD ./Core/Src/stm32f4xx_it.o
LOAD ./Core/Src/syscalls.o
LOAD ./Core/Src/sysmem.o
LOAD ./Core/Src/system_stm32f4xx.o
LOAD ./Core/Startup/startup_stm32f401ccux.o
LOAD ./Drivers/STM32F4xx_HAL_Driver/Src/stm32f4xx_hal.o
LOAD ./Drivers/STM32F4xx_HAL_Driver/Src/stm32f4xx_hal_adc.o
LOAD ./Drivers/STM32F4xx_HAL_Driver/Src/stm32f4xx_hal_adc_ex.o
LOAD ./Drivers/STM32F4xx_HAL_Driver/Src/stm32f4xx_hal_cortex.o
LOAD ./Drivers/STM32F4xx_HAL_Driver/Src/stm32f4xx_hal_dma.o
LOAD ./Drivers/STM32F4xx_HAL_Driver/Src/stm32f4xx_hal_dma_ex.o
LOAD ./Drivers/STM32F4xx_HAL_Driver/Src/stm32f4xx_hal_exti.o
LOAD ./Drivers/STM32F4xx_HAL_Driver/Src/stm32f4xx_hal_flash.o
LOAD ./Drivers/STM32F4xx_HAL_Driver/Src/stm32f4xx_hal_flash_ex.o
LOAD ./Drivers/STM32F4xx_HAL_Driver/Src/stm32f4xx_hal_flash_ramfunc.o
LOAD ./Drivers/STM32F4xx_HAL_Driver/Src/stm32f4xx_hal_gpio.o
LOAD ./Drivers/STM32F4xx_HAL_Driver/Src/stm32f4xx_hal_pcd.o
LOAD ./Drivers/STM32F4xx_HAL_Driver/Src/stm32f4xx_hal_pcd_ex.o
LOAD ./Drivers/STM32F4xx_HAL_Driver/Src/stm32f4xx_hal_pwr.o
LOAD ./Drivers/STM32F4xx_HAL_Driver/Src/stm32f4xx_hal_pwr_ex.o
LOAD ./Drivers/STM32F4xx_HAL_Driver/Src/stm32f4xx_hal_rcc.o
LOAD ./Drivers/STM32F4xx_HAL_Driver/Src/stm32f4xx_hal_rcc_ex.o
LOAD ./Drivers/STM32F4xx_HAL_Driver/Src/stm32f4xx_hal_tim.o
LOAD ./Drivers/STM32F4xx_HAL_Driver/Src/stm32f4xx_hal_tim_ex.o
LOAD ./Drivers/STM32F4xx_HAL_Driver/Src/stm32f4xx_ll_adc.o
LOAD ./Drivers/STM32F4xx_HAL_Driver/Src/stm32f4xx_ll_usb.o
LOAD ./Middlewares/ST/STM32_USB_Device_Library/Class/HID/Src/usbd_hid.o
LOAD ./Middlewares/ST/STM32_USB_Device_Library/Core/Src/usbd_core.o
LOAD ./Middlewares/ST/STM32_USB_Device_Library/Core/Src/usbd_ctlreq.o
LOAD ./Middlewares/ST/STM32_USB_Device_Library/Core/Src/usbd_ioreq.o
LOAD ./USB_DEVICE/App/usb_device.o
LOAD ./USB_DEVICE/App/usbd_desc.o
LOAD ./USB_DEVICE/Target/usbd_conf.o
START GROUP
LOAD c:/st/stm32cubeide_1.9.0/stm32cubeide/plugins/com.st.stm32cube.ide.mcu.externaltools.gnu-tools-for-stm32.10.3-2021.10.win32_1.0.0.202111181127/tools/bin/../lib/gcc/arm-none-eabi/10.3.1/../../../../arm-none-eabi/lib/thumb/v7e-m+fp/hard\libc_nano.a
LOAD c:/st/stm32cubeide_1.9.0/stm32cubeide/plugins/com.st.stm32cube.ide.mcu.externaltools.gnu-tools-for-stm32.10.3-2021.10.win32_1.0.0.202111181127/tools/bin/../lib/gcc/arm-none-eabi/10.3.1/../../../../arm-none-eabi/lib/thumb/v7e-m+fp/hard\libm.a
END GROUP
START GROUP
LOAD c:/st/stm32cubeide_1.9.0/stm32cubeide/plugins/com.st.stm32cube.ide.mcu.externaltools.gnu-tools-for-stm32.10.3-2021.10.win32_1.0.0.202111181127/tools/bin/../lib/gcc/arm-none-eabi/10.3.1/thumb/v7e-m+fp/hard\libgcc.a
LOAD c:/st/stm32cubeide_1.9.0/stm32cubeide/plugins/com.st.stm32cube.ide.mcu.externaltools.gnu-tools-for-stm32.10.3-2021.10.win32_1.0.0.202111181127/tools/bin/../lib/gcc/arm-none-eabi/10.3.1/../../../../arm-none-eabi/lib/thumb/v7e-m+fp/hard\libc_nano.a
END GROUP
START GROUP
LOAD c:/st/stm32cubeide_1.9.0/stm32cubeide/plugins/com.st.stm32cube.ide.mcu.externaltools.gnu-tools-for-stm32.10.3-2021.10.win32_1.0.0.202111181127/tools/bin/../lib/gcc/arm-none-eabi/10.3.1/thumb/v7e-m+fp/hard\libgcc.a
LOAD c:/st/stm32cubeide_1.9.0/stm32cubeide/plugins/com.st.stm32cube.ide.mcu.externaltools.gnu-tools-for-stm32.10.3-2021.10.win32_1.0.0.202111181127/tools/bin/../lib/gcc/arm-none-eabi/10.3.1/../../../../arm-none-eabi/lib/thumb/v7e-m+fp/hard\libc_nano.a
LOAD c:/st/stm32cubeide_1.9.0/stm32cubeide/plugins/com.st.stm32cube.ide.mcu.externaltools.gnu-tools-for-stm32.10.3-2021.10.win32_1.0.0.202111181127/tools/bin/../lib/gcc/arm-none-eabi/10.3.1/../../../../arm-none-eabi/lib/thumb/v7e-m+fp/hard\libnosys.a
END GROUP
START GROUP
LOAD c:/st/stm32cubeide_1.9.0/stm32cubeide/plugins/com.st.stm32cube.ide.mcu.externaltools.gnu-tools-for-stm32.10.3-2021.10.win32_1.0.0.202111181127/tools/bin/../lib/gcc/arm-none-eabi/10.3.1/thumb/v7e-m+fp/hard\libgcc.a
LOAD c:/st/stm32cubeide_1.9.0/stm32cubeide/plugins/com.st.stm32cube.ide.mcu.externaltools.gnu-tools-for-stm32.10.3-2021.10.win32_1.0.0.202111181127/tools/bin/../lib/gcc/arm-none-eabi/10.3.1/../../../../arm-none-eabi/lib/thumb/v7e-m+fp/hard\libc_nano.a
LOAD c:/st/stm32cubeide_1.9.0/stm32cubeide/plugins/com.st.stm32cube.ide.mcu.externaltools.gnu-tools-for-stm32.10.3-2021.10.win32_1.0.0.202111181127/tools/bin/../lib/gcc/arm-none-eabi/10.3.1/../../../../arm-none-eabi/lib/thumb/v7e-m+fp/hard\libnosys.a
END GROUP
LOAD c:/st/stm32cubeide_1.9.0/stm32cubeide/plugins/com.st.stm32cube.ide.mcu.externaltools.gnu-tools-for-stm32.10.3-2021.10.win32_1.0.0.202111181127/tools/bin/../lib/gcc/arm-none-eabi/10.3.1/thumb/v7e-m+fp/hard/crtend.o
LOAD c:/st/stm32cubeide_1.9.0/stm32cubeide/plugins/com.st.stm32cube.ide.mcu.externaltools.gnu-tools-for-stm32.10.3-2021.10.win32_1.0.0.202111181127/tools/bin/../lib/gcc/arm-none-eabi/10.3.1/thumb/v7e-m+fp/hard/crtn.o
                0x0000000020010000                _estack = (ORIGIN (RAM) + LENGTH (RAM))
                0x0000000000000200                _Min_Heap_Size = 0x200
                0x0000000000000400                _Min_Stack_Size = 0x400

.isr_vector     0x0000000008000000      0x194
                0x0000000008000000                . = ALIGN (0x4)
 *(.isr_vector)
 .isr_vector    0x0000000008000000      0x194 ./Core/Startup/startup_stm32f401ccux.o
                0x0000000008000000                g_pfnVectors
                0x0000000008000194                . = ALIGN (0x4)

.text           0x0000000008000194     0x77a4
                0x0000000008000194                . = ALIGN (0x4)
 *(.text)
 .text          0x0000000008000194       0x40 c:/st/stm32cubeide_1.9.0/stm32cubeide/plugins/com.st.stm32cube.ide.mcu.externaltools.gnu-tools-for-stm32.10.3-2021.10.win32_1.0.0.202111181127/tools/bin/../lib/gcc/arm-none-eabi/10.3.1/thumb/v7e-m+fp/hard/crtbegin.o
 .text          0x00000000080001d4       0x30 c:/st/stm32cubeide_1.9.0/stm32cubeide/plugins/com.st.stm32cube.ide.mcu.externaltools.gnu-tools-for-stm32.10.3-2021.10.win32_1.0.0.202111181127/tools/bin/../lib/gcc/arm-none-eabi/10.3.1/thumb/v7e-m+fp/hard\libgcc.a(_aeabi_uldivmod.o)
                0x00000000080001d4                __aeabi_uldivmod
 .text          0x0000000008000204      0x2d0 c:/st/stm32cubeide_1.9.0/stm32cubeide/plugins/com.st.stm32cube.ide.mcu.externaltools.gnu-tools-for-stm32.10.3-2021.10.win32_1.0.0.202111181127/tools/bin/../lib/gcc/arm-none-eabi/10.3.1/thumb/v7e-m+fp/hard\libgcc.a(_udivmoddi4.o)
                0x0000000008000204                __udivmoddi4
 .text          0x00000000080004d4        0x4 c:/st/stm32cubeide_1.9.0/stm32cubeide/plugins/com.st.stm32cube.ide.mcu.externaltools.gnu-tools-for-stm32.10.3-2021.10.win32_1.0.0.202111181127/tools/bin/../lib/gcc/arm-none-eabi/10.3.1/thumb/v7e-m+fp/hard\libgcc.a(_dvmd_tls.o)
                0x00000000080004d4                __aeabi_idiv0
                0x00000000080004d4                __aeabi_ldiv0
 *(.text*)
 .text.checkKeyPins
                0x00000000080004d8       0x24 ./Core/Src/keyb_util.o
                0x00000000080004d8                checkKeyPins
 .text.setModByte
                0x00000000080004fc       0x26 ./Core/Src/keyb_util.o
                0x00000000080004fc                setModByte
 .text.setKeyBytes
                0x0000000008000522       0x6c ./Core/Src/keyb_util.o
                0x0000000008000522                setKeyBytes
 .text.setReport
                0x000000000800058e       0x68 ./Core/Src/keyb_util.o
                0x000000000800058e                setReport
 .text.setHeld  0x00000000080005f6       0x24 ./Core/Src/keyb_util.o
                0x00000000080005f6                setHeld
 .text.setHeldReport
                0x000000000800061a       0x48 ./Core/Src/keyb_util.o
                0x000000000800061a                setHeldReport
 .text.scanKeys
                0x0000000008000662       0x7e ./Core/Src/keyb_util.o
                0x0000000008000662                scanKeys
 .text.clearReport
                0x00000000080006e0       0x34 ./Core/Src/keyb_util.o
                0x00000000080006e0                clearReport
 .text.readStick
                0x0000000008000714       0x64 ./Core/Src/main.o
                0x0000000008000714                readStick
 .text.categorizeJoy
                0x0000000008000778       0xd8 ./Core/Src/main.o
                0x0000000008000778                categorizeJoy
 .text.bitmaskToLayer
                0x0000000008000850      0x2ac ./Core/Src/main.o
                0x0000000008000850                bitmaskToLayer
 .text.layerNumToRef
                0x0000000008000afc       0x2a ./Core/Src/main.o
                0x0000000008000afc                layerNumToRef
 *fill*         0x0000000008000b26        0x2 
 .text.setJoystate
                0x0000000008000b28      0x100 ./Core/Src/main.o
                0x0000000008000b28                setJoystate
 .text.ADC_Select_CH0
                0x0000000008000c28       0x40 ./Core/Src/main.o
                0x0000000008000c28                ADC_Select_CH0
 .text.ADC_Select_CH2
                0x0000000008000c68       0x40 ./Core/Src/main.o
                0x0000000008000c68                ADC_Select_CH2
 .text.main     0x0000000008000ca8       0xf0 ./Core/Src/main.o
                0x0000000008000ca8                main
 .text.SystemClock_Config
                0x0000000008000d98       0xd4 ./Core/Src/main.o
                0x0000000008000d98                SystemClock_Config
 .text.MX_ADC1_Init
                0x0000000008000e6c       0x84 ./Core/Src/main.o
 .text.MX_GPIO_Init
                0x0000000008000ef0      0x114 ./Core/Src/main.o
 .text.Error_Handler
                0x0000000008001004        0xa ./Core/Src/main.o
                0x0000000008001004                Error_Handler
 *fill*         0x000000000800100e        0x2 
 .text.HAL_MspInit
                0x0000000008001010       0x50 ./Core/Src/stm32f4xx_hal_msp.o
                0x0000000008001010                HAL_MspInit
 .text.HAL_ADC_MspInit
                0x0000000008001060       0x88 ./Core/Src/stm32f4xx_hal_msp.o
                0x0000000008001060                HAL_ADC_MspInit
 .text.NMI_Handler
                0x00000000080010e8        0x6 ./Core/Src/stm32f4xx_it.o
                0x00000000080010e8                NMI_Handler
 .text.HardFault_Handler
                0x00000000080010ee        0x6 ./Core/Src/stm32f4xx_it.o
                0x00000000080010ee                HardFault_Handler
 .text.MemManage_Handler
                0x00000000080010f4        0x6 ./Core/Src/stm32f4xx_it.o
                0x00000000080010f4                MemManage_Handler
 .text.BusFault_Handler
                0x00000000080010fa        0x6 ./Core/Src/stm32f4xx_it.o
                0x00000000080010fa                BusFault_Handler
 .text.UsageFault_Handler
                0x0000000008001100        0x6 ./Core/Src/stm32f4xx_it.o
                0x0000000008001100                UsageFault_Handler
 .text.SVC_Handler
                0x0000000008001106        0xe ./Core/Src/stm32f4xx_it.o
                0x0000000008001106                SVC_Handler
 .text.DebugMon_Handler
                0x0000000008001114        0xe ./Core/Src/stm32f4xx_it.o
                0x0000000008001114                DebugMon_Handler
 .text.PendSV_Handler
                0x0000000008001122        0xe ./Core/Src/stm32f4xx_it.o
                0x0000000008001122                PendSV_Handler
 .text.SysTick_Handler
                0x0000000008001130        0xc ./Core/Src/stm32f4xx_it.o
                0x0000000008001130                SysTick_Handler
 .text.OTG_FS_IRQHandler
                0x000000000800113c       0x14 ./Core/Src/stm32f4xx_it.o
                0x000000000800113c                OTG_FS_IRQHandler
 .text.SystemInit
                0x0000000008001150       0x24 ./Core/Src/system_stm32f4xx.o
                0x0000000008001150                SystemInit
 .text.Reset_Handler
                0x0000000008001174       0x50 ./Core/Startup/startup_stm32f401ccux.o
                0x0000000008001174                Reset_Handler
 .text.Default_Handler
                0x00000000080011c4        0x2 ./Core/Startup/startup_stm32f401ccux.o
                0x00000000080011c4                RTC_Alarm_IRQHandler
                0x00000000080011c4                EXTI2_IRQHandler
                0x00000000080011c4                SPI4_IRQHandler
                0x00000000080011c4                TIM1_CC_IRQHandler
                0x00000000080011c4                DMA2_Stream5_IRQHandler
                0x00000000080011c4                DMA1_Stream5_IRQHandler
                0x00000000080011c4                PVD_IRQHandler
                0x00000000080011c4                SDIO_IRQHandler
                0x00000000080011c4                TAMP_STAMP_IRQHandler
                0x00000000080011c4                EXTI3_IRQHandler
                0x00000000080011c4                TIM1_UP_TIM10_IRQHandler
                0x00000000080011c4                I2C3_ER_IRQHandler
                0x00000000080011c4                EXTI0_IRQHandler
                0x00000000080011c4                I2C2_EV_IRQHandler
                0x00000000080011c4                DMA1_Stream2_IRQHandler
                0x00000000080011c4                FPU_IRQHandler
                0x00000000080011c4                DMA2_Stream2_IRQHandler
                0x00000000080011c4                SPI1_IRQHandler
                0x00000000080011c4                TIM1_BRK_TIM9_IRQHandler
                0x00000000080011c4                DMA2_Stream3_IRQHandler
                0x00000000080011c4                USART6_IRQHandler
                0x00000000080011c4                DMA2_Stream0_IRQHandler
                0x00000000080011c4                TIM4_IRQHandler
                0x00000000080011c4                I2C1_EV_IRQHandler
                0x00000000080011c4                DMA1_Stream6_IRQHandler
                0x00000000080011c4                DMA1_Stream1_IRQHandler
                0x00000000080011c4                TIM3_IRQHandler
                0x00000000080011c4                RCC_IRQHandler
                0x00000000080011c4                Default_Handler
                0x00000000080011c4                EXTI15_10_IRQHandler
                0x00000000080011c4                ADC_IRQHandler
                0x00000000080011c4                DMA1_Stream7_IRQHandler
                0x00000000080011c4                TIM5_IRQHandler
                0x00000000080011c4                DMA2_Stream7_IRQHandler
                0x00000000080011c4                I2C3_EV_IRQHandler
                0x00000000080011c4                EXTI9_5_IRQHandler
                0x00000000080011c4                RTC_WKUP_IRQHandler
                0x00000000080011c4                SPI2_IRQHandler
                0x00000000080011c4                DMA1_Stream0_IRQHandler
                0x00000000080011c4                EXTI4_IRQHandler
                0x00000000080011c4                WWDG_IRQHandler
                0x00000000080011c4                TIM2_IRQHandler
                0x00000000080011c4                OTG_FS_WKUP_IRQHandler
                0x00000000080011c4                TIM1_TRG_COM_TIM11_IRQHandler
                0x00000000080011c4                EXTI1_IRQHandler
                0x00000000080011c4                USART2_IRQHandler
                0x00000000080011c4                I2C2_ER_IRQHandler
                0x00000000080011c4                DMA2_Stream1_IRQHandler
                0x00000000080011c4                FLASH_IRQHandler
                0x00000000080011c4                DMA2_Stream4_IRQHandler
                0x00000000080011c4                USART1_IRQHandler
                0x00000000080011c4                SPI3_IRQHandler
                0x00000000080011c4                DMA1_Stream4_IRQHandler
                0x00000000080011c4                I2C1_ER_IRQHandler
                0x00000000080011c4                DMA2_Stream6_IRQHandler
                0x00000000080011c4                DMA1_Stream3_IRQHandler
 *fill*         0x00000000080011c6        0x2 
 .text.HAL_Init
                0x00000000080011c8       0x44 ./Drivers/STM32F4xx_HAL_Driver/Src/stm32f4xx_hal.o
                0x00000000080011c8                HAL_Init
 .text.HAL_InitTick
                0x000000000800120c       0x60 ./Drivers/STM32F4xx_HAL_Driver/Src/stm32f4xx_hal.o
                0x000000000800120c                HAL_InitTick
 .text.HAL_IncTick
                0x000000000800126c       0x28 ./Drivers/STM32F4xx_HAL_Driver/Src/stm32f4xx_hal.o
                0x000000000800126c                HAL_IncTick
 .text.HAL_GetTick
                0x0000000008001294       0x18 ./Drivers/STM32F4xx_HAL_Driver/Src/stm32f4xx_hal.o
                0x0000000008001294                HAL_GetTick
 .text.HAL_Delay
                0x00000000080012ac       0x48 ./Drivers/STM32F4xx_HAL_Driver/Src/stm32f4xx_hal.o
                0x00000000080012ac                HAL_Delay
 .text.HAL_ADC_Init
                0x00000000080012f4       0x86 ./Drivers/STM32F4xx_HAL_Driver/Src/stm32f4xx_hal_adc.o
                0x00000000080012f4                HAL_ADC_Init
 *fill*         0x000000000800137a        0x2 
 .text.HAL_ADC_Start
                0x000000000800137c      0x168 ./Drivers/STM32F4xx_HAL_Driver/Src/stm32f4xx_hal_adc.o
                0x000000000800137c                HAL_ADC_Start
 .text.HAL_ADC_Stop
                0x00000000080014e4       0x66 ./Drivers/STM32F4xx_HAL_Driver/Src/stm32f4xx_hal_adc.o
                0x00000000080014e4                HAL_ADC_Stop
 .text.HAL_ADC_PollForConversion
                0x000000000800154a      0x116 ./Drivers/STM32F4xx_HAL_Driver/Src/stm32f4xx_hal_adc.o
                0x000000000800154a                HAL_ADC_PollForConversion
 .text.HAL_ADC_GetValue
                0x0000000008001660       0x1a ./Drivers/STM32F4xx_HAL_Driver/Src/stm32f4xx_hal_adc.o
                0x0000000008001660                HAL_ADC_GetValue
 *fill*         0x000000000800167a        0x2 
 .text.HAL_ADC_ConfigChannel
                0x000000000800167c      0x244 ./Drivers/STM32F4xx_HAL_Driver/Src/stm32f4xx_hal_adc.o
                0x000000000800167c                HAL_ADC_ConfigChannel
 .text.ADC_Init
                0x00000000080018c0      0x1f8 ./Drivers/STM32F4xx_HAL_Driver/Src/stm32f4xx_hal_adc.o
 .text.__NVIC_SetPriorityGrouping
                0x0000000008001ab8       0x48 ./Drivers/STM32F4xx_HAL_Driver/Src/stm32f4xx_hal_cortex.o
 .text.__NVIC_GetPriorityGrouping
                0x0000000008001b00       0x1c ./Drivers/STM32F4xx_HAL_Driver/Src/stm32f4xx_hal_cortex.o
 .text.__NVIC_EnableIRQ
                0x0000000008001b1c       0x3c ./Drivers/STM32F4xx_HAL_Driver/Src/stm32f4xx_hal_cortex.o
 .text.__NVIC_SetPriority
                0x0000000008001b58       0x54 ./Drivers/STM32F4xx_HAL_Driver/Src/stm32f4xx_hal_cortex.o
 .text.NVIC_EncodePriority
                0x0000000008001bac       0x66 ./Drivers/STM32F4xx_HAL_Driver/Src/stm32f4xx_hal_cortex.o
 *fill*         0x0000000008001c12        0x2 
 .text.SysTick_Config
                0x0000000008001c14       0x44 ./Drivers/STM32F4xx_HAL_Driver/Src/stm32f4xx_hal_cortex.o
 .text.HAL_NVIC_SetPriorityGrouping
                0x0000000008001c58       0x16 ./Drivers/STM32F4xx_HAL_Driver/Src/stm32f4xx_hal_cortex.o
                0x0000000008001c58                HAL_NVIC_SetPriorityGrouping
 .text.HAL_NVIC_SetPriority
                0x0000000008001c6e       0x38 ./Drivers/STM32F4xx_HAL_Driver/Src/stm32f4xx_hal_cortex.o
                0x0000000008001c6e                HAL_NVIC_SetPriority
 .text.HAL_NVIC_EnableIRQ
                0x0000000008001ca6       0x1c ./Drivers/STM32F4xx_HAL_Driver/Src/stm32f4xx_hal_cortex.o
                0x0000000008001ca6                HAL_NVIC_EnableIRQ
 .text.HAL_SYSTICK_Config
                0x0000000008001cc2       0x18 ./Drivers/STM32F4xx_HAL_Driver/Src/stm32f4xx_hal_cortex.o
                0x0000000008001cc2                HAL_SYSTICK_Config
 *fill*         0x0000000008001cda        0x2 
 .text.HAL_GPIO_Init
                0x0000000008001cdc      0x308 ./Drivers/STM32F4xx_HAL_Driver/Src/stm32f4xx_hal_gpio.o
                0x0000000008001cdc                HAL_GPIO_Init
 .text.HAL_GPIO_ReadPin
                0x0000000008001fe4       0x30 ./Drivers/STM32F4xx_HAL_Driver/Src/stm32f4xx_hal_gpio.o
                0x0000000008001fe4                HAL_GPIO_ReadPin
 .text.HAL_GPIO_WritePin
                0x0000000008002014       0x32 ./Drivers/STM32F4xx_HAL_Driver/Src/stm32f4xx_hal_gpio.o
                0x0000000008002014                HAL_GPIO_WritePin
 .text.HAL_PCD_Init
                0x0000000008002046      0x23a ./Drivers/STM32F4xx_HAL_Driver/Src/stm32f4xx_hal_pcd.o
                0x0000000008002046                HAL_PCD_Init
 .text.HAL_PCD_Start
                0x0000000008002280       0x66 ./Drivers/STM32F4xx_HAL_Driver/Src/stm32f4xx_hal_pcd.o
                0x0000000008002280                HAL_PCD_Start
 .text.HAL_PCD_IRQHandler
                0x00000000080022e6      0x93e ./Drivers/STM32F4xx_HAL_Driver/Src/stm32f4xx_hal_pcd.o
                0x00000000080022e6                HAL_PCD_IRQHandler
 .text.HAL_PCD_SetAddress
                0x0000000008002c24       0x4a ./Drivers/STM32F4xx_HAL_Driver/Src/stm32f4xx_hal_pcd.o
                0x0000000008002c24                HAL_PCD_SetAddress
 .text.HAL_PCD_EP_Open
                0x0000000008002c6e       0xd0 ./Drivers/STM32F4xx_HAL_Driver/Src/stm32f4xx_hal_pcd.o
                0x0000000008002c6e                HAL_PCD_EP_Open
 .text.HAL_PCD_EP_Close
                0x0000000008002d3e       0x94 ./Drivers/STM32F4xx_HAL_Driver/Src/stm32f4xx_hal_pcd.o
                0x0000000008002d3e                HAL_PCD_EP_Close
 .text.HAL_PCD_EP_Receive
                0x0000000008002dd2       0x96 ./Drivers/STM32F4xx_HAL_Driver/Src/stm32f4xx_hal_pcd.o
                0x0000000008002dd2                HAL_PCD_EP_Receive
 .text.HAL_PCD_EP_Transmit
                0x0000000008002e68       0x94 ./Drivers/STM32F4xx_HAL_Driver/Src/stm32f4xx_hal_pcd.o
                0x0000000008002e68                HAL_PCD_EP_Transmit
 .text.HAL_PCD_EP_SetStall
                0x0000000008002efc       0xc8 ./Drivers/STM32F4xx_HAL_Driver/Src/stm32f4xx_hal_pcd.o
                0x0000000008002efc                HAL_PCD_EP_SetStall
 .text.HAL_PCD_EP_ClrStall
                0x0000000008002fc4       0xac ./Drivers/STM32F4xx_HAL_Driver/Src/stm32f4xx_hal_pcd.o
                0x0000000008002fc4                HAL_PCD_EP_ClrStall
 .text.HAL_PCD_EP_Abort
                0x0000000008003070       0x62 ./Drivers/STM32F4xx_HAL_Driver/Src/stm32f4xx_hal_pcd.o
                0x0000000008003070                HAL_PCD_EP_Abort
 .text.PCD_WriteEmptyTxFifo
                0x00000000080030d2      0x11a ./Drivers/STM32F4xx_HAL_Driver/Src/stm32f4xx_hal_pcd.o
 .text.PCD_EP_OutXfrComplete_int
                0x00000000080031ec      0x1d0 ./Drivers/STM32F4xx_HAL_Driver/Src/stm32f4xx_hal_pcd.o
 .text.PCD_EP_OutSetupPacket_int
                0x00000000080033bc       0x8c ./Drivers/STM32F4xx_HAL_Driver/Src/stm32f4xx_hal_pcd.o
 .text.HAL_PCDEx_SetTxFiFo
                0x0000000008003448       0x8e ./Drivers/STM32F4xx_HAL_Driver/Src/stm32f4xx_hal_pcd_ex.o
                0x0000000008003448                HAL_PCDEx_SetTxFiFo
 .text.HAL_PCDEx_SetRxFiFo
                0x00000000080034d6       0x22 ./Drivers/STM32F4xx_HAL_Driver/Src/stm32f4xx_hal_pcd_ex.o
                0x00000000080034d6                HAL_PCDEx_SetRxFiFo
 .text.HAL_PCDEx_LPM_Callback
                0x00000000080034f8       0x18 ./Drivers/STM32F4xx_HAL_Driver/Src/stm32f4xx_hal_pcd_ex.o
                0x00000000080034f8                HAL_PCDEx_LPM_Callback
 .text.HAL_RCC_OscConfig
                0x0000000008003510      0x4f0 ./Drivers/STM32F4xx_HAL_Driver/Src/stm32f4xx_hal_rcc.o
                0x0000000008003510                HAL_RCC_OscConfig
 .text.HAL_RCC_ClockConfig
                0x0000000008003a00      0x1cc ./Drivers/STM32F4xx_HAL_Driver/Src/stm32f4xx_hal_rcc.o
                0x0000000008003a00                HAL_RCC_ClockConfig
 .text.HAL_RCC_GetSysClockFreq
                0x0000000008003bcc      0x18c ./Drivers/STM32F4xx_HAL_Driver/Src/stm32f4xx_hal_rcc.o
                0x0000000008003bcc                HAL_RCC_GetSysClockFreq
 .text.HAL_RCC_GetHCLKFreq
                0x0000000008003d58       0x18 ./Drivers/STM32F4xx_HAL_Driver/Src/stm32f4xx_hal_rcc.o
                0x0000000008003d58                HAL_RCC_GetHCLKFreq
 .text.USB_CoreInit
                0x0000000008003d70       0xc2 ./Drivers/STM32F4xx_HAL_Driver/Src/stm32f4xx_ll_usb.o
                0x0000000008003d70                USB_CoreInit
 *fill*         0x0000000008003e32        0x2 
 .text.USB_SetTurnaroundTime
                0x0000000008003e34      0x144 ./Drivers/STM32F4xx_HAL_Driver/Src/stm32f4xx_ll_usb.o
                0x0000000008003e34                USB_SetTurnaroundTime
 .text.USB_EnableGlobalInt
                0x0000000008003f78       0x22 ./Drivers/STM32F4xx_HAL_Driver/Src/stm32f4xx_ll_usb.o
                0x0000000008003f78                USB_EnableGlobalInt
 .text.USB_DisableGlobalInt
                0x0000000008003f9a       0x22 ./Drivers/STM32F4xx_HAL_Driver/Src/stm32f4xx_ll_usb.o
                0x0000000008003f9a                USB_DisableGlobalInt
 .text.USB_SetCurrentMode
                0x0000000008003fbc       0x98 ./Drivers/STM32F4xx_HAL_Driver/Src/stm32f4xx_ll_usb.o
                0x0000000008003fbc                USB_SetCurrentMode
 .text.USB_DevInit
                0x0000000008004054      0x2c8 ./Drivers/STM32F4xx_HAL_Driver/Src/stm32f4xx_ll_usb.o
                0x0000000008004054                USB_DevInit
 .text.USB_FlushTxFifo
                0x000000000800431c       0x68 ./Drivers/STM32F4xx_HAL_Driver/Src/stm32f4xx_ll_usb.o
                0x000000000800431c                USB_FlushTxFifo
 .text.USB_FlushRxFifo
                0x0000000008004384       0x60 ./Drivers/STM32F4xx_HAL_Driver/Src/stm32f4xx_ll_usb.o
                0x0000000008004384                USB_FlushRxFifo
 .text.USB_SetDevSpeed
                0x00000000080043e4       0x32 ./Drivers/STM32F4xx_HAL_Driver/Src/stm32f4xx_ll_usb.o
                0x00000000080043e4                USB_SetDevSpeed
 .text.USB_GetDevSpeed
                0x0000000008004416       0x4a ./Drivers/STM32F4xx_HAL_Driver/Src/stm32f4xx_ll_usb.o
                0x0000000008004416                USB_GetDevSpeed
 .text.USB_ActivateEndpoint
                0x0000000008004460      0x10e ./Drivers/STM32F4xx_HAL_Driver/Src/stm32f4xx_ll_usb.o
                0x0000000008004460                USB_ActivateEndpoint
 *fill*         0x000000000800456e        0x2 
 .text.USB_DeactivateEndpoint
                0x0000000008004570      0x1b8 ./Drivers/STM32F4xx_HAL_Driver/Src/stm32f4xx_ll_usb.o
                0x0000000008004570                USB_DeactivateEndpoint
 .text.USB_EPStartXfer
                0x0000000008004728      0x490 ./Drivers/STM32F4xx_HAL_Driver/Src/stm32f4xx_ll_usb.o
                0x0000000008004728                USB_EPStartXfer
 .text.USB_EP0StartXfer
                0x0000000008004bb8      0x2b0 ./Drivers/STM32F4xx_HAL_Driver/Src/stm32f4xx_ll_usb.o
                0x0000000008004bb8                USB_EP0StartXfer
 .text.USB_EPStopXfer
                0x0000000008004e68      0x154 ./Drivers/STM32F4xx_HAL_Driver/Src/stm32f4xx_ll_usb.o
                0x0000000008004e68                USB_EPStopXfer
 .text.USB_WritePacket
                0x0000000008004fbc       0x7c ./Drivers/STM32F4xx_HAL_Driver/Src/stm32f4xx_ll_usb.o
                0x0000000008004fbc                USB_WritePacket
 .text.USB_ReadPacket
                0x0000000008005038       0xb0 ./Drivers/STM32F4xx_HAL_Driver/Src/stm32f4xx_ll_usb.o
                0x0000000008005038                USB_ReadPacket
 .text.USB_EPSetStall
                0x00000000080050e8       0xdc ./Drivers/STM32F4xx_HAL_Driver/Src/stm32f4xx_ll_usb.o
                0x00000000080050e8                USB_EPSetStall
 .text.USB_EPClearStall
                0x00000000080051c4       0xcc ./Drivers/STM32F4xx_HAL_Driver/Src/stm32f4xx_ll_usb.o
                0x00000000080051c4                USB_EPClearStall
 .text.USB_SetDevAddress
                0x0000000008005290       0x4c ./Drivers/STM32F4xx_HAL_Driver/Src/stm32f4xx_ll_usb.o
                0x0000000008005290                USB_SetDevAddress
 .text.USB_DevConnect
                0x00000000080052dc       0x42 ./Drivers/STM32F4xx_HAL_Driver/Src/stm32f4xx_ll_usb.o
                0x00000000080052dc                USB_DevConnect
 .text.USB_DevDisconnect
                0x000000000800531e       0x42 ./Drivers/STM32F4xx_HAL_Driver/Src/stm32f4xx_ll_usb.o
                0x000000000800531e                USB_DevDisconnect
 .text.USB_ReadInterrupts
                0x0000000008005360       0x26 ./Drivers/STM32F4xx_HAL_Driver/Src/stm32f4xx_ll_usb.o
                0x0000000008005360                USB_ReadInterrupts
 .text.USB_ReadDevAllOutEpInterrupt
                0x0000000008005386       0x34 ./Drivers/STM32F4xx_HAL_Driver/Src/stm32f4xx_ll_usb.o
                0x0000000008005386                USB_ReadDevAllOutEpInterrupt
 .text.USB_ReadDevAllInEpInterrupt
                0x00000000080053ba       0x34 ./Drivers/STM32F4xx_HAL_Driver/Src/stm32f4xx_ll_usb.o
                0x00000000080053ba                USB_ReadDevAllInEpInterrupt
 .text.USB_ReadDevOutEPInterrupt
                0x00000000080053ee       0x3c ./Drivers/STM32F4xx_HAL_Driver/Src/stm32f4xx_ll_usb.o
                0x00000000080053ee                USB_ReadDevOutEPInterrupt
 .text.USB_ReadDevInEPInterrupt
                0x000000000800542a       0x5c ./Drivers/STM32F4xx_HAL_Driver/Src/stm32f4xx_ll_usb.o
                0x000000000800542a                USB_ReadDevInEPInterrupt
 .text.USB_GetMode
                0x0000000008005486       0x1c ./Drivers/STM32F4xx_HAL_Driver/Src/stm32f4xx_ll_usb.o
                0x0000000008005486                USB_GetMode
 .text.USB_ActivateSetup
                0x00000000080054a2       0x46 ./Drivers/STM32F4xx_HAL_Driver/Src/stm32f4xx_ll_usb.o
                0x00000000080054a2                USB_ActivateSetup
 .text.USB_EP0_OutStart
                0x00000000080054e8       0xbc ./Drivers/STM32F4xx_HAL_Driver/Src/stm32f4xx_ll_usb.o
                0x00000000080054e8                USB_EP0_OutStart
 .text.USB_CoreReset
                0x00000000080055a4       0x68 ./Drivers/STM32F4xx_HAL_Driver/Src/stm32f4xx_ll_usb.o
 .text.USBD_HID_Init
                0x000000000800560c       0xcc ./Middlewares/ST/STM32_USB_Device_Library/Class/HID/Src/usbd_hid.o
 .text.USBD_HID_DeInit
                0x00000000080056d8       0x90 ./Middlewares/ST/STM32_USB_Device_Library/Class/HID/Src/usbd_hid.o
 .text.USBD_HID_Setup
                0x0000000008005768      0x210 ./Middlewares/ST/STM32_USB_Device_Library/Class/HID/Src/usbd_hid.o
 .text.USBD_HID_SendReport
                0x0000000008005978       0x60 ./Middlewares/ST/STM32_USB_Device_Library/Class/HID/Src/usbd_hid.o
                0x0000000008005978                USBD_HID_SendReport
 .text.USBD_HID_GetFSCfgDesc
                0x00000000080059d8       0x34 ./Middlewares/ST/STM32_USB_Device_Library/Class/HID/Src/usbd_hid.o
 .text.USBD_HID_GetHSCfgDesc
                0x0000000008005a0c       0x34 ./Middlewares/ST/STM32_USB_Device_Library/Class/HID/Src/usbd_hid.o
 .text.USBD_HID_GetOtherSpeedCfgDesc
                0x0000000008005a40       0x34 ./Middlewares/ST/STM32_USB_Device_Library/Class/HID/Src/usbd_hid.o
 .text.USBD_HID_DataIn
                0x0000000008005a74       0x2c ./Middlewares/ST/STM32_USB_Device_Library/Class/HID/Src/usbd_hid.o
 .text.USBD_HID_GetDeviceQualifierDesc
                0x0000000008005aa0       0x20 ./Middlewares/ST/STM32_USB_Device_Library/Class/HID/Src/usbd_hid.o
 .text.USBD_Init
                0x0000000008005ac0       0x60 ./Middlewares/ST/STM32_USB_Device_Library/Core/Src/usbd_core.o
                0x0000000008005ac0                USBD_Init
 .text.USBD_RegisterClass
                0x0000000008005b20       0x6c ./Middlewares/ST/STM32_USB_Device_Library/Core/Src/usbd_core.o
                0x0000000008005b20                USBD_RegisterClass
 .text.USBD_Start
                0x0000000008005b8c       0x18 ./Middlewares/ST/STM32_USB_Device_Library/Core/Src/usbd_core.o
                0x0000000008005b8c                USBD_Start
 .text.USBD_RunTestMode
                0x0000000008005ba4       0x16 ./Middlewares/ST/STM32_USB_Device_Library/Core/Src/usbd_core.o
                0x0000000008005ba4                USBD_RunTestMode
 .text.USBD_SetClassConfig
                0x0000000008005bba       0x38 ./Middlewares/ST/STM32_USB_Device_Library/Core/Src/usbd_core.o
                0x0000000008005bba                USBD_SetClassConfig
 .text.USBD_ClrClassConfig
                0x0000000008005bf2       0x34 ./Middlewares/ST/STM32_USB_Device_Library/Core/Src/usbd_core.o
                0x0000000008005bf2                USBD_ClrClassConfig
 .text.USBD_LL_SetupStage
                0x0000000008005c26       0xaa ./Middlewares/ST/STM32_USB_Device_Library/Core/Src/usbd_core.o
                0x0000000008005c26                USBD_LL_SetupStage
 .text.USBD_LL_DataOutStage
                0x0000000008005cd0      0x166 ./Middlewares/ST/STM32_USB_Device_Library/Core/Src/usbd_core.o
                0x0000000008005cd0                USBD_LL_DataOutStage
 .text.USBD_LL_DataInStage
                0x0000000008005e36      0x164 ./Middlewares/ST/STM32_USB_Device_Library/Core/Src/usbd_core.o
                0x0000000008005e36                USBD_LL_DataInStage
 .text.USBD_LL_Reset
                0x0000000008005f9a       0xa4 ./Middlewares/ST/STM32_USB_Device_Library/Core/Src/usbd_core.o
                0x0000000008005f9a                USBD_LL_Reset
 .text.USBD_LL_SetSpeed
                0x000000000800603e       0x20 ./Middlewares/ST/STM32_USB_Device_Library/Core/Src/usbd_core.o
                0x000000000800603e                USBD_LL_SetSpeed
 .text.USBD_LL_Suspend
                0x000000000800605e       0x2c ./Middlewares/ST/STM32_USB_Device_Library/Core/Src/usbd_core.o
                0x000000000800605e                USBD_LL_Suspend
 .text.USBD_LL_Resume
                0x000000000800608a       0x30 ./Middlewares/ST/STM32_USB_Device_Library/Core/Src/usbd_core.o
                0x000000000800608a                USBD_LL_Resume
 .text.USBD_LL_SOF
                0x00000000080060ba       0x40 ./Middlewares/ST/STM32_USB_Device_Library/Core/Src/usbd_core.o
                0x00000000080060ba                USBD_LL_SOF
 .text.USBD_LL_IsoINIncomplete
                0x00000000080060fa       0x64 ./Middlewares/ST/STM32_USB_Device_Library/Core/Src/usbd_core.o
                0x00000000080060fa                USBD_LL_IsoINIncomplete
 .text.USBD_LL_IsoOUTIncomplete
                0x000000000800615e       0x64 ./Middlewares/ST/STM32_USB_Device_Library/Core/Src/usbd_core.o
                0x000000000800615e                USBD_LL_IsoOUTIncomplete
 .text.USBD_LL_DevConnected
                0x00000000080061c2       0x16 ./Middlewares/ST/STM32_USB_Device_Library/Core/Src/usbd_core.o
                0x00000000080061c2                USBD_LL_DevConnected
 .text.USBD_LL_DevDisconnected
                0x00000000080061d8       0x46 ./Middlewares/ST/STM32_USB_Device_Library/Core/Src/usbd_core.o
                0x00000000080061d8                USBD_LL_DevDisconnected
 .text.USBD_CoreFindIF
                0x000000000800621e       0x1a ./Middlewares/ST/STM32_USB_Device_Library/Core/Src/usbd_core.o
                0x000000000800621e                USBD_CoreFindIF
 .text.USBD_CoreFindEP
                0x0000000008006238       0x1a ./Middlewares/ST/STM32_USB_Device_Library/Core/Src/usbd_core.o
                0x0000000008006238                USBD_CoreFindEP
 .text.USBD_GetEpDesc
                0x0000000008006252       0x74 ./Middlewares/ST/STM32_USB_Device_Library/Core/Src/usbd_core.o
                0x0000000008006252                USBD_GetEpDesc
 .text.USBD_GetNextDesc
                0x00000000080062c6       0x3a ./Middlewares/ST/STM32_USB_Device_Library/Core/Src/usbd_core.o
                0x00000000080062c6                USBD_GetNextDesc
 .text.SWAPBYTE
                0x0000000008006300       0x3c ./Middlewares/ST/STM32_USB_Device_Library/Core/Src/usbd_ctlreq.o
 .text.USBD_StdDevReq
                0x000000000800633c       0xe4 ./Middlewares/ST/STM32_USB_Device_Library/Core/Src/usbd_ctlreq.o
                0x000000000800633c                USBD_StdDevReq
 .text.USBD_StdItfReq
                0x0000000008006420       0xd8 ./Middlewares/ST/STM32_USB_Device_Library/Core/Src/usbd_ctlreq.o
                0x0000000008006420                USBD_StdItfReq
 .text.USBD_StdEPReq
                0x00000000080064f8      0x33a ./Middlewares/ST/STM32_USB_Device_Library/Core/Src/usbd_ctlreq.o
                0x00000000080064f8                USBD_StdEPReq
 *fill*         0x0000000008006832        0x2 
 .text.USBD_GetDescriptor
                0x0000000008006834      0x2d4 ./Middlewares/ST/STM32_USB_Device_Library/Core/Src/usbd_ctlreq.o
 .text.USBD_SetAddress
                0x0000000008006b08       0x88 ./Middlewares/ST/STM32_USB_Device_Library/Core/Src/usbd_ctlreq.o
 .text.USBD_SetConfig
                0x0000000008006b90      0x154 ./Middlewares/ST/STM32_USB_Device_Library/Core/Src/usbd_ctlreq.o
 .text.USBD_GetConfig
                0x0000000008006ce4       0x6c ./Middlewares/ST/STM32_USB_Device_Library/Core/Src/usbd_ctlreq.o
 .text.USBD_GetStatus
                0x0000000008006d50       0x68 ./Middlewares/ST/STM32_USB_Device_Library/Core/Src/usbd_ctlreq.o
 .text.USBD_SetFeature
                0x0000000008006db8       0x52 ./Middlewares/ST/STM32_USB_Device_Library/Core/Src/usbd_ctlreq.o
 .text.USBD_ClrFeature
                0x0000000008006e0a       0x44 ./Middlewares/ST/STM32_USB_Device_Library/Core/Src/usbd_ctlreq.o
 .text.USBD_ParseSetupRequest
                0x0000000008006e4e       0x74 ./Middlewares/ST/STM32_USB_Device_Library/Core/Src/usbd_ctlreq.o
                0x0000000008006e4e                USBD_ParseSetupRequest
 .text.USBD_CtlError
                0x0000000008006ec2       0x22 ./Middlewares/ST/STM32_USB_Device_Library/Core/Src/usbd_ctlreq.o
                0x0000000008006ec2                USBD_CtlError
 .text.USBD_GetString
                0x0000000008006ee4       0x8c ./Middlewares/ST/STM32_USB_Device_Library/Core/Src/usbd_ctlreq.o
                0x0000000008006ee4                USBD_GetString
 .text.USBD_GetLen
                0x0000000008006f70       0x34 ./Middlewares/ST/STM32_USB_Device_Library/Core/Src/usbd_ctlreq.o
 .text.USBD_CtlSendData
                0x0000000008006fa4       0x36 ./Middlewares/ST/STM32_USB_Device_Library/Core/Src/usbd_ioreq.o
                0x0000000008006fa4                USBD_CtlSendData
 .text.USBD_CtlContinueSendData
                0x0000000008006fda       0x22 ./Middlewares/ST/STM32_USB_Device_Library/Core/Src/usbd_ioreq.o
                0x0000000008006fda                USBD_CtlContinueSendData
 .text.USBD_CtlContinueRx
                0x0000000008006ffc       0x22 ./Middlewares/ST/STM32_USB_Device_Library/Core/Src/usbd_ioreq.o
                0x0000000008006ffc                USBD_CtlContinueRx
 .text.USBD_CtlSendStatus
                0x000000000800701e       0x26 ./Middlewares/ST/STM32_USB_Device_Library/Core/Src/usbd_ioreq.o
                0x000000000800701e                USBD_CtlSendStatus
 .text.USBD_CtlReceiveStatus
                0x0000000008007044       0x26 ./Middlewares/ST/STM32_USB_Device_Library/Core/Src/usbd_ioreq.o
                0x0000000008007044                USBD_CtlReceiveStatus
 *fill*         0x000000000800706a        0x2 
 .text.MX_USB_DEVICE_Init
                0x000000000800706c       0x4c ./USB_DEVICE/App/usb_device.o
                0x000000000800706c                MX_USB_DEVICE_Init
 .text.USBD_FS_DeviceDescriptor
                0x00000000080070b8       0x24 ./USB_DEVICE/App/usbd_desc.o
                0x00000000080070b8                USBD_FS_DeviceDescriptor
 .text.USBD_FS_LangIDStrDescriptor
                0x00000000080070dc       0x24 ./USB_DEVICE/App/usbd_desc.o
                0x00000000080070dc                USBD_FS_LangIDStrDescriptor
 .text.USBD_FS_ProductStrDescriptor
                0x0000000008007100       0x3c ./USB_DEVICE/App/usbd_desc.o
                0x0000000008007100                USBD_FS_ProductStrDescriptor
 .text.USBD_FS_ManufacturerStrDescriptor
                0x000000000800713c       0x28 ./USB_DEVICE/App/usbd_desc.o
                0x000000000800713c                USBD_FS_ManufacturerStrDescriptor
 .text.USBD_FS_SerialStrDescriptor
                0x0000000008007164       0x24 ./USB_DEVICE/App/usbd_desc.o
                0x0000000008007164                USBD_FS_SerialStrDescriptor
 .text.USBD_FS_ConfigStrDescriptor
                0x0000000008007188       0x3c ./USB_DEVICE/App/usbd_desc.o
                0x0000000008007188                USBD_FS_ConfigStrDescriptor
 .text.USBD_FS_InterfaceStrDescriptor
                0x00000000080071c4       0x3c ./USB_DEVICE/App/usbd_desc.o
                0x00000000080071c4                USBD_FS_InterfaceStrDescriptor
 .text.Get_SerialNum
                0x0000000008007200       0x58 ./USB_DEVICE/App/usbd_desc.o
 .text.IntToUnicode
                0x0000000008007258       0x7e ./USB_DEVICE/App/usbd_desc.o
 *fill*         0x00000000080072d6        0x2 
 .text.HAL_PCD_MspInit
                0x00000000080072d8       0xa8 ./USB_DEVICE/Target/usbd_conf.o
                0x00000000080072d8                HAL_PCD_MspInit
 .text.HAL_PCD_SetupStageCallback
                0x0000000008007380       0x24 ./USB_DEVICE/Target/usbd_conf.o
                0x0000000008007380                HAL_PCD_SetupStageCallback
 .text.HAL_PCD_DataOutStageCallback
                0x00000000080073a4       0x36 ./USB_DEVICE/Target/usbd_conf.o
                0x00000000080073a4                HAL_PCD_DataOutStageCallback
 .text.HAL_PCD_DataInStageCallback
                0x00000000080073da       0x34 ./USB_DEVICE/Target/usbd_conf.o
                0x00000000080073da                HAL_PCD_DataInStageCallback
 .text.HAL_PCD_SOFCallback
                0x000000000800740e       0x1c ./USB_DEVICE/Target/usbd_conf.o
                0x000000000800740e                HAL_PCD_SOFCallback
 .text.HAL_PCD_ResetCallback
                0x000000000800742a       0x3c ./USB_DEVICE/Target/usbd_conf.o
                0x000000000800742a                HAL_PCD_ResetCallback
 *fill*         0x0000000008007466        0x2 
 .text.HAL_PCD_SuspendCallback
                0x0000000008007468       0x4c ./USB_DEVICE/Target/usbd_conf.o
                0x0000000008007468                HAL_PCD_SuspendCallback
 .text.HAL_PCD_ResumeCallback
                0x00000000080074b4       0x1c ./USB_DEVICE/Target/usbd_conf.o
                0x00000000080074b4                HAL_PCD_ResumeCallback
 .text.HAL_PCD_ISOOUTIncompleteCallback
                0x00000000080074d0       0x24 ./USB_DEVICE/Target/usbd_conf.o
                0x00000000080074d0                HAL_PCD_ISOOUTIncompleteCallback
 .text.HAL_PCD_ISOINIncompleteCallback
                0x00000000080074f4       0x24 ./USB_DEVICE/Target/usbd_conf.o
                0x00000000080074f4                HAL_PCD_ISOINIncompleteCallback
 .text.HAL_PCD_ConnectCallback
                0x0000000008007518       0x1c ./USB_DEVICE/Target/usbd_conf.o
                0x0000000008007518                HAL_PCD_ConnectCallback
 .text.HAL_PCD_DisconnectCallback
                0x0000000008007534       0x1c ./USB_DEVICE/Target/usbd_conf.o
                0x0000000008007534                HAL_PCD_DisconnectCallback
 .text.USBD_LL_Init
                0x0000000008007550       0x98 ./USB_DEVICE/Target/usbd_conf.o
                0x0000000008007550                USBD_LL_Init
 .text.USBD_LL_Start
                0x00000000080075e8       0x36 ./USB_DEVICE/Target/usbd_conf.o
                0x00000000080075e8                USBD_LL_Start
 .text.USBD_LL_OpenEP
                0x000000000800761e       0x4c ./USB_DEVICE/Target/usbd_conf.o
                0x000000000800761e                USBD_LL_OpenEP
 .text.USBD_LL_CloseEP
                0x000000000800766a       0x3e ./USB_DEVICE/Target/usbd_conf.o
                0x000000000800766a                USBD_LL_CloseEP
 .text.USBD_LL_StallEP
                0x00000000080076a8       0x3e ./USB_DEVICE/Target/usbd_conf.o
                0x00000000080076a8                USBD_LL_StallEP
 .text.USBD_LL_ClearStallEP
                0x00000000080076e6       0x3e ./USB_DEVICE/Target/usbd_conf.o
                0x00000000080076e6                USBD_LL_ClearStallEP
 .text.USBD_LL_IsStallEP
                0x0000000008007724       0x58 ./USB_DEVICE/Target/usbd_conf.o
                0x0000000008007724                USBD_LL_IsStallEP
 .text.USBD_LL_SetUSBAddress
                0x000000000800777c       0x3e ./USB_DEVICE/Target/usbd_conf.o
                0x000000000800777c                USBD_LL_SetUSBAddress
 .text.USBD_LL_Transmit
                0x00000000080077ba       0x42 ./USB_DEVICE/Target/usbd_conf.o
                0x00000000080077ba                USBD_LL_Transmit
 .text.USBD_LL_PrepareReceive
                0x00000000080077fc       0x42 ./USB_DEVICE/Target/usbd_conf.o
                0x00000000080077fc                USBD_LL_PrepareReceive
 *fill*         0x000000000800783e        0x2 
 .text.USBD_static_malloc
                0x0000000008007840       0x1c ./USB_DEVICE/Target/usbd_conf.o
                0x0000000008007840                USBD_static_malloc
 .text.USBD_static_free
                0x000000000800785c       0x14 ./USB_DEVICE/Target/usbd_conf.o
                0x000000000800785c                USBD_static_free
 .text.USBD_Get_USB_Status
                0x0000000008007870       0x58 ./USB_DEVICE/Target/usbd_conf.o
                0x0000000008007870                USBD_Get_USB_Status
 .text.__libc_init_array
                0x00000000080078c8       0x48 c:/st/stm32cubeide_1.9.0/stm32cubeide/plugins/com.st.stm32cube.ide.mcu.externaltools.gnu-tools-for-stm32.10.3-2021.10.win32_1.0.0.202111181127/tools/bin/../lib/gcc/arm-none-eabi/10.3.1/../../../../arm-none-eabi/lib/thumb/v7e-m+fp/hard\libc_nano.a(lib_a-init.o)
                0x00000000080078c8                __libc_init_array
 .text.memset   0x0000000008007910       0x10 c:/st/stm32cubeide_1.9.0/stm32cubeide/plugins/com.st.stm32cube.ide.mcu.externaltools.gnu-tools-for-stm32.10.3-2021.10.win32_1.0.0.202111181127/tools/bin/../lib/gcc/arm-none-eabi/10.3.1/../../../../arm-none-eabi/lib/thumb/v7e-m+fp/hard\libc_nano.a(lib_a-memset.o)
                0x0000000008007910                memset
 *(.glue_7)
 .glue_7        0x0000000008007920        0x0 linker stubs
 *(.glue_7t)
 .glue_7t       0x0000000008007920        0x0 linker stubs
 *(.eh_frame)
 .eh_frame      0x0000000008007920        0x0 c:/st/stm32cubeide_1.9.0/stm32cubeide/plugins/com.st.stm32cube.ide.mcu.externaltools.gnu-tools-for-stm32.10.3-2021.10.win32_1.0.0.202111181127/tools/bin/../lib/gcc/arm-none-eabi/10.3.1/thumb/v7e-m+fp/hard/crtbegin.o
 *(.init)
 .init          0x0000000008007920        0x4 c:/st/stm32cubeide_1.9.0/stm32cubeide/plugins/com.st.stm32cube.ide.mcu.externaltools.gnu-tools-for-stm32.10.3-2021.10.win32_1.0.0.202111181127/tools/bin/../lib/gcc/arm-none-eabi/10.3.1/thumb/v7e-m+fp/hard/crti.o
                0x0000000008007920                _init
 .init          0x0000000008007924        0x8 c:/st/stm32cubeide_1.9.0/stm32cubeide/plugins/com.st.stm32cube.ide.mcu.externaltools.gnu-tools-for-stm32.10.3-2021.10.win32_1.0.0.202111181127/tools/bin/../lib/gcc/arm-none-eabi/10.3.1/thumb/v7e-m+fp/hard/crtn.o
 *(.fini)
 .fini          0x000000000800792c        0x4 c:/st/stm32cubeide_1.9.0/stm32cubeide/plugins/com.st.stm32cube.ide.mcu.externaltools.gnu-tools-for-stm32.10.3-2021.10.win32_1.0.0.202111181127/tools/bin/../lib/gcc/arm-none-eabi/10.3.1/thumb/v7e-m+fp/hard/crti.o
                0x000000000800792c                _fini
 .fini          0x0000000008007930        0x8 c:/st/stm32cubeide_1.9.0/stm32cubeide/plugins/com.st.stm32cube.ide.mcu.externaltools.gnu-tools-for-stm32.10.3-2021.10.win32_1.0.0.202111181127/tools/bin/../lib/gcc/arm-none-eabi/10.3.1/thumb/v7e-m+fp/hard/crtn.o
                0x0000000008007938                . = ALIGN (0x4)
                0x0000000008007938                _etext = .

.vfp11_veneer   0x0000000008007938        0x0
 .vfp11_veneer  0x0000000008007938        0x0 linker stubs

.v4_bx          0x0000000008007938        0x0
 .v4_bx         0x0000000008007938        0x0 linker stubs

.iplt           0x0000000008007938        0x0
 .iplt          0x0000000008007938        0x0 c:/st/stm32cubeide_1.9.0/stm32cubeide/plugins/com.st.stm32cube.ide.mcu.externaltools.gnu-tools-for-stm32.10.3-2021.10.win32_1.0.0.202111181127/tools/bin/../lib/gcc/arm-none-eabi/10.3.1/thumb/v7e-m+fp/hard/crtbegin.o

.rodata         0x0000000008007938       0x68
                0x0000000008007938                . = ALIGN (0x4)
 *(.rodata)
 .rodata        0x0000000008007938       0x10 ./Core/Src/main.o
 .rodata        0x0000000008007948       0x46 ./USB_DEVICE/App/usbd_desc.o
 *(.rodata*)
 *fill*         0x000000000800798e        0x2 
 .rodata.AHBPrescTable
                0x0000000008007990       0x10 ./Core/Src/system_stm32f4xx.o
                0x0000000008007990                AHBPrescTable
                0x00000000080079a0                . = ALIGN (0x4)

.ARM.extab      0x00000000080079a0        0x0
                0x00000000080079a0                . = ALIGN (0x4)
 *(.ARM.extab* .gnu.linkonce.armextab.*)
                0x00000000080079a0                . = ALIGN (0x4)

.ARM            0x00000000080079a0        0x8
                0x00000000080079a0                . = ALIGN (0x4)
                0x00000000080079a0                __exidx_start = .
 *(.ARM.exidx*)
 .ARM.exidx     0x00000000080079a0        0x8 c:/st/stm32cubeide_1.9.0/stm32cubeide/plugins/com.st.stm32cube.ide.mcu.externaltools.gnu-tools-for-stm32.10.3-2021.10.win32_1.0.0.202111181127/tools/bin/../lib/gcc/arm-none-eabi/10.3.1/thumb/v7e-m+fp/hard\libgcc.a(_udivmoddi4.o)
                0x00000000080079a8                __exidx_end = .
                0x00000000080079a8                . = ALIGN (0x4)

.rel.dyn        0x00000000080079a8        0x0
 .rel.iplt      0x00000000080079a8        0x0 c:/st/stm32cubeide_1.9.0/stm32cubeide/plugins/com.st.stm32cube.ide.mcu.externaltools.gnu-tools-for-stm32.10.3-2021.10.win32_1.0.0.202111181127/tools/bin/../lib/gcc/arm-none-eabi/10.3.1/thumb/v7e-m+fp/hard/crtbegin.o

.preinit_array  0x00000000080079a8        0x0
                0x00000000080079a8                . = ALIGN (0x4)
                0x00000000080079a8                PROVIDE (__preinit_array_start = .)
 *(.preinit_array*)
                0x00000000080079a8                PROVIDE (__preinit_array_end = .)
                0x00000000080079a8                . = ALIGN (0x4)

.init_array     0x00000000080079a8        0x4
                0x00000000080079a8                . = ALIGN (0x4)
                0x00000000080079a8                PROVIDE (__init_array_start = .)
 *(SORT_BY_NAME(.init_array.*))
 *(.init_array*)
 .init_array    0x00000000080079a8        0x4 c:/st/stm32cubeide_1.9.0/stm32cubeide/plugins/com.st.stm32cube.ide.mcu.externaltools.gnu-tools-for-stm32.10.3-2021.10.win32_1.0.0.202111181127/tools/bin/../lib/gcc/arm-none-eabi/10.3.1/thumb/v7e-m+fp/hard/crtbegin.o
                0x00000000080079ac                PROVIDE (__init_array_end = .)
                0x00000000080079ac                . = ALIGN (0x4)

.fini_array     0x00000000080079ac        0x4
                0x00000000080079ac                . = ALIGN (0x4)
                [!provide]                        PROVIDE (__fini_array_start = .)
 *(SORT_BY_NAME(.fini_array.*))
 *(.fini_array*)
 .fini_array    0x00000000080079ac        0x4 c:/st/stm32cubeide_1.9.0/stm32cubeide/plugins/com.st.stm32cube.ide.mcu.externaltools.gnu-tools-for-stm32.10.3-2021.10.win32_1.0.0.202111181127/tools/bin/../lib/gcc/arm-none-eabi/10.3.1/thumb/v7e-m+fp/hard/crtbegin.o
                [!provide]                        PROVIDE (__fini_array_end = .)
                0x00000000080079b0                . = ALIGN (0x4)
                0x00000000080079b0                _sidata = LOADADDR (.data)

.data           0x0000000020000000      0x4e4 load address 0x00000000080079b0
                0x0000000020000000                . = ALIGN (0x4)
                0x0000000020000000                _sdata = .
 *(.data)
 *(.data*)
 .data.keyLayer1
                0x0000000020000000       0x10 ./Core/Src/keymap.o
                0x0000000020000000                keyLayer1
 .data.modKeyLayer2
                0x0000000020000010       0x10 ./Core/Src/keymap.o
                0x0000000020000010                modKeyLayer2
 .data.keyLayer2
                0x0000000020000020       0x10 ./Core/Src/keymap.o
                0x0000000020000020                keyLayer2
 .data.modKeyLayer3
                0x0000000020000030       0x10 ./Core/Src/keymap.o
                0x0000000020000030                modKeyLayer3
 .data.keyLayer3
                0x0000000020000040       0x10 ./Core/Src/keymap.o
                0x0000000020000040                keyLayer3
 .data.impMod4  0x0000000020000050        0x1 ./Core/Src/keymap.o
                0x0000000020000050                impMod4
 *fill*         0x0000000020000051        0x3 
 .data.keyLayer4
                0x0000000020000054       0x10 ./Core/Src/keymap.o
                0x0000000020000054                keyLayer4
 .data.impKey5  0x0000000020000064        0x1 ./Core/Src/keymap.o
                0x0000000020000064                impKey5
 *fill*         0x0000000020000065        0x3 
 .data.modKeyLayer6
                0x0000000020000068       0x10 ./Core/Src/keymap.o
                0x0000000020000068                modKeyLayer6
 .data.keyLayer6
                0x0000000020000078       0x10 ./Core/Src/keymap.o
                0x0000000020000078                keyLayer6
 .data.modKeyLayer7
                0x0000000020000088       0x10 ./Core/Src/keymap.o
                0x0000000020000088                modKeyLayer7
 .data.keyLayer7
                0x0000000020000098       0x10 ./Core/Src/keymap.o
                0x0000000020000098                keyLayer7
 .data.modKeyLayer8
                0x00000000200000a8       0x10 ./Core/Src/keymap.o
                0x00000000200000a8                modKeyLayer8
 .data.keyLayer8
                0x00000000200000b8       0x10 ./Core/Src/keymap.o
                0x00000000200000b8                keyLayer8
 .data.modKeyLayer9
                0x00000000200000c8       0x10 ./Core/Src/keymap.o
                0x00000000200000c8                modKeyLayer9
 .data.keyLayer9
                0x00000000200000d8       0x10 ./Core/Src/keymap.o
                0x00000000200000d8                keyLayer9
 .data.keyLayer11
                0x00000000200000e8       0x10 ./Core/Src/keymap.o
                0x00000000200000e8                keyLayer11
 .data.impMod14
                0x00000000200000f8        0x1 ./Core/Src/keymap.o
                0x00000000200000f8                impMod14
 *fill*         0x00000000200000f9        0x3 
 .data.keyLayer14
                0x00000000200000fc       0x10 ./Core/Src/keymap.o
                0x00000000200000fc                keyLayer14
 .data.impKey15
                0x000000002000010c        0x1 ./Core/Src/keymap.o
                0x000000002000010c                impKey15
 *fill*         0x000000002000010d        0x3 
 .data.modKeyLayer16
                0x0000000020000110       0x10 ./Core/Src/keymap.o
                0x0000000020000110                modKeyLayer16
 .data.keyLayer16
                0x0000000020000120       0x10 ./Core/Src/keymap.o
                0x0000000020000120                keyLayer16
 .data.impKey17
                0x0000000020000130        0x1 ./Core/Src/keymap.o
                0x0000000020000130                impKey17
 .data.impKey18
                0x0000000020000131        0x1 ./Core/Src/keymap.o
                0x0000000020000131                impKey18
 *fill*         0x0000000020000132        0x2 
 .data.modKeyLayer19
                0x0000000020000134       0x10 ./Core/Src/keymap.o
                0x0000000020000134                modKeyLayer19
 .data.keyLayer19
                0x0000000020000144       0x10 ./Core/Src/keymap.o
                0x0000000020000144                keyLayer19
 .data.keyLayer21
                0x0000000020000154       0x10 ./Core/Src/keymap.o
                0x0000000020000154                keyLayer21
 .data.modKeyLayer22
                0x0000000020000164       0x10 ./Core/Src/keymap.o
                0x0000000020000164                modKeyLayer22
 .data.impKey23
                0x0000000020000174        0x1 ./Core/Src/keymap.o
                0x0000000020000174                impKey23
 *fill*         0x0000000020000175        0x3 
 .data.keyLayer24
                0x0000000020000178       0x10 ./Core/Src/keymap.o
                0x0000000020000178                keyLayer24
 .data.impKey25
                0x0000000020000188        0x1 ./Core/Src/keymap.o
                0x0000000020000188                impKey25
 *fill*         0x0000000020000189        0x3 
 .data.layer1   0x000000002000018c       0x14 ./Core/Src/keymap.o
                0x000000002000018c                layer1
 .data.layer2   0x00000000200001a0       0x14 ./Core/Src/keymap.o
                0x00000000200001a0                layer2
 .data.layer3   0x00000000200001b4       0x14 ./Core/Src/keymap.o
                0x00000000200001b4                layer3
 .data.layer4   0x00000000200001c8       0x14 ./Core/Src/keymap.o
                0x00000000200001c8                layer4
 .data.layer5   0x00000000200001dc       0x14 ./Core/Src/keymap.o
                0x00000000200001dc                layer5
 .data.layer6   0x00000000200001f0       0x14 ./Core/Src/keymap.o
                0x00000000200001f0                layer6
 .data.layer7   0x0000000020000204       0x14 ./Core/Src/keymap.o
                0x0000000020000204                layer7
 .data.layer8   0x0000000020000218       0x14 ./Core/Src/keymap.o
                0x0000000020000218                layer8
 .data.layer9   0x000000002000022c       0x14 ./Core/Src/keymap.o
                0x000000002000022c                layer9
 .data.layer11  0x0000000020000240       0x14 ./Core/Src/keymap.o
                0x0000000020000240                layer11
 .data.layer12  0x0000000020000254       0x14 ./Core/Src/keymap.o
                0x0000000020000254                layer12
 .data.layer13  0x0000000020000268       0x14 ./Core/Src/keymap.o
                0x0000000020000268                layer13
 .data.layer14  0x000000002000027c       0x14 ./Core/Src/keymap.o
                0x000000002000027c                layer14
 .data.layer15  0x0000000020000290       0x14 ./Core/Src/keymap.o
                0x0000000020000290                layer15
 .data.layer16  0x00000000200002a4       0x14 ./Core/Src/keymap.o
                0x00000000200002a4                layer16
 .data.layer17  0x00000000200002b8       0x14 ./Core/Src/keymap.o
                0x00000000200002b8                layer17
 .data.layer18  0x00000000200002cc       0x14 ./Core/Src/keymap.o
                0x00000000200002cc                layer18
 .data.layer19  0x00000000200002e0       0x14 ./Core/Src/keymap.o
                0x00000000200002e0                layer19
 .data.layer20  0x00000000200002f4       0x14 ./Core/Src/keymap.o
                0x00000000200002f4                layer20
 .data.layer21  0x0000000020000308       0x14 ./Core/Src/keymap.o
                0x0000000020000308                layer21
 .data.layer22  0x000000002000031c       0x14 ./Core/Src/keymap.o
                0x000000002000031c                layer22
 .data.layer23  0x0000000020000330       0x14 ./Core/Src/keymap.o
                0x0000000020000330                layer23
 .data.layer24  0x0000000020000344       0x14 ./Core/Src/keymap.o
                0x0000000020000344                layer24
 .data.layer25  0x0000000020000358       0x14 ./Core/Src/keymap.o
                0x0000000020000358                layer25
 .data.keymap   0x000000002000036c       0x68 ./Core/Src/keymap.o
                0x000000002000036c                keymap
 .data.SystemCoreClock
                0x00000000200003d4        0x4 ./Core/Src/system_stm32f4xx.o
                0x00000000200003d4                SystemCoreClock
 .data.uwTickPrio
                0x00000000200003d8        0x4 ./Drivers/STM32F4xx_HAL_Driver/Src/stm32f4xx_hal.o
                0x00000000200003d8                uwTickPrio
 .data.uwTickFreq
                0x00000000200003dc        0x1 ./Drivers/STM32F4xx_HAL_Driver/Src/stm32f4xx_hal.o
                0x00000000200003dc                uwTickFreq
 *fill*         0x00000000200003dd        0x3 
 .data.USBD_HID
                0x00000000200003e0       0x38 ./Middlewares/ST/STM32_USB_Device_Library/Class/HID/Src/usbd_hid.o
                0x00000000200003e0                USBD_HID
 .data.USBD_HID_CfgDesc
                0x0000000020000418       0x22 ./Middlewares/ST/STM32_USB_Device_Library/Class/HID/Src/usbd_hid.o
 *fill*         0x000000002000043a        0x2 
 .data.USBD_HID_Desc
                0x000000002000043c        0x9 ./Middlewares/ST/STM32_USB_Device_Library/Class/HID/Src/usbd_hid.o
 *fill*         0x0000000020000445        0x3 
 .data.USBD_HID_DeviceQualifierDesc
                0x0000000020000448        0xa ./Middlewares/ST/STM32_USB_Device_Library/Class/HID/Src/usbd_hid.o
 *fill*         0x0000000020000452        0x2 
 .data.HID_MOUSE_ReportDesc
                0x0000000020000454       0x3f ./Middlewares/ST/STM32_USB_Device_Library/Class/HID/Src/usbd_hid.o
 .data.HIDInEpAdd
                0x0000000020000493        0x1 ./Middlewares/ST/STM32_USB_Device_Library/Class/HID/Src/usbd_hid.o
 .data.FS_Desc  0x0000000020000494       0x1c ./USB_DEVICE/App/usbd_desc.o
                0x0000000020000494                FS_Desc
 .data.USBD_FS_DeviceDesc
                0x00000000200004b0       0x12 ./USB_DEVICE/App/usbd_desc.o
                0x00000000200004b0                USBD_FS_DeviceDesc
 *fill*         0x00000000200004c2        0x2 
 .data.USBD_LangIDDesc
                0x00000000200004c4        0x4 ./USB_DEVICE/App/usbd_desc.o
                0x00000000200004c4                USBD_LangIDDesc
 .data.USBD_StringSerial
                0x00000000200004c8       0x1a ./USB_DEVICE/App/usbd_desc.o
                0x00000000200004c8                USBD_StringSerial
 *(.RamFunc)
 *(.RamFunc*)
                0x00000000200004e4                . = ALIGN (0x4)
 *fill*         0x00000000200004e2        0x2 
                0x00000000200004e4                _edata = .

.igot.plt       0x00000000200004e4        0x0 load address 0x0000000008007e94
 .igot.plt      0x00000000200004e4        0x0 c:/st/stm32cubeide_1.9.0/stm32cubeide/plugins/com.st.stm32cube.ide.mcu.externaltools.gnu-tools-for-stm32.10.3-2021.10.win32_1.0.0.202111181127/tools/bin/../lib/gcc/arm-none-eabi/10.3.1/thumb/v7e-m+fp/hard/crtbegin.o
                0x00000000200004e4                . = ALIGN (0x4)

.bss            0x00000000200004e4      0xc58 load address 0x0000000008007e94
                0x00000000200004e4                _sbss = .
                0x00000000200004e4                __bss_start__ = _sbss
 *(.bss)
 .bss           0x00000000200004e4       0x1c c:/st/stm32cubeide_1.9.0/stm32cubeide/plugins/com.st.stm32cube.ide.mcu.externaltools.gnu-tools-for-stm32.10.3-2021.10.win32_1.0.0.202111181127/tools/bin/../lib/gcc/arm-none-eabi/10.3.1/thumb/v7e-m+fp/hard/crtbegin.o
 *(.bss*)
 .bss.impMod1   0x0000000020000500        0x1 ./Core/Src/keymap.o
                0x0000000020000500                impMod1
 .bss.impKey1   0x0000000020000501        0x1 ./Core/Src/keymap.o
                0x0000000020000501                impKey1
 *fill*         0x0000000020000502        0x2 
 .bss.modKeyLayer1
                0x0000000020000504       0x10 ./Core/Src/keymap.o
                0x0000000020000504                modKeyLayer1
 .bss.impMod2   0x0000000020000514        0x1 ./Core/Src/keymap.o
                0x0000000020000514                impMod2
 .bss.impKey2   0x0000000020000515        0x1 ./Core/Src/keymap.o
                0x0000000020000515                impKey2
 .bss.impMod3   0x0000000020000516        0x1 ./Core/Src/keymap.o
                0x0000000020000516                impMod3
 .bss.impKey3   0x0000000020000517        0x1 ./Core/Src/keymap.o
                0x0000000020000517                impKey3
 .bss.impKey4   0x0000000020000518        0x1 ./Core/Src/keymap.o
                0x0000000020000518                impKey4
 *fill*         0x0000000020000519        0x3 
 .bss.modKeyLayer4
                0x000000002000051c       0x10 ./Core/Src/keymap.o
                0x000000002000051c                modKeyLayer4
 .bss.impMod5   0x000000002000052c        0x1 ./Core/Src/keymap.o
                0x000000002000052c                impMod5
 *fill*         0x000000002000052d        0x3 
 .bss.modKeyLayer5
                0x0000000020000530       0x10 ./Core/Src/keymap.o
                0x0000000020000530                modKeyLayer5
 .bss.keyLayer5
                0x0000000020000540       0x10 ./Core/Src/keymap.o
                0x0000000020000540                keyLayer5
 .bss.impMod6   0x0000000020000550        0x1 ./Core/Src/keymap.o
                0x0000000020000550                impMod6
 .bss.impKey6   0x0000000020000551        0x1 ./Core/Src/keymap.o
                0x0000000020000551                impKey6
 .bss.impMod7   0x0000000020000552        0x1 ./Core/Src/keymap.o
                0x0000000020000552                impMod7
 .bss.impKey7   0x0000000020000553        0x1 ./Core/Src/keymap.o
                0x0000000020000553                impKey7
 .bss.impMod8   0x0000000020000554        0x1 ./Core/Src/keymap.o
                0x0000000020000554                impMod8
 .bss.impKey8   0x0000000020000555        0x1 ./Core/Src/keymap.o
                0x0000000020000555                impKey8
 .bss.impMod9   0x0000000020000556        0x1 ./Core/Src/keymap.o
                0x0000000020000556                impMod9
 .bss.impKey9   0x0000000020000557        0x1 ./Core/Src/keymap.o
                0x0000000020000557                impKey9
 .bss.impMod11  0x0000000020000558        0x1 ./Core/Src/keymap.o
                0x0000000020000558                impMod11
 .bss.impKey11  0x0000000020000559        0x1 ./Core/Src/keymap.o
                0x0000000020000559                impKey11
 *fill*         0x000000002000055a        0x2 
 .bss.modKeyLayer11
                0x000000002000055c       0x10 ./Core/Src/keymap.o
                0x000000002000055c                modKeyLayer11
 .bss.impMod12  0x000000002000056c        0x1 ./Core/Src/keymap.o
                0x000000002000056c                impMod12
 .bss.impKey12  0x000000002000056d        0x1 ./Core/Src/keymap.o
                0x000000002000056d                impKey12
 *fill*         0x000000002000056e        0x2 
 .bss.modKeyLayer12
                0x0000000020000570       0x10 ./Core/Src/keymap.o
                0x0000000020000570                modKeyLayer12
 .bss.keyLayer12
                0x0000000020000580       0x10 ./Core/Src/keymap.o
                0x0000000020000580                keyLayer12
 .bss.impMod13  0x0000000020000590        0x1 ./Core/Src/keymap.o
                0x0000000020000590                impMod13
 .bss.impKey13  0x0000000020000591        0x1 ./Core/Src/keymap.o
                0x0000000020000591                impKey13
 *fill*         0x0000000020000592        0x2 
 .bss.modKeyLayer13
                0x0000000020000594       0x10 ./Core/Src/keymap.o
                0x0000000020000594                modKeyLayer13
 .bss.keyLayer13
                0x00000000200005a4       0x10 ./Core/Src/keymap.o
                0x00000000200005a4                keyLayer13
 .bss.impKey14  0x00000000200005b4        0x1 ./Core/Src/keymap.o
                0x00000000200005b4                impKey14
 *fill*         0x00000000200005b5        0x3 
 .bss.modKeyLayer14
                0x00000000200005b8       0x10 ./Core/Src/keymap.o
                0x00000000200005b8                modKeyLayer14
 .bss.impMod15  0x00000000200005c8        0x1 ./Core/Src/keymap.o
                0x00000000200005c8                impMod15
 *fill*         0x00000000200005c9        0x3 
 .bss.modKeyLayer15
                0x00000000200005cc       0x10 ./Core/Src/keymap.o
                0x00000000200005cc                modKeyLayer15
 .bss.keyLayer15
                0x00000000200005dc       0x10 ./Core/Src/keymap.o
                0x00000000200005dc                keyLayer15
 .bss.impMod16  0x00000000200005ec        0x1 ./Core/Src/keymap.o
                0x00000000200005ec                impMod16
 .bss.impKey16  0x00000000200005ed        0x1 ./Core/Src/keymap.o
                0x00000000200005ed                impKey16
 .bss.impMod17  0x00000000200005ee        0x1 ./Core/Src/keymap.o
                0x00000000200005ee                impMod17
 *fill*         0x00000000200005ef        0x1 
 .bss.modKeyLayer17
                0x00000000200005f0       0x10 ./Core/Src/keymap.o
                0x00000000200005f0                modKeyLayer17
 .bss.keyLayer17
                0x0000000020000600       0x10 ./Core/Src/keymap.o
                0x0000000020000600                keyLayer17
 .bss.impMod18  0x0000000020000610        0x1 ./Core/Src/keymap.o
                0x0000000020000610                impMod18
 *fill*         0x0000000020000611        0x3 
 .bss.modKeyLayer18
                0x0000000020000614       0x10 ./Core/Src/keymap.o
                0x0000000020000614                modKeyLayer18
 .bss.keyLayer18
                0x0000000020000624       0x10 ./Core/Src/keymap.o
                0x0000000020000624                keyLayer18
 .bss.impMod19  0x0000000020000634        0x1 ./Core/Src/keymap.o
                0x0000000020000634                impMod19
 .bss.impKey19  0x0000000020000635        0x1 ./Core/Src/keymap.o
                0x0000000020000635                impKey19
 .bss.impMod20  0x0000000020000636        0x1 ./Core/Src/keymap.o
                0x0000000020000636                impMod20
 .bss.impKey20  0x0000000020000637        0x1 ./Core/Src/keymap.o
                0x0000000020000637                impKey20
 .bss.modKeyLayer20
                0x0000000020000638       0x10 ./Core/Src/keymap.o
                0x0000000020000638                modKeyLayer20
 .bss.keyLayer20
                0x0000000020000648       0x10 ./Core/Src/keymap.o
                0x0000000020000648                keyLayer20
 .bss.impMod21  0x0000000020000658        0x1 ./Core/Src/keymap.o
                0x0000000020000658                impMod21
 .bss.impKey21  0x0000000020000659        0x1 ./Core/Src/keymap.o
                0x0000000020000659                impKey21
 *fill*         0x000000002000065a        0x2 
 .bss.modKeyLayer21
                0x000000002000065c       0x10 ./Core/Src/keymap.o
                0x000000002000065c                modKeyLayer21
 .bss.impMod22  0x000000002000066c        0x1 ./Core/Src/keymap.o
                0x000000002000066c                impMod22
 .bss.impKey22  0x000000002000066d        0x1 ./Core/Src/keymap.o
                0x000000002000066d                impKey22
 *fill*         0x000000002000066e        0x2 
 .bss.keyLayer22
                0x0000000020000670       0x10 ./Core/Src/keymap.o
                0x0000000020000670                keyLayer22
 .bss.impMod23  0x0000000020000680        0x1 ./Core/Src/keymap.o
                0x0000000020000680                impMod23
 *fill*         0x0000000020000681        0x3 
 .bss.modKeyLayer23
                0x0000000020000684       0x10 ./Core/Src/keymap.o
                0x0000000020000684                modKeyLayer23
 .bss.keyLayer23
                0x0000000020000694       0x10 ./Core/Src/keymap.o
                0x0000000020000694                keyLayer23
 .bss.impMod24  0x00000000200006a4        0x1 ./Core/Src/keymap.o
                0x00000000200006a4                impMod24
 .bss.impKey24  0x00000000200006a5        0x1 ./Core/Src/keymap.o
                0x00000000200006a5                impKey24
 *fill*         0x00000000200006a6        0x2 
 .bss.modKeyLayer24
                0x00000000200006a8       0x10 ./Core/Src/keymap.o
                0x00000000200006a8                modKeyLayer24
 .bss.impMod25  0x00000000200006b8        0x1 ./Core/Src/keymap.o
                0x00000000200006b8                impMod25
 *fill*         0x00000000200006b9        0x3 
 .bss.modKeyLayer25
                0x00000000200006bc       0x10 ./Core/Src/keymap.o
                0x00000000200006bc                modKeyLayer25
 .bss.keyLayer25
                0x00000000200006cc       0x10 ./Core/Src/keymap.o
                0x00000000200006cc                keyLayer25
 .bss.BuffLayer
                0x00000000200006dc       0x14 ./Core/Src/keymap.o
                0x00000000200006dc                BuffLayer
 .bss.hadc1     0x00000000200006f0       0x48 ./Core/Src/main.o
                0x00000000200006f0                hadc1
 .bss.uwTick    0x0000000020000738        0x4 ./Drivers/STM32F4xx_HAL_Driver/Src/stm32f4xx_hal.o
                0x0000000020000738                uwTick
 .bss.cfgidx.0  0x000000002000073c        0x1 ./Middlewares/ST/STM32_USB_Device_Library/Core/Src/usbd_ctlreq.o
 *fill*         0x000000002000073d        0x3 
 .bss.hUsbDeviceFS
                0x0000000020000740      0x2dc ./USB_DEVICE/App/usb_device.o
                0x0000000020000740                hUsbDeviceFS
 .bss.USBD_StrDesc
                0x0000000020000a1c      0x200 ./USB_DEVICE/App/usbd_desc.o
                0x0000000020000a1c                USBD_StrDesc
 .bss.hpcd_USB_OTG_FS
                0x0000000020000c1c      0x50c ./USB_DEVICE/Target/usbd_conf.o
                0x0000000020000c1c                hpcd_USB_OTG_FS
 .bss.mem.0     0x0000000020001128       0x14 ./USB_DEVICE/Target/usbd_conf.o
 *(COMMON)
                0x000000002000113c                . = ALIGN (0x4)
                0x000000002000113c                _ebss = .
                0x000000002000113c                __bss_end__ = _ebss

._user_heap_stack
                0x000000002000113c      0x604 load address 0x0000000008007e94
                0x0000000020001140                . = ALIGN (0x8)
 *fill*         0x000000002000113c        0x4 
                [!provide]                        PROVIDE (end = .)
                0x0000000020001140                PROVIDE (_end = .)
                0x0000000020001340                . = (. + _Min_Heap_Size)
 *fill*         0x0000000020001140      0x200 
                0x0000000020001740                . = (. + _Min_Stack_Size)
 *fill*         0x0000000020001340      0x400 
                0x0000000020001740                . = ALIGN (0x8)

/DISCARD/
 libc.a(*)
 libm.a(*)
 libgcc.a(*)

.ARM.attributes
                0x0000000000000000       0x30
 *(.ARM.attributes)
 .ARM.attributes
                0x0000000000000000       0x1e c:/st/stm32cubeide_1.9.0/stm32cubeide/plugins/com.st.stm32cube.ide.mcu.externaltools.gnu-tools-for-stm32.10.3-2021.10.win32_1.0.0.202111181127/tools/bin/../lib/gcc/arm-none-eabi/10.3.1/thumb/v7e-m+fp/hard/crti.o
 .ARM.attributes
                0x000000000000001e       0x34 c:/st/stm32cubeide_1.9.0/stm32cubeide/plugins/com.st.stm32cube.ide.mcu.externaltools.gnu-tools-for-stm32.10.3-2021.10.win32_1.0.0.202111181127/tools/bin/../lib/gcc/arm-none-eabi/10.3.1/thumb/v7e-m+fp/hard/crtbegin.o
 .ARM.attributes
                0x0000000000000052       0x34 ./Core/Src/keyb_util.o
 .ARM.attributes
                0x0000000000000086       0x34 ./Core/Src/keymap.o
 .ARM.attributes
                0x00000000000000ba       0x34 ./Core/Src/main.o
 .ARM.attributes
                0x00000000000000ee       0x34 ./Core/Src/stm32f4xx_hal_msp.o
 .ARM.attributes
                0x0000000000000122       0x34 ./Core/Src/stm32f4xx_it.o
 .ARM.attributes
                0x0000000000000156       0x34 ./Core/Src/system_stm32f4xx.o
 .ARM.attributes
                0x000000000000018a       0x21 ./Core/Startup/startup_stm32f401ccux.o
 .ARM.attributes
                0x00000000000001ab       0x34 ./Drivers/STM32F4xx_HAL_Driver/Src/stm32f4xx_hal.o
 .ARM.attributes
                0x00000000000001df       0x34 ./Drivers/STM32F4xx_HAL_Driver/Src/stm32f4xx_hal_adc.o
 .ARM.attributes
                0x0000000000000213       0x34 ./Drivers/STM32F4xx_HAL_Driver/Src/stm32f4xx_hal_cortex.o
 .ARM.attributes
                0x0000000000000247       0x34 ./Drivers/STM32F4xx_HAL_Driver/Src/stm32f4xx_hal_gpio.o
 .ARM.attributes
                0x000000000000027b       0x34 ./Drivers/STM32F4xx_HAL_Driver/Src/stm32f4xx_hal_pcd.o
 .ARM.attributes
                0x00000000000002af       0x34 ./Drivers/STM32F4xx_HAL_Driver/Src/stm32f4xx_hal_pcd_ex.o
 .ARM.attributes
                0x00000000000002e3       0x34 ./Drivers/STM32F4xx_HAL_Driver/Src/stm32f4xx_hal_rcc.o
 .ARM.attributes
                0x0000000000000317       0x34 ./Drivers/STM32F4xx_HAL_Driver/Src/stm32f4xx_ll_usb.o
 .ARM.attributes
                0x000000000000034b       0x34 ./Middlewares/ST/STM32_USB_Device_Library/Class/HID/Src/usbd_hid.o
 .ARM.attributes
                0x000000000000037f       0x34 ./Middlewares/ST/STM32_USB_Device_Library/Core/Src/usbd_core.o
 .ARM.attributes
                0x00000000000003b3       0x34 ./Middlewares/ST/STM32_USB_Device_Library/Core/Src/usbd_ctlreq.o
 .ARM.attributes
                0x00000000000003e7       0x34 ./Middlewares/ST/STM32_USB_Device_Library/Core/Src/usbd_ioreq.o
 .ARM.attributes
                0x000000000000041b       0x34 ./USB_DEVICE/App/usb_device.o
 .ARM.attributes
                0x000000000000044f       0x34 ./USB_DEVICE/App/usbd_desc.o
 .ARM.attributes
                0x0000000000000483       0x34 ./USB_DEVICE/Target/usbd_conf.o
 .ARM.attributes
                0x00000000000004b7       0x34 c:/st/stm32cubeide_1.9.0/stm32cubeide/plugins/com.st.stm32cube.ide.mcu.externaltools.gnu-tools-for-stm32.10.3-2021.10.win32_1.0.0.202111181127/tools/bin/../lib/gcc/arm-none-eabi/10.3.1/../../../../arm-none-eabi/lib/thumb/v7e-m+fp/hard\libc_nano.a(lib_a-init.o)
 .ARM.attributes
                0x00000000000004eb       0x34 c:/st/stm32cubeide_1.9.0/stm32cubeide/plugins/com.st.stm32cube.ide.mcu.externaltools.gnu-tools-for-stm32.10.3-2021.10.win32_1.0.0.202111181127/tools/bin/../lib/gcc/arm-none-eabi/10.3.1/../../../../arm-none-eabi/lib/thumb/v7e-m+fp/hard\libc_nano.a(lib_a-memset.o)
 .ARM.attributes
                0x000000000000051f       0x1e c:/st/stm32cubeide_1.9.0/stm32cubeide/plugins/com.st.stm32cube.ide.mcu.externaltools.gnu-tools-for-stm32.10.3-2021.10.win32_1.0.0.202111181127/tools/bin/../lib/gcc/arm-none-eabi/10.3.1/thumb/v7e-m+fp/hard\libgcc.a(_aeabi_uldivmod.o)
 .ARM.attributes
                0x000000000000053d       0x34 c:/st/stm32cubeide_1.9.0/stm32cubeide/plugins/com.st.stm32cube.ide.mcu.externaltools.gnu-tools-for-stm32.10.3-2021.10.win32_1.0.0.202111181127/tools/bin/../lib/gcc/arm-none-eabi/10.3.1/thumb/v7e-m+fp/hard\libgcc.a(_udivmoddi4.o)
 .ARM.attributes
                0x0000000000000571       0x1e c:/st/stm32cubeide_1.9.0/stm32cubeide/plugins/com.st.stm32cube.ide.mcu.externaltools.gnu-tools-for-stm32.10.3-2021.10.win32_1.0.0.202111181127/tools/bin/../lib/gcc/arm-none-eabi/10.3.1/thumb/v7e-m+fp/hard\libgcc.a(_dvmd_tls.o)
 .ARM.attributes
                0x000000000000058f       0x1e c:/st/stm32cubeide_1.9.0/stm32cubeide/plugins/com.st.stm32cube.ide.mcu.externaltools.gnu-tools-for-stm32.10.3-2021.10.win32_1.0.0.202111181127/tools/bin/../lib/gcc/arm-none-eabi/10.3.1/thumb/v7e-m+fp/hard/crtn.o
OUTPUT(chorduroi.elf elf32-littlearm)
LOAD linker stubs
LOAD c:/st/stm32cubeide_1.9.0/stm32cubeide/plugins/com.st.stm32cube.ide.mcu.externaltools.gnu-tools-for-stm32.10.3-2021.10.win32_1.0.0.202111181127/tools/bin/../lib/gcc/arm-none-eabi/10.3.1/../../../../arm-none-eabi/lib/thumb/v7e-m+fp/hard\libc.a
LOAD c:/st/stm32cubeide_1.9.0/stm32cubeide/plugins/com.st.stm32cube.ide.mcu.externaltools.gnu-tools-for-stm32.10.3-2021.10.win32_1.0.0.202111181127/tools/bin/../lib/gcc/arm-none-eabi/10.3.1/../../../../arm-none-eabi/lib/thumb/v7e-m+fp/hard\libm.a
LOAD c:/st/stm32cubeide_1.9.0/stm32cubeide/plugins/com.st.stm32cube.ide.mcu.externaltools.gnu-tools-for-stm32.10.3-2021.10.win32_1.0.0.202111181127/tools/bin/../lib/gcc/arm-none-eabi/10.3.1/thumb/v7e-m+fp/hard\libgcc.a

.debug_info     0x0000000000000000     0xfe3a
 .debug_info    0x0000000000000000      0x4cc ./Core/Src/keyb_util.o
 .debug_info    0x00000000000004cc      0xa6b ./Core/Src/keymap.o
 .debug_info    0x0000000000000f37     0x1775 ./Core/Src/main.o
 .debug_info    0x00000000000026ac      0x99c ./Core/Src/stm32f4xx_hal_msp.o
 .debug_info    0x0000000000003048      0x650 ./Core/Src/stm32f4xx_it.o
 .debug_info    0x0000000000003698      0x54f ./Core/Src/system_stm32f4xx.o
 .debug_info    0x0000000000003be7       0x22 ./Core/Startup/startup_stm32f401ccux.o
 .debug_info    0x0000000000003c09      0x906 ./Drivers/STM32F4xx_HAL_Driver/Src/stm32f4xx_hal.o
 .debug_info    0x000000000000450f      0xd68 ./Drivers/STM32F4xx_HAL_Driver/Src/stm32f4xx_hal_adc.o
 .debug_info    0x0000000000005277      0xd85 ./Drivers/STM32F4xx_HAL_Driver/Src/stm32f4xx_hal_cortex.o
 .debug_info    0x0000000000005ffc      0x78e ./Drivers/STM32F4xx_HAL_Driver/Src/stm32f4xx_hal_gpio.o
 .debug_info    0x000000000000678a     0x168d ./Drivers/STM32F4xx_HAL_Driver/Src/stm32f4xx_hal_pcd.o
 .debug_info    0x0000000000007e17      0x717 ./Drivers/STM32F4xx_HAL_Driver/Src/stm32f4xx_hal_pcd_ex.o
 .debug_info    0x000000000000852e      0x98c ./Drivers/STM32F4xx_HAL_Driver/Src/stm32f4xx_hal_rcc.o
 .debug_info    0x0000000000008eba     0x1a97 ./Drivers/STM32F4xx_HAL_Driver/Src/stm32f4xx_ll_usb.o
 .debug_info    0x000000000000a951      0xb0b ./Middlewares/ST/STM32_USB_Device_Library/Class/HID/Src/usbd_hid.o
 .debug_info    0x000000000000b45c      0xee7 ./Middlewares/ST/STM32_USB_Device_Library/Core/Src/usbd_core.o
 .debug_info    0x000000000000c343      0xb7f ./Middlewares/ST/STM32_USB_Device_Library/Core/Src/usbd_ctlreq.o
 .debug_info    0x000000000000cec2      0x7da ./Middlewares/ST/STM32_USB_Device_Library/Core/Src/usbd_ioreq.o
 .debug_info    0x000000000000d69c      0x661 ./USB_DEVICE/App/usb_device.o
 .debug_info    0x000000000000dcfd      0x498 ./USB_DEVICE/App/usbd_desc.o
 .debug_info    0x000000000000e195     0x1ca5 ./USB_DEVICE/Target/usbd_conf.o

.debug_abbrev   0x0000000000000000     0x2c71
 .debug_abbrev  0x0000000000000000      0x19f ./Core/Src/keyb_util.o
 .debug_abbrev  0x000000000000019f       0xc4 ./Core/Src/keymap.o
 .debug_abbrev  0x0000000000000263      0x374 ./Core/Src/main.o
 .debug_abbrev  0x00000000000005d7      0x194 ./Core/Src/stm32f4xx_hal_msp.o
 .debug_abbrev  0x000000000000076b      0x199 ./Core/Src/stm32f4xx_it.o
 .debug_abbrev  0x0000000000000904      0x116 ./Core/Src/system_stm32f4xx.o
 .debug_abbrev  0x0000000000000a1a       0x12 ./Core/Startup/startup_stm32f401ccux.o
 .debug_abbrev  0x0000000000000a2c      0x23e ./Drivers/STM32F4xx_HAL_Driver/Src/stm32f4xx_hal.o
 .debug_abbrev  0x0000000000000c6a      0x204 ./Drivers/STM32F4xx_HAL_Driver/Src/stm32f4xx_hal_adc.o
 .debug_abbrev  0x0000000000000e6e      0x316 ./Drivers/STM32F4xx_HAL_Driver/Src/stm32f4xx_hal_cortex.o
 .debug_abbrev  0x0000000000001184      0x1c4 ./Drivers/STM32F4xx_HAL_Driver/Src/stm32f4xx_hal_gpio.o
 .debug_abbrev  0x0000000000001348      0x2bb ./Drivers/STM32F4xx_HAL_Driver/Src/stm32f4xx_hal_pcd.o
 .debug_abbrev  0x0000000000001603      0x1ce ./Drivers/STM32F4xx_HAL_Driver/Src/stm32f4xx_hal_pcd_ex.o
 .debug_abbrev  0x00000000000017d1      0x2aa ./Drivers/STM32F4xx_HAL_Driver/Src/stm32f4xx_hal_rcc.o
 .debug_abbrev  0x0000000000001a7b      0x296 ./Drivers/STM32F4xx_HAL_Driver/Src/stm32f4xx_ll_usb.o
 .debug_abbrev  0x0000000000001d11      0x291 ./Middlewares/ST/STM32_USB_Device_Library/Class/HID/Src/usbd_hid.o
 .debug_abbrev  0x0000000000001fa2      0x263 ./Middlewares/ST/STM32_USB_Device_Library/Core/Src/usbd_core.o
 .debug_abbrev  0x0000000000002205      0x25c ./Middlewares/ST/STM32_USB_Device_Library/Core/Src/usbd_ctlreq.o
 .debug_abbrev  0x0000000000002461      0x18a ./Middlewares/ST/STM32_USB_Device_Library/Core/Src/usbd_ioreq.o
 .debug_abbrev  0x00000000000025eb      0x181 ./USB_DEVICE/App/usb_device.o
 .debug_abbrev  0x000000000000276c      0x1da ./USB_DEVICE/App/usbd_desc.o
 .debug_abbrev  0x0000000000002946      0x32b ./USB_DEVICE/Target/usbd_conf.o

.debug_aranges  0x0000000000000000      0xc70
 .debug_aranges
                0x0000000000000000       0x58 ./Core/Src/keyb_util.o
 .debug_aranges
                0x0000000000000058       0x18 ./Core/Src/keymap.o
 .debug_aranges
                0x0000000000000070       0x78 ./Core/Src/main.o
 .debug_aranges
                0x00000000000000e8       0x30 ./Core/Src/stm32f4xx_hal_msp.o
 .debug_aranges
                0x0000000000000118       0x68 ./Core/Src/stm32f4xx_it.o
 .debug_aranges
                0x0000000000000180       0x28 ./Core/Src/system_stm32f4xx.o
 .debug_aranges
                0x00000000000001a8       0x28 ./Core/Startup/startup_stm32f401ccux.o
 .debug_aranges
                0x00000000000001d0       0xf0 ./Drivers/STM32F4xx_HAL_Driver/Src/stm32f4xx_hal.o
 .debug_aranges
                0x00000000000002c0       0xe8 ./Drivers/STM32F4xx_HAL_Driver/Src/stm32f4xx_hal_adc.o
 .debug_aranges
                0x00000000000003a8      0x118 ./Drivers/STM32F4xx_HAL_Driver/Src/stm32f4xx_hal_cortex.o
 .debug_aranges
                0x00000000000004c0       0x58 ./Drivers/STM32F4xx_HAL_Driver/Src/stm32f4xx_hal_gpio.o
 .debug_aranges
                0x0000000000000518      0x148 ./Drivers/STM32F4xx_HAL_Driver/Src/stm32f4xx_hal_pcd.o
 .debug_aranges
                0x0000000000000660       0x38 ./Drivers/STM32F4xx_HAL_Driver/Src/stm32f4xx_hal_pcd_ex.o
 .debug_aranges
                0x0000000000000698       0x88 ./Drivers/STM32F4xx_HAL_Driver/Src/stm32f4xx_hal_rcc.o
 .debug_aranges
                0x0000000000000720      0x1a0 ./Drivers/STM32F4xx_HAL_Driver/Src/stm32f4xx_ll_usb.o
 .debug_aranges
                0x00000000000008c0       0x68 ./Middlewares/ST/STM32_USB_Device_Library/Class/HID/Src/usbd_hid.o
 .debug_aranges
                0x0000000000000928       0xd8 ./Middlewares/ST/STM32_USB_Device_Library/Core/Src/usbd_core.o
 .debug_aranges
                0x0000000000000a00       0x90 ./Middlewares/ST/STM32_USB_Device_Library/Core/Src/usbd_ctlreq.o
 .debug_aranges
                0x0000000000000a90       0x50 ./Middlewares/ST/STM32_USB_Device_Library/Core/Src/usbd_ioreq.o
 .debug_aranges
                0x0000000000000ae0       0x20 ./USB_DEVICE/App/usb_device.o
 .debug_aranges
                0x0000000000000b00       0x60 ./USB_DEVICE/App/usbd_desc.o
 .debug_aranges
                0x0000000000000b60      0x110 ./USB_DEVICE/Target/usbd_conf.o

.debug_ranges   0x0000000000000000      0xb10
 .debug_ranges  0x0000000000000000       0x48 ./Core/Src/keyb_util.o
 .debug_ranges  0x0000000000000048       0x68 ./Core/Src/main.o
 .debug_ranges  0x00000000000000b0       0x20 ./Core/Src/stm32f4xx_hal_msp.o
 .debug_ranges  0x00000000000000d0       0x58 ./Core/Src/stm32f4xx_it.o
 .debug_ranges  0x0000000000000128       0x18 ./Core/Src/system_stm32f4xx.o
 .debug_ranges  0x0000000000000140       0x20 ./Core/Startup/startup_stm32f401ccux.o
 .debug_ranges  0x0000000000000160       0xe0 ./Drivers/STM32F4xx_HAL_Driver/Src/stm32f4xx_hal.o
 .debug_ranges  0x0000000000000240       0xd8 ./Drivers/STM32F4xx_HAL_Driver/Src/stm32f4xx_hal_adc.o
 .debug_ranges  0x0000000000000318      0x108 ./Drivers/STM32F4xx_HAL_Driver/Src/stm32f4xx_hal_cortex.o
 .debug_ranges  0x0000000000000420       0x48 ./Drivers/STM32F4xx_HAL_Driver/Src/stm32f4xx_hal_gpio.o
 .debug_ranges  0x0000000000000468      0x138 ./Drivers/STM32F4xx_HAL_Driver/Src/stm32f4xx_hal_pcd.o
 .debug_ranges  0x00000000000005a0       0x28 ./Drivers/STM32F4xx_HAL_Driver/Src/stm32f4xx_hal_pcd_ex.o
 .debug_ranges  0x00000000000005c8       0x78 ./Drivers/STM32F4xx_HAL_Driver/Src/stm32f4xx_hal_rcc.o
 .debug_ranges  0x0000000000000640      0x190 ./Drivers/STM32F4xx_HAL_Driver/Src/stm32f4xx_ll_usb.o
 .debug_ranges  0x00000000000007d0       0x58 ./Middlewares/ST/STM32_USB_Device_Library/Class/HID/Src/usbd_hid.o
 .debug_ranges  0x0000000000000828       0xc8 ./Middlewares/ST/STM32_USB_Device_Library/Core/Src/usbd_core.o
 .debug_ranges  0x00000000000008f0       0x80 ./Middlewares/ST/STM32_USB_Device_Library/Core/Src/usbd_ctlreq.o
 .debug_ranges  0x0000000000000970       0x40 ./Middlewares/ST/STM32_USB_Device_Library/Core/Src/usbd_ioreq.o
 .debug_ranges  0x00000000000009b0       0x10 ./USB_DEVICE/App/usb_device.o
 .debug_ranges  0x00000000000009c0       0x50 ./USB_DEVICE/App/usbd_desc.o
 .debug_ranges  0x0000000000000a10      0x100 ./USB_DEVICE/Target/usbd_conf.o

.debug_macro    0x0000000000000000    0x19ac1
 .debug_macro   0x0000000000000000      0x40c ./Core/Src/keyb_util.o
 .debug_macro   0x000000000000040c      0xa78 ./Core/Src/keyb_util.o
 .debug_macro   0x0000000000000e84       0x10 ./Core/Src/keyb_util.o
 .debug_macro   0x0000000000000e94       0x22 ./Core/Src/keyb_util.o
 .debug_macro   0x0000000000000eb6       0x8e ./Core/Src/keyb_util.o
 .debug_macro   0x0000000000000f44       0x51 ./Core/Src/keyb_util.o
 .debug_macro   0x0000000000000f95      0x103 ./Core/Src/keyb_util.o
 .debug_macro   0x0000000000001098       0x6a ./Core/Src/keyb_util.o
 .debug_macro   0x0000000000001102      0x1df ./Core/Src/keyb_util.o
 .debug_macro   0x00000000000012e1       0x2e ./Core/Src/keyb_util.o
 .debug_macro   0x000000000000130f       0x28 ./Core/Src/keyb_util.o
 .debug_macro   0x0000000000001337       0x1c ./Core/Src/keyb_util.o
 .debug_macro   0x0000000000001353       0x22 ./Core/Src/keyb_util.o
 .debug_macro   0x0000000000001375       0xd9 ./Core/Src/keyb_util.o
 .debug_macro   0x000000000000144e     0x102d ./Core/Src/keyb_util.o
 .debug_macro   0x000000000000247b      0x11f ./Core/Src/keyb_util.o
 .debug_macro   0x000000000000259a     0xb86c ./Core/Src/keyb_util.o
 .debug_macro   0x000000000000de06       0x6d ./Core/Src/keyb_util.o
 .debug_macro   0x000000000000de73      0x29b ./Core/Src/keyb_util.o
 .debug_macro   0x000000000000e10e     0x367e ./Core/Src/keyb_util.o
 .debug_macro   0x000000000001178c      0x174 ./Core/Src/keyb_util.o
 .debug_macro   0x0000000000011900       0x5c ./Core/Src/keyb_util.o
 .debug_macro   0x000000000001195c      0x416 ./Core/Src/keyb_util.o
 .debug_macro   0x0000000000011d72      0x9fe ./Core/Src/keyb_util.o
 .debug_macro   0x0000000000012770      0x115 ./Core/Src/keyb_util.o
 .debug_macro   0x0000000000012885       0xf8 ./Core/Src/keyb_util.o
 .debug_macro   0x000000000001297d       0xa5 ./Core/Src/keyb_util.o
 .debug_macro   0x0000000000012a22      0x15f ./Core/Src/keyb_util.o
 .debug_macro   0x0000000000012b81      0x287 ./Core/Src/keyb_util.o
 .debug_macro   0x0000000000012e08       0x5f ./Core/Src/keyb_util.o
 .debug_macro   0x0000000000012e67      0x236 ./Core/Src/keyb_util.o
 .debug_macro   0x000000000001309d      0x9e1 ./Core/Src/keyb_util.o
 .debug_macro   0x0000000000013a7e      0x38b ./Core/Src/keyb_util.o
 .debug_macro   0x0000000000013e09      0x176 ./Core/Src/keyb_util.o
 .debug_macro   0x0000000000013f7f       0xf9 ./Core/Src/keyb_util.o
 .debug_macro   0x0000000000014078      0x132 ./Core/Src/keyb_util.o
 .debug_macro   0x00000000000141aa      0x23a ./Core/Src/keyb_util.o
 .debug_macro   0x00000000000143e4       0x2e ./Core/Src/keyb_util.o
 .debug_macro   0x0000000000014412      0x11a ./Core/Src/keyb_util.o
 .debug_macro   0x000000000001452c       0x85 ./Core/Src/keyb_util.o
 .debug_macro   0x00000000000145b1       0x89 ./Core/Src/keyb_util.o
 .debug_macro   0x000000000001463a      0x248 ./Core/Src/keyb_util.o
 .debug_macro   0x0000000000014882       0xba ./Core/Src/keyb_util.o
 .debug_macro   0x000000000001493c      0x126 ./Core/Src/keyb_util.o
 .debug_macro   0x0000000000014a62       0x52 ./Core/Src/keyb_util.o
 .debug_macro   0x0000000000014ab4       0x1e ./Core/Src/keyb_util.o
 .debug_macro   0x0000000000014ad2       0x3c ./Core/Src/keyb_util.o
 .debug_macro   0x0000000000014b0e       0x34 ./Core/Src/keyb_util.o
 .debug_macro   0x0000000000014b42       0x16 ./Core/Src/keyb_util.o
 .debug_macro   0x0000000000014b58       0x35 ./Core/Src/keyb_util.o
 .debug_macro   0x0000000000014b8d      0x341 ./Core/Src/keyb_util.o
 .debug_macro   0x0000000000014ece       0x10 ./Core/Src/keyb_util.o
 .debug_macro   0x0000000000014ede       0x16 ./Core/Src/keyb_util.o
 .debug_macro   0x0000000000014ef4       0x43 ./Core/Src/keyb_util.o
 .debug_macro   0x0000000000014f37       0x34 ./Core/Src/keyb_util.o
 .debug_macro   0x0000000000014f6b       0x10 ./Core/Src/keyb_util.o
 .debug_macro   0x0000000000014f7b       0x58 ./Core/Src/keyb_util.o
 .debug_macro   0x0000000000014fd3       0x71 ./Core/Src/keyb_util.o
 .debug_macro   0x0000000000015044       0x1c ./Core/Src/keyb_util.o
 .debug_macro   0x0000000000015060      0x12a ./Core/Src/keyb_util.o
 .debug_macro   0x000000000001518a       0x10 ./Core/Src/keyb_util.o
 .debug_macro   0x000000000001519a       0x1c ./Core/Src/keyb_util.o
 .debug_macro   0x00000000000151b6       0x52 ./Core/Src/keyb_util.o