../Core/Src/keyb_util.h:18:6:checkPins	8	static
../Core/Src/keyb_util.h:49:6:checkLayer	4	static
../Core/Src/keyb_util.h:60:6:setModByte	16	static
../Core/Src/keyb_util.h:74:6:setKeyBytes	16	static
../Core/Src/keyb_util.h:90:6:setReport	32	static
../Core/Src/keyb_util.h:100:6:setHeld	16	static
../Core/Src/keyb_util.h:104:6:setHeldReport	40	static
../Core/Src/keyb_util.h:125:6:scanKeys	8	static
../Core/Src/keyb_util.h:147:6:clearReport	4	static
../Core/Src/layer_util.h:31:6:readStick	24	static
../Core/Src/layer_util.h:49:6:readADCToJoy	24	static
../Core/Src/layer_util.h:58:13:categorizeJoy	32	static
../Core/Src/layer_util.h:98:6:joystickKeyPrint	24	static
../Core/Src/layer_util.h:137:6:testMain	24	static
../Core/Src/layer_util.h:228:5:bitmaskToLayer	16	static
../Core/Src/layer_util.h:310:11:setJoystate	32	static
../Core/Src/main.c:77:5:main	16	static
../Core/Src/main.c:150:6:SystemClock_Config	88	static
../Core/Src/main.c:196:13:MX_ADC1_Init	24	static
../Core/Src/main.c:274:13:MX_DMA_Init	16	static
../Core/Src/main.c:292:13:MX_GPIO_Init	48	static
../Core/Src/main.c:338:6:Error_Handler	4	static,ignoring_inline_asm
